Copyright 1986-2022 Xilinx, Inc. All Rights Reserved. Copyright 2022-2024 Advanced Micro Devices, Inc. All Rights Reserved.
--------------------------------------------------------------------------------------------------------------------------------------------------
| Tool Version      : Vivado v.2024.2 (lin64) Build 5239630 Fri Nov 08 22:34:34 MST 2024
| Date              : Mon Jan 26 17:36:56 2026
| Host              : ip-172-30-0-236 running 64-bit Ubuntu 24.04.1 LTS
| Command           : report_timing_summary -file timing_chirho.rpt
| Design            : searchEngineChirho
| Device            : xcvu9p-flgb2104
| Speed File        : -2  PRODUCTION 1.28 03-30-2022
| Design State      : Routed
| Temperature Grade : I
--------------------------------------------------------------------------------------------------------------------------------------------------

Timing Summary Report

------------------------------------------------------------------------------------------------
| Timer Settings
| --------------
------------------------------------------------------------------------------------------------

  Enable Multi Corner Analysis               :  Yes
  Enable Pessimism Removal                   :  Yes
  Pessimism Removal Resolution               :  Nearest Common Node
  Enable Input Delay Default Clock           :  No
  Enable Preset / Clear Arcs                 :  No
  Disable Flight Delays                      :  No
  Ignore I/O Paths                           :  No
  Timing Early Launch at Borrowing Latches   :  No
  Borrow Time for Max Delay Exceptions       :  Yes
  Merge Timing Exceptions                    :  Yes
  Inter-SLR Compensation                     :  Conservative

  Corner  Analyze    Analyze    
  Name    Max Paths  Min Paths  
  ------  ---------  ---------  
  Slow    Yes        Yes        
  Fast    Yes        Yes        


------------------------------------------------------------------------------------------------
| Report Methodology
| ------------------
------------------------------------------------------------------------------------------------

No report available as report_methodology has not been run prior. Run report_methodology on the current design for the summary of methodology violations.



check_timing report

Table of Contents
-----------------
1. checking no_clock (0)
2. checking constant_clock (0)
3. checking pulse_width_clock (0)
4. checking unconstrained_internal_endpoints (0)
5. checking no_input_delay (0)
6. checking no_output_delay (0)
7. checking multiple_clock (0)
8. checking generated_clocks (0)
9. checking loops (0)
10. checking partial_input_delay (1)
11. checking partial_output_delay (0)
12. checking latch_loops (0)

1. checking no_clock (0)
------------------------
 There are 0 register/latch pins with no clock.


2. checking constant_clock (0)
------------------------------
 There are 0 register/latch pins with constant_clock.


3. checking pulse_width_clock (0)
---------------------------------
 There are 0 register/latch pins which need pulse_width check


4. checking unconstrained_internal_endpoints (0)
------------------------------------------------
 There are 0 pins that are not constrained for maximum delay.

 There are 0 pins that are not constrained for maximum delay due to constant clock.


5. checking no_input_delay (0)
------------------------------
 There are 0 input ports with no input delay specified.

 There are 0 input ports with no input delay but user has a false path constraint.


6. checking no_output_delay (0)
-------------------------------
 There are 0 ports with no output delay specified.

 There are 0 ports with no output delay but user has a false path constraint

 There are 0 ports with no output delay but with a timing clock defined on it or propagating through it


7. checking multiple_clock (0)
------------------------------
 There are 0 register/latch pins with multiple clocks.


8. checking generated_clocks (0)
--------------------------------
 There are 0 generated clocks that are not connected to a clock source.


9. checking loops (0)
---------------------
 There are 0 combinational loops in the design.


10. checking partial_input_delay (1)
------------------------------------
 There is 1 input port with partial input delay specified. (HIGH)


11. checking partial_output_delay (0)
-------------------------------------
 There are 0 ports with partial output delay specified.


12. checking latch_loops (0)
----------------------------
 There are 0 combinational latch loops in the design through latch input



------------------------------------------------------------------------------------------------
| Design Timing Summary
| ---------------------
------------------------------------------------------------------------------------------------

    WNS(ns)      TNS(ns)  TNS Failing Endpoints  TNS Total Endpoints      WHS(ns)      THS(ns)  THS Failing Endpoints  THS Total Endpoints     WPWS(ns)     TPWS(ns)  TPWS Failing Endpoints  TPWS Total Endpoints  
    -------      -------  ---------------------  -------------------      -------      -------  ---------------------  -------------------     --------     --------  ----------------------  --------------------  
      0.461        0.000                      0                20108        0.042        0.000                      0                10311        9.725        0.000                       0                  9798  


All user specified timing constraints are met.


------------------------------------------------------------------------------------------------
| Clock Summary
| -------------
------------------------------------------------------------------------------------------------

Clock  Waveform(ns)       Period(ns)      Frequency(MHz)
-----  ------------       ----------      --------------
clk    {0.000 10.000}     20.000          50.000          


------------------------------------------------------------------------------------------------
| Intra Clock Table
| -----------------
------------------------------------------------------------------------------------------------

Clock             WNS(ns)      TNS(ns)  TNS Failing Endpoints  TNS Total Endpoints      WHS(ns)      THS(ns)  THS Failing Endpoints  THS Total Endpoints     WPWS(ns)     TPWS(ns)  TPWS Failing Endpoints  TPWS Total Endpoints  
-----             -------      -------  ---------------------  -------------------      -------      -------  ---------------------  -------------------     --------     --------  ----------------------  --------------------  
clk                 0.461        0.000                      0                20108        0.042        0.000                      0                10311        9.725        0.000                       0                  9798  


------------------------------------------------------------------------------------------------
| Inter Clock Table
| -----------------
------------------------------------------------------------------------------------------------

From Clock    To Clock          WNS(ns)      TNS(ns)  TNS Failing Endpoints  TNS Total Endpoints      WHS(ns)      THS(ns)  THS Failing Endpoints  THS Total Endpoints  
----------    --------          -------      -------  ---------------------  -------------------      -------      -------  ---------------------  -------------------  


------------------------------------------------------------------------------------------------
| Other Path Groups Table
| -----------------------
------------------------------------------------------------------------------------------------

Path Group    From Clock    To Clock          WNS(ns)      TNS(ns)  TNS Failing Endpoints  TNS Total Endpoints      WHS(ns)      THS(ns)  THS Failing Endpoints  THS Total Endpoints  
----------    ----------    --------          -------      -------  ---------------------  -------------------      -------      -------  ---------------------  -------------------  


------------------------------------------------------------------------------------------------
| Timing Details
| --------------
------------------------------------------------------------------------------------------------


---------------------------------------------------------------------------------------------------
From Clock:  clk
  To Clock:  clk

Setup :            0  Failing Endpoints,  Worst Slack        0.461ns,  Total Violation        0.000ns
Hold  :            0  Failing Endpoints,  Worst Slack        0.042ns,  Total Violation        0.000ns
PW    :            0  Failing Endpoints,  Worst Slack        9.725ns,  Total Violation        0.000ns
---------------------------------------------------------------------------------------------------


Max Delay Paths
--------------------------------------------------------------------------------------
Slack (MET) :             0.461ns  (required time - arrival time)
  Source:                 cmdChirho[64]
                            (input port clocked by clk  {rise@0.000ns fall@10.000ns period=20.000ns})
  Destination:            respChirho[512]
                            (output port clocked by clk  {rise@0.000ns fall@10.000ns period=20.000ns})
  Path Group:             clk
  Path Type:              Max at Slow Process Corner
  Requirement:            20.000ns  (clk rise@20.000ns - clk rise@0.000ns)
  Data Path Delay:        17.504ns  (logic 2.910ns (16.627%)  route 14.594ns (83.373%))
  Logic Levels:           21  (CARRY8=8 IBUFCTRL=1 INBUF=1 LUT1=2 LUT3=1 LUT5=1 LUT6=5 MUXF7=1 OBUF=1)
  Input Delay:            1.000ns
  Output Delay:           1.000ns
  Clock Uncertainty:      0.035ns  ((TSJ^2 + TIJ^2)^1/2 + DJ) / 2 + PE
    Total System Jitter     (TSJ):    0.071ns
    Total Input Jitter      (TIJ):    0.000ns
    Discrete Jitter          (DJ):    0.000ns
    Phase Error              (PE):    0.000ns

    Location             Delay type                Incr(ns)  Path(ns)    Netlist Resource(s)
  -------------------------------------------------------------------    -------------------
                         (clock clk rise edge)        0.000     0.000 r  
                         input delay                  1.000     1.000    
    E16                                               0.000     1.000 r  cmdChirho[64] (IN)
                         net (fo=0)                   0.000     1.000    cmdChirho_IBUF[64]_inst/I
    E16                  INBUF (Prop_INBUF_HPIOB_M_PAD_O)
                                                      0.563     1.563 r  cmdChirho_IBUF[64]_inst/INBUF_INST/O
                         net (fo=1, routed)           0.000     1.563    cmdChirho_IBUF[64]_inst/OUT
    E16                  IBUFCTRL (Prop_IBUFCTRL_HPIOB_M_I_O)
                                                      0.000     1.563 r  cmdChirho_IBUF[64]_inst/IBUFCTRL_INST/O
                         net (fo=977, routed)         4.894     6.457    cmdChirho_IBUF[64]
    SLR Crossing[2->1]   
    SLICE_X76Y497        LUT6 (Prop_C6LUT_SLICEM_I4_O)
                                                      0.145     6.602 f  c$ds_app_arg[3439]_i_5/O
                         net (fo=1, routed)           0.021     6.623    c$ds_app_arg[3439]_i_5_n_0
    SLICE_X76Y497        MUXF7 (Prop_F7MUX_CD_SLICEM_I1_O)
                                                      0.068     6.691 f  c$ds_app_arg_reg[3439]_i_3/O
                         net (fo=36, routed)          0.646     7.337    vecArray_0__0[23]
    SLICE_X84Y525        LUT1 (Prop_H6LUT_SLICEM_I0_O)
                                                      0.039     7.376 r  respChirho_OBUF[471]_inst_i_13/O
                         net (fo=1, routed)           0.015     7.391    respChirho_OBUF[471]_inst_i_13_n_0
    SLICE_X84Y525        CARRY8 (Prop_CARRY8_SLICEM_S[7]_CO[7])
                                                      0.117     7.508 r  respChirho_OBUF[471]_inst_i_8/CO[7]
                         net (fo=1, routed)           0.026     7.534    respChirho_OBUF[471]_inst_i_8_n_0
    SLICE_X84Y526        CARRY8 (Prop_CARRY8_SLICEM_CI_CO[7])
                                                      0.015     7.549 r  respChirho_OBUF[479]_inst_i_8/CO[7]
                         net (fo=1, routed)           0.026     7.575    respChirho_OBUF[479]_inst_i_8_n_0
    SLICE_X84Y527        CARRY8 (Prop_CARRY8_SLICEM_CI_CO[7])
                                                      0.015     7.590 r  respChirho_OBUF[487]_inst_i_8/CO[7]
                         net (fo=1, routed)           0.026     7.616    respChirho_OBUF[487]_inst_i_8_n_0
    SLICE_X84Y528        CARRY8 (Prop_CARRY8_SLICEM_CI_CO[7])
                                                      0.015     7.631 r  respChirho_OBUF[495]_inst_i_8/CO[7]
                         net (fo=1, routed)           0.026     7.657    respChirho_OBUF[495]_inst_i_8_n_0
    SLICE_X84Y529        CARRY8 (Prop_CARRY8_SLICEM_CI_O[3])
                                                      0.082     7.739 f  respChirho_OBUF[503]_inst_i_8/O[3]
                         net (fo=9, routed)           0.773     8.511    ds40[51]
    SLICE_X97Y563        LUT6 (Prop_C6LUT_SLICEM_I1_O)
                                                      0.145     8.656 f  respChirho_OBUF[307]_inst_i_4/O
                         net (fo=1, routed)           0.040     8.696    respChirho_OBUF[307]_inst_i_4_n_0
    SLICE_X97Y563        LUT5 (Prop_A6LUT_SLICEM_I0_O)
                                                      0.090     8.786 f  respChirho_OBUF[307]_inst_i_2/O
                         net (fo=1, routed)           0.378     9.164    respChirho_OBUF[307]_inst_i_2_n_0
    SLICE_X94Y564        LUT6 (Prop_H6LUT_SLICEL_I0_O)
                                                      0.036     9.200 f  respChirho_OBUF[307]_inst_i_1/O
                         net (fo=6, routed)           1.305    10.505    respChirho_OBUF[307]
    SLICE_X68Y466        LUT1 (Prop_C6LUT_SLICEM_I0_O)
                                                      0.098    10.603 r  respChirho_OBUF[512]_inst_i_408/O
                         net (fo=1, routed)           0.021    10.624    respChirho_OBUF[512]_inst_i_408_n_0
    SLICE_X68Y466        CARRY8 (Prop_CARRY8_SLICEM_S[2]_CO[7])
                                                      0.161    10.785 r  respChirho_OBUF[512]_inst_i_185/CO[7]
                         net (fo=1, routed)           0.026    10.811    respChirho_OBUF[512]_inst_i_185_n_0
    SLICE_X68Y467        CARRY8 (Prop_CARRY8_SLICEM_CI_O[4])
                                                      0.086    10.897 f  respChirho_OBUF[512]_inst_i_184/O[4]
                         net (fo=1, routed)           0.311    11.208    map[4].map_out2[61]
    SLICE_X67Y464        LUT6 (Prop_E6LUT_SLICEL_I2_O)
                                                      0.099    11.307 r  respChirho_OBUF[512]_inst_i_51/O
                         net (fo=1, routed)           0.007    11.314    respChirho_OBUF[512]_inst_i_51_n_0
    SLICE_X67Y464        CARRY8 (Prop_CARRY8_SLICEL_S[4]_CO[5])
                                                      0.099    11.413 r  respChirho_OBUF[512]_inst_i_9/CO[5]
                         net (fo=1, routed)           0.375    11.788    map[4].map_out0
    SLICE_X69Y487        LUT6 (Prop_E6LUT_SLICEL_I4_O)
                                                      0.099    11.887 r  respChirho_OBUF[512]_inst_i_2/O
                         net (fo=1, routed)           1.999    13.886    respChirho_OBUF[512]_inst_i_2_n_0
    SLR Crossing[1->0]   
    SLICE_X77Y298        LUT3 (Prop_H6LUT_SLICEL_I0_O)
                                                      0.036    13.922 r  respChirho_OBUF[512]_inst_i_1/O
                         net (fo=1, routed)           3.679    17.601    respChirho_OBUF[512]
    BC33                 OBUF (Prop_OUTBUF_HPIOB_SNGL_I_O)
                                                      0.903    18.504 r  respChirho_OBUF[512]_inst/O
                         net (fo=0)                   0.000    18.504    respChirho[512]
    BC33                                                              r  respChirho[512] (OUT)
  -------------------------------------------------------------------    -------------------

                         (clock clk rise edge)       20.000    20.000 r  
                         clock pessimism              0.000    20.000    
                         clock uncertainty           -0.035    19.965    
                         output delay                -1.000    18.965    
  -------------------------------------------------------------------
                         required time                         18.965    
                         arrival time                         -18.504    
  -------------------------------------------------------------------
                         slack                                  0.461    





Min Delay Paths
--------------------------------------------------------------------------------------
Slack (MET) :             0.042ns  (arrival time - required time)
  Source:                 c$ds_app_arg_reg[2076]/C
                            (rising edge-triggered cell FDRE clocked by clk  {rise@0.000ns fall@10.000ns period=20.000ns})
  Destination:            c$ds_app_arg_reg[2076]/D
                            (rising edge-triggered cell FDRE clocked by clk  {rise@0.000ns fall@10.000ns period=20.000ns})
  Path Group:             clk
  Path Type:              Hold (Min at Fast Process Corner)
  Requirement:            0.000ns  (clk rise@0.000ns - clk rise@0.000ns)
  Data Path Delay:        0.094ns  (logic 0.054ns (57.540%)  route 0.040ns (42.460%))
  Logic Levels:           1  (LUT6=1)
  Clock Path Skew:        0.006ns (DCD - SCD - CPR)
    Destination Clock Delay (DCD):    2.206ns
    Source Clock Delay      (SCD):    1.815ns
    Clock Pessimism Removal (CPR):    0.384ns
  Clock Net Delay (Source):      1.334ns (routing 0.669ns, distribution 0.665ns)
  Clock Net Delay (Destination): 1.498ns (routing 0.741ns, distribution 0.757ns)

    Location             Delay type                Incr(ns)  Path(ns)    Netlist Resource(s)
  -------------------------------------------------------------------    -------------------
                         (clock clk rise edge)        0.000     0.000 r  
    BA9                                               0.000     0.000 r  clk (IN)
                         net (fo=0)                   0.000     0.000    clk_IBUF_inst/I
    BA9                  INBUF (Prop_INBUF_HPIOB_M_PAD_O)
                                                      0.320     0.320 r  clk_IBUF_inst/INBUF_INST/O
                         net (fo=1, routed)           0.000     0.320    clk_IBUF_inst/OUT
    BA9                  IBUFCTRL (Prop_IBUFCTRL_HPIOB_M_I_O)
                                                      0.000     0.320 r  clk_IBUF_inst/IBUFCTRL_INST/O
                         net (fo=1, routed)           0.144     0.464    clk_IBUF
    BUFGCE_X1Y216        BUFGCE (Prop_BUFCE_BUFGCE_I_O)
                                                      0.017     0.481 r  clk_IBUF_BUFG_inst/O
    X2Y8 (CLOCK_ROOT)    net (fo=9797, routed)        1.334     1.815    clk_IBUF_BUFG
    SLICE_X98Y471        FDRE                                         r  c$ds_app_arg_reg[2076]/C
  -------------------------------------------------------------------    -------------------
    SLICE_X98Y471        FDRE (Prop_BFF_SLICEL_C_Q)
                                                      0.039     1.854 r  c$ds_app_arg_reg[2076]/Q
                         net (fo=3, routed)           0.025     1.879    vecArray[12][332]
    SLICE_X98Y471        LUT6 (Prop_B6LUT_SLICEL_I5_O)
                                                      0.015     1.894 r  c$ds_app_arg[2076]_i_1/O
                         net (fo=1, routed)           0.015     1.909    stChirho'[2076]
    SLICE_X98Y471        FDRE                                         r  c$ds_app_arg_reg[2076]/D
  -------------------------------------------------------------------    -------------------

                         (clock clk rise edge)        0.000     0.000 r  
    BA9                                               0.000     0.000 r  clk (IN)
                         net (fo=0)                   0.000     0.000    clk_IBUF_inst/I
    BA9                  INBUF (Prop_INBUF_HPIOB_M_PAD_O)
                                                      0.507     0.507 r  clk_IBUF_inst/INBUF_INST/O
                         net (fo=1, routed)           0.000     0.507    clk_IBUF_inst/OUT
    BA9                  IBUFCTRL (Prop_IBUFCTRL_HPIOB_M_I_O)
                                                      0.000     0.507 r  clk_IBUF_inst/IBUFCTRL_INST/O
                         net (fo=1, routed)           0.181     0.688    clk_IBUF
    BUFGCE_X1Y216        BUFGCE (Prop_BUFCE_BUFGCE_I_O)
                                                      0.019     0.707 r  clk_IBUF_BUFG_inst/O
    X2Y8 (CLOCK_ROOT)    net (fo=9797, routed)        1.498     2.206    clk_IBUF_BUFG
    SLICE_X98Y471        FDRE                                         r  c$ds_app_arg_reg[2076]/C
                         clock pessimism             -0.384     1.821    
    SLICE_X98Y471        FDRE (Hold_BFF_SLICEL_C_D)
                                                      0.046     1.867    c$ds_app_arg_reg[2076]
  -------------------------------------------------------------------
                         required time                         -1.867    
                         arrival time                           1.909    
  -------------------------------------------------------------------
                         slack                                  0.042    





Pulse Width Checks
--------------------------------------------------------------------------------------
Clock Name:         clk
Waveform(ns):       { 0.000 10.000 }
Period(ns):         20.000
Sources:            { clk }

Check Type        Corner  Lib Pin   Reference Pin  Required(ns)  Actual(ns)  Slack(ns)  Location       Pin
Min Period        n/a     BUFGCE/I  n/a            1.290         20.000      18.710     BUFGCE_X1Y216  clk_IBUF_BUFG_inst/I
Low Pulse Width   Slow    FDCE/C    n/a            0.275         10.000      9.725      SLICE_X77Y541  c$ds_app_arg_reg[0]/C
High Pulse Width  Slow    FDCE/C    n/a            0.275         10.000      9.725      SLICE_X77Y541  c$ds_app_arg_reg[0]/C



