Copyright 1986-2022 Xilinx, Inc. All Rights Reserved. Copyright 2022-2024 Advanced Micro Devices, Inc. All Rights Reserved.
--------------------------------------------------------------------------------------------------------------------------------------------------
| Tool Version      : Vivado v.2024.2 (lin64) Build 5239630 Fri Nov 08 22:34:34 MST 2024
| Date              : Mon Jan 26 17:36:56 2026
| Host              : ip-172-30-0-236 running 64-bit Ubuntu 24.04.1 LTS
| Command           : report_timing -max_paths 20 -file timing_paths_chirho.rpt
| Design            : searchEngineChirho
| Device            : xcvu9p-flgb2104
| Speed File        : -2  PRODUCTION 1.28 03-30-2022
| Design State      : Routed
| Temperature Grade : I
--------------------------------------------------------------------------------------------------------------------------------------------------

Timing Report

Slack (MET) :             0.461ns  (required time - arrival time)
  Source:                 cmdChirho[64]
                            (input port clocked by clk  {rise@0.000ns fall@10.000ns period=20.000ns})
  Destination:            respChirho[512]
                            (output port clocked by clk  {rise@0.000ns fall@10.000ns period=20.000ns})
  Path Group:             clk
  Path Type:              Max at Slow Process Corner
  Requirement:            20.000ns  (clk rise@20.000ns - clk rise@0.000ns)
  Data Path Delay:        17.504ns  (logic 2.910ns (16.627%)  route 14.594ns (83.373%))
  Logic Levels:           21  (CARRY8=8 IBUFCTRL=1 INBUF=1 LUT1=2 LUT3=1 LUT5=1 LUT6=5 MUXF7=1 OBUF=1)
  Input Delay:            1.000ns
  Output Delay:           1.000ns
  Clock Uncertainty:      0.035ns  ((TSJ^2 + TIJ^2)^1/2 + DJ) / 2 + PE
    Total System Jitter     (TSJ):    0.071ns
    Total Input Jitter      (TIJ):    0.000ns
    Discrete Jitter          (DJ):    0.000ns
    Phase Error              (PE):    0.000ns

    Location             Delay type                Incr(ns)  Path(ns)    Netlist Resource(s)
  -------------------------------------------------------------------    -------------------
                         (clock clk rise edge)        0.000     0.000 r  
                         input delay                  1.000     1.000    
    E16                                               0.000     1.000 r  cmdChirho[64] (IN)
                         net (fo=0)                   0.000     1.000    cmdChirho_IBUF[64]_inst/I
    E16                  INBUF (Prop_INBUF_HPIOB_M_PAD_O)
                                                      0.563     1.563 r  cmdChirho_IBUF[64]_inst/INBUF_INST/O
                         net (fo=1, routed)           0.000     1.563    cmdChirho_IBUF[64]_inst/OUT
    E16                  IBUFCTRL (Prop_IBUFCTRL_HPIOB_M_I_O)
                                                      0.000     1.563 r  cmdChirho_IBUF[64]_inst/IBUFCTRL_INST/O
                         net (fo=977, routed)         4.894     6.457    cmdChirho_IBUF[64]
    SLR Crossing[2->1]   
    SLICE_X76Y497        LUT6 (Prop_C6LUT_SLICEM_I4_O)
                                                      0.145     6.602 f  c$ds_app_arg[3439]_i_5/O
                         net (fo=1, routed)           0.021     6.623    c$ds_app_arg[3439]_i_5_n_0
    SLICE_X76Y497        MUXF7 (Prop_F7MUX_CD_SLICEM_I1_O)
                                                      0.068     6.691 f  c$ds_app_arg_reg[3439]_i_3/O
                         net (fo=36, routed)          0.646     7.337    vecArray_0__0[23]
    SLICE_X84Y525        LUT1 (Prop_H6LUT_SLICEM_I0_O)
                                                      0.039     7.376 r  respChirho_OBUF[471]_inst_i_13/O
                         net (fo=1, routed)           0.015     7.391    respChirho_OBUF[471]_inst_i_13_n_0
    SLICE_X84Y525        CARRY8 (Prop_CARRY8_SLICEM_S[7]_CO[7])
                                                      0.117     7.508 r  respChirho_OBUF[471]_inst_i_8/CO[7]
                         net (fo=1, routed)           0.026     7.534    respChirho_OBUF[471]_inst_i_8_n_0
    SLICE_X84Y526        CARRY8 (Prop_CARRY8_SLICEM_CI_CO[7])
                                                      0.015     7.549 r  respChirho_OBUF[479]_inst_i_8/CO[7]
                         net (fo=1, routed)           0.026     7.575    respChirho_OBUF[479]_inst_i_8_n_0
    SLICE_X84Y527        CARRY8 (Prop_CARRY8_SLICEM_CI_CO[7])
                                                      0.015     7.590 r  respChirho_OBUF[487]_inst_i_8/CO[7]
                         net (fo=1, routed)           0.026     7.616    respChirho_OBUF[487]_inst_i_8_n_0
    SLICE_X84Y528        CARRY8 (Prop_CARRY8_SLICEM_CI_CO[7])
                                                      0.015     7.631 r  respChirho_OBUF[495]_inst_i_8/CO[7]
                         net (fo=1, routed)           0.026     7.657    respChirho_OBUF[495]_inst_i_8_n_0
    SLICE_X84Y529        CARRY8 (Prop_CARRY8_SLICEM_CI_O[3])
                                                      0.082     7.739 f  respChirho_OBUF[503]_inst_i_8/O[3]
                         net (fo=9, routed)           0.773     8.511    ds40[51]
    SLICE_X97Y563        LUT6 (Prop_C6LUT_SLICEM_I1_O)
                                                      0.145     8.656 f  respChirho_OBUF[307]_inst_i_4/O
                         net (fo=1, routed)           0.040     8.696    respChirho_OBUF[307]_inst_i_4_n_0
    SLICE_X97Y563        LUT5 (Prop_A6LUT_SLICEM_I0_O)
                                                      0.090     8.786 f  respChirho_OBUF[307]_inst_i_2/O
                         net (fo=1, routed)           0.378     9.164    respChirho_OBUF[307]_inst_i_2_n_0
    SLICE_X94Y564        LUT6 (Prop_H6LUT_SLICEL_I0_O)
                                                      0.036     9.200 f  respChirho_OBUF[307]_inst_i_1/O
                         net (fo=6, routed)           1.305    10.505    respChirho_OBUF[307]
    SLICE_X68Y466        LUT1 (Prop_C6LUT_SLICEM_I0_O)
                                                      0.098    10.603 r  respChirho_OBUF[512]_inst_i_408/O
                         net (fo=1, routed)           0.021    10.624    respChirho_OBUF[512]_inst_i_408_n_0
    SLICE_X68Y466        CARRY8 (Prop_CARRY8_SLICEM_S[2]_CO[7])
                                                      0.161    10.785 r  respChirho_OBUF[512]_inst_i_185/CO[7]
                         net (fo=1, routed)           0.026    10.811    respChirho_OBUF[512]_inst_i_185_n_0
    SLICE_X68Y467        CARRY8 (Prop_CARRY8_SLICEM_CI_O[4])
                                                      0.086    10.897 f  respChirho_OBUF[512]_inst_i_184/O[4]
                         net (fo=1, routed)           0.311    11.208    map[4].map_out2[61]
    SLICE_X67Y464        LUT6 (Prop_E6LUT_SLICEL_I2_O)
                                                      0.099    11.307 r  respChirho_OBUF[512]_inst_i_51/O
                         net (fo=1, routed)           0.007    11.314    respChirho_OBUF[512]_inst_i_51_n_0
    SLICE_X67Y464        CARRY8 (Prop_CARRY8_SLICEL_S[4]_CO[5])
                                                      0.099    11.413 r  respChirho_OBUF[512]_inst_i_9/CO[5]
                         net (fo=1, routed)           0.375    11.788    map[4].map_out0
    SLICE_X69Y487        LUT6 (Prop_E6LUT_SLICEL_I4_O)
                                                      0.099    11.887 r  respChirho_OBUF[512]_inst_i_2/O
                         net (fo=1, routed)           1.999    13.886    respChirho_OBUF[512]_inst_i_2_n_0
    SLR Crossing[1->0]   
    SLICE_X77Y298        LUT3 (Prop_H6LUT_SLICEL_I0_O)
                                                      0.036    13.922 r  respChirho_OBUF[512]_inst_i_1/O
                         net (fo=1, routed)           3.679    17.601    respChirho_OBUF[512]
    BC33                 OBUF (Prop_OUTBUF_HPIOB_SNGL_I_O)
                                                      0.903    18.504 r  respChirho_OBUF[512]_inst/O
                         net (fo=0)                   0.000    18.504    respChirho[512]
    BC33                                                              r  respChirho[512] (OUT)
  -------------------------------------------------------------------    -------------------

                         (clock clk rise edge)       20.000    20.000 r  
                         clock pessimism              0.000    20.000    
                         clock uncertainty           -0.035    19.965    
                         output delay                -1.000    18.965    
  -------------------------------------------------------------------
                         required time                         18.965    
                         arrival time                         -18.504    
  -------------------------------------------------------------------
                         slack                                  0.461    

Slack (MET) :             2.551ns  (required time - arrival time)
  Source:                 cmdChirho[64]
                            (input port clocked by clk  {rise@0.000ns fall@10.000ns period=20.000ns})
  Destination:            respChirho[502]
                            (output port clocked by clk  {rise@0.000ns fall@10.000ns period=20.000ns})
  Path Group:             clk
  Path Type:              Max at Slow Process Corner
  Requirement:            20.000ns  (clk rise@20.000ns - clk rise@0.000ns)
  Data Path Delay:        15.414ns  (logic 2.251ns (14.601%)  route 13.163ns (85.399%))
  Logic Levels:           14  (CARRY8=5 IBUFCTRL=1 INBUF=1 LUT1=1 LUT4=1 LUT5=1 LUT6=2 MUXF7=1 OBUF=1)
  Input Delay:            1.000ns
  Output Delay:           1.000ns
  Clock Uncertainty:      0.035ns  ((TSJ^2 + TIJ^2)^1/2 + DJ) / 2 + PE
    Total System Jitter     (TSJ):    0.071ns
    Total Input Jitter      (TIJ):    0.000ns
    Discrete Jitter          (DJ):    0.000ns
    Phase Error              (PE):    0.000ns

    Location             Delay type                Incr(ns)  Path(ns)    Netlist Resource(s)
  -------------------------------------------------------------------    -------------------
                         (clock clk rise edge)        0.000     0.000 r  
                         input delay                  1.000     1.000    
    E16                                               0.000     1.000 r  cmdChirho[64] (IN)
                         net (fo=0)                   0.000     1.000    cmdChirho_IBUF[64]_inst/I
    E16                  INBUF (Prop_INBUF_HPIOB_M_PAD_O)
                                                      0.563     1.563 r  cmdChirho_IBUF[64]_inst/INBUF_INST/O
                         net (fo=1, routed)           0.000     1.563    cmdChirho_IBUF[64]_inst/OUT
    E16                  IBUFCTRL (Prop_IBUFCTRL_HPIOB_M_I_O)
                                                      0.000     1.563 r  cmdChirho_IBUF[64]_inst/IBUFCTRL_INST/O
                         net (fo=977, routed)         4.894     6.457    cmdChirho_IBUF[64]
    SLR Crossing[2->1]   
    SLICE_X76Y497        LUT6 (Prop_C6LUT_SLICEM_I4_O)
                                                      0.145     6.602 f  c$ds_app_arg[3439]_i_5/O
                         net (fo=1, routed)           0.021     6.623    c$ds_app_arg[3439]_i_5_n_0
    SLICE_X76Y497        MUXF7 (Prop_F7MUX_CD_SLICEM_I1_O)
                                                      0.068     6.691 f  c$ds_app_arg_reg[3439]_i_3/O
                         net (fo=36, routed)          0.646     7.337    vecArray_0__0[23]
    SLICE_X84Y525        LUT1 (Prop_H6LUT_SLICEM_I0_O)
                                                      0.039     7.376 r  respChirho_OBUF[471]_inst_i_13/O
                         net (fo=1, routed)           0.015     7.391    respChirho_OBUF[471]_inst_i_13_n_0
    SLICE_X84Y525        CARRY8 (Prop_CARRY8_SLICEM_S[7]_CO[7])
                                                      0.117     7.508 r  respChirho_OBUF[471]_inst_i_8/CO[7]
                         net (fo=1, routed)           0.026     7.534    respChirho_OBUF[471]_inst_i_8_n_0
    SLICE_X84Y526        CARRY8 (Prop_CARRY8_SLICEM_CI_CO[7])
                                                      0.015     7.549 r  respChirho_OBUF[479]_inst_i_8/CO[7]
                         net (fo=1, routed)           0.026     7.575    respChirho_OBUF[479]_inst_i_8_n_0
    SLICE_X84Y527        CARRY8 (Prop_CARRY8_SLICEM_CI_CO[7])
                                                      0.015     7.590 r  respChirho_OBUF[487]_inst_i_8/CO[7]
                         net (fo=1, routed)           0.026     7.616    respChirho_OBUF[487]_inst_i_8_n_0
    SLICE_X84Y528        CARRY8 (Prop_CARRY8_SLICEM_CI_CO[7])
                                                      0.015     7.631 r  respChirho_OBUF[495]_inst_i_8/CO[7]
                         net (fo=1, routed)           0.026     7.657    respChirho_OBUF[495]_inst_i_8_n_0
    SLICE_X84Y529        CARRY8 (Prop_CARRY8_SLICEM_CI_O[6])
                                                      0.103     7.760 r  respChirho_OBUF[503]_inst_i_8/O[6]
                         net (fo=9, routed)           0.607     8.367    ds40[54]
    SLICE_X84Y567        LUT4 (Prop_A6LUT_SLICEM_I1_O)
                                                      0.053     8.420 r  respChirho_OBUF[502]_inst_i_4/O
                         net (fo=1, routed)           0.061     8.481    respChirho_OBUF[502]_inst_i_4_n_0
    SLICE_X84Y567        LUT5 (Prop_F6LUT_SLICEM_I0_O)
                                                      0.148     8.629 r  respChirho_OBUF[502]_inst_i_2/O
                         net (fo=1, routed)           0.304     8.933    respChirho_OBUF[502]_inst_i_2_n_0
    SLICE_X76Y567        LUT6 (Prop_H6LUT_SLICEM_I0_O)
                                                      0.053     8.986 r  respChirho_OBUF[502]_inst_i_1/O
                         net (fo=6, routed)           6.511    15.497    respChirho_OBUF[502]
    SLR Crossing[1->0]   
    BD30                 OBUF (Prop_OUTBUF_HPIOB_M_I_O)
                                                      0.917    16.414 r  respChirho_OBUF[502]_inst/O
                         net (fo=0)                   0.000    16.414    respChirho[502]
    BD30                                                              r  respChirho[502] (OUT)
  -------------------------------------------------------------------    -------------------

                         (clock clk rise edge)       20.000    20.000 r  
                         clock pessimism              0.000    20.000    
                         clock uncertainty           -0.035    19.965    
                         output delay                -1.000    18.965    
  -------------------------------------------------------------------
                         required time                         18.965    
                         arrival time                         -16.414    
  -------------------------------------------------------------------
                         slack                                  2.551    

Slack (MET) :             2.604ns  (required time - arrival time)
  Source:                 enChirho
                            (input port clocked by clk  {rise@0.000ns fall@10.000ns period=20.000ns})
  Destination:            c$ds_app_arg_reg[5042]/CE
                            (rising edge-triggered cell FDRE clocked by clk  {rise@0.000ns fall@10.000ns period=20.000ns})
  Path Group:             clk
  Path Type:              Setup (Max at Slow Process Corner)
  Requirement:            10.000ns  (MaxDelay Path 10.000ns)
  Data Path Delay:        6.336ns  (logic 0.688ns (10.851%)  route 5.649ns (89.149%))
  Logic Levels:           2  (IBUFCTRL=1 INBUF=1)
  Input Delay:            1.000ns
  Timing Exception:       MaxDelay Path 10.000ns -datapath_only

    Location             Delay type                Incr(ns)  Path(ns)    Netlist Resource(s)
  -------------------------------------------------------------------    -------------------
                         input delay                  1.000     1.000    
    BA8                                               0.000     1.000 r  enChirho (IN)
                         net (fo=0)                   0.000     1.000    enChirho_IBUF_inst/I
    BA8                  INBUF (Prop_INBUF_HPIOB_S_PAD_O)
                                                      0.688     1.688 r  enChirho_IBUF_inst/INBUF_INST/O
                         net (fo=1, routed)           0.000     1.688    enChirho_IBUF_inst/OUT
    BA8                  IBUFCTRL (Prop_IBUFCTRL_HPIOB_S_I_O)
                                                      0.000     1.688 r  enChirho_IBUF_inst/IBUFCTRL_INST/O
                         net (fo=9797, routed)        5.649     7.336    enChirho_IBUF
    SLICE_X67Y465        FDRE                                         r  c$ds_app_arg_reg[5042]/CE
  -------------------------------------------------------------------    -------------------

                         max delay                   10.000    10.000    
    SLICE_X67Y465        FDRE (Setup_HFF_SLICEL_C_CE)
                                                     -0.060     9.940    c$ds_app_arg_reg[5042]
  -------------------------------------------------------------------
                         required time                          9.940    
                         arrival time                          -7.336    
  -------------------------------------------------------------------
                         slack                                  2.604    

Slack (MET) :             2.604ns  (required time - arrival time)
  Source:                 enChirho
                            (input port clocked by clk  {rise@0.000ns fall@10.000ns period=20.000ns})
  Destination:            c$ds_app_arg_reg[982]/CE
                            (rising edge-triggered cell FDRE clocked by clk  {rise@0.000ns fall@10.000ns period=20.000ns})
  Path Group:             clk
  Path Type:              Setup (Max at Slow Process Corner)
  Requirement:            10.000ns  (MaxDelay Path 10.000ns)
  Data Path Delay:        6.336ns  (logic 0.688ns (10.851%)  route 5.649ns (89.149%))
  Logic Levels:           2  (IBUFCTRL=1 INBUF=1)
  Input Delay:            1.000ns
  Timing Exception:       MaxDelay Path 10.000ns -datapath_only

    Location             Delay type                Incr(ns)  Path(ns)    Netlist Resource(s)
  -------------------------------------------------------------------    -------------------
                         input delay                  1.000     1.000    
    BA8                                               0.000     1.000 r  enChirho (IN)
                         net (fo=0)                   0.000     1.000    enChirho_IBUF_inst/I
    BA8                  INBUF (Prop_INBUF_HPIOB_S_PAD_O)
                                                      0.688     1.688 r  enChirho_IBUF_inst/INBUF_INST/O
                         net (fo=1, routed)           0.000     1.688    enChirho_IBUF_inst/OUT
    BA8                  IBUFCTRL (Prop_IBUFCTRL_HPIOB_S_I_O)
                                                      0.000     1.688 r  enChirho_IBUF_inst/IBUFCTRL_INST/O
                         net (fo=9797, routed)        5.649     7.336    enChirho_IBUF
    SLICE_X67Y465        FDRE                                         r  c$ds_app_arg_reg[982]/CE
  -------------------------------------------------------------------    -------------------

                         max delay                   10.000    10.000    
    SLICE_X67Y465        FDRE (Setup_FFF_SLICEL_C_CE)
                                                     -0.060     9.940    c$ds_app_arg_reg[982]
  -------------------------------------------------------------------
                         required time                          9.940    
                         arrival time                          -7.336    
  -------------------------------------------------------------------
                         slack                                  2.604    

Slack (MET) :             2.655ns  (required time - arrival time)
  Source:                 enChirho
                            (input port clocked by clk  {rise@0.000ns fall@10.000ns period=20.000ns})
  Destination:            c$ds_app_arg_reg[4451]/CE
                            (rising edge-triggered cell FDRE clocked by clk  {rise@0.000ns fall@10.000ns period=20.000ns})
  Path Group:             clk
  Path Type:              Setup (Max at Slow Process Corner)
  Requirement:            10.000ns  (MaxDelay Path 10.000ns)
  Data Path Delay:        6.284ns  (logic 0.688ns (10.941%)  route 5.597ns (89.059%))
  Logic Levels:           2  (IBUFCTRL=1 INBUF=1)
  Input Delay:            1.000ns
  Timing Exception:       MaxDelay Path 10.000ns -datapath_only

    Location             Delay type                Incr(ns)  Path(ns)    Netlist Resource(s)
  -------------------------------------------------------------------    -------------------
                         input delay                  1.000     1.000    
    BA8                                               0.000     1.000 r  enChirho (IN)
                         net (fo=0)                   0.000     1.000    enChirho_IBUF_inst/I
    BA8                  INBUF (Prop_INBUF_HPIOB_S_PAD_O)
                                                      0.688     1.688 r  enChirho_IBUF_inst/INBUF_INST/O
                         net (fo=1, routed)           0.000     1.688    enChirho_IBUF_inst/OUT
    BA8                  IBUFCTRL (Prop_IBUFCTRL_HPIOB_S_I_O)
                                                      0.000     1.688 r  enChirho_IBUF_inst/IBUFCTRL_INST/O
                         net (fo=9797, routed)        5.597     7.284    enChirho_IBUF
    SLICE_X81Y458        FDRE                                         r  c$ds_app_arg_reg[4451]/CE
  -------------------------------------------------------------------    -------------------

                         max delay                   10.000    10.000    
    SLICE_X81Y458        FDRE (Setup_DFF_SLICEM_C_CE)
                                                     -0.061     9.939    c$ds_app_arg_reg[4451]
  -------------------------------------------------------------------
                         required time                          9.939    
                         arrival time                          -7.284    
  -------------------------------------------------------------------
                         slack                                  2.655    

Slack (MET) :             2.655ns  (required time - arrival time)
  Source:                 enChirho
                            (input port clocked by clk  {rise@0.000ns fall@10.000ns period=20.000ns})
  Destination:            c$ds_app_arg_reg[4452]/CE
                            (rising edge-triggered cell FDRE clocked by clk  {rise@0.000ns fall@10.000ns period=20.000ns})
  Path Group:             clk
  Path Type:              Setup (Max at Slow Process Corner)
  Requirement:            10.000ns  (MaxDelay Path 10.000ns)
  Data Path Delay:        6.284ns  (logic 0.688ns (10.941%)  route 5.597ns (89.059%))
  Logic Levels:           2  (IBUFCTRL=1 INBUF=1)
  Input Delay:            1.000ns
  Timing Exception:       MaxDelay Path 10.000ns -datapath_only

    Location             Delay type                Incr(ns)  Path(ns)    Netlist Resource(s)
  -------------------------------------------------------------------    -------------------
                         input delay                  1.000     1.000    
    BA8                                               0.000     1.000 r  enChirho (IN)
                         net (fo=0)                   0.000     1.000    enChirho_IBUF_inst/I
    BA8                  INBUF (Prop_INBUF_HPIOB_S_PAD_O)
                                                      0.688     1.688 r  enChirho_IBUF_inst/INBUF_INST/O
                         net (fo=1, routed)           0.000     1.688    enChirho_IBUF_inst/OUT
    BA8                  IBUFCTRL (Prop_IBUFCTRL_HPIOB_S_I_O)
                                                      0.000     1.688 r  enChirho_IBUF_inst/IBUFCTRL_INST/O
                         net (fo=9797, routed)        5.597     7.284    enChirho_IBUF
    SLICE_X81Y458        FDRE                                         r  c$ds_app_arg_reg[4452]/CE
  -------------------------------------------------------------------    -------------------

                         max delay                   10.000    10.000    
    SLICE_X81Y458        FDRE (Setup_BFF_SLICEM_C_CE)
                                                     -0.061     9.939    c$ds_app_arg_reg[4452]
  -------------------------------------------------------------------
                         required time                          9.939    
                         arrival time                          -7.284    
  -------------------------------------------------------------------
                         slack                                  2.655    

Slack (MET) :             2.661ns  (required time - arrival time)
  Source:                 enChirho
                            (input port clocked by clk  {rise@0.000ns fall@10.000ns period=20.000ns})
  Destination:            c$ds_app_arg_reg[1430]/CE
                            (rising edge-triggered cell FDRE clocked by clk  {rise@0.000ns fall@10.000ns period=20.000ns})
  Path Group:             clk
  Path Type:              Setup (Max at Slow Process Corner)
  Requirement:            10.000ns  (MaxDelay Path 10.000ns)
  Data Path Delay:        6.279ns  (logic 0.688ns (10.950%)  route 5.592ns (89.050%))
  Logic Levels:           2  (IBUFCTRL=1 INBUF=1)
  Input Delay:            1.000ns
  Timing Exception:       MaxDelay Path 10.000ns -datapath_only

    Location             Delay type                Incr(ns)  Path(ns)    Netlist Resource(s)
  -------------------------------------------------------------------    -------------------
                         input delay                  1.000     1.000    
    BA8                                               0.000     1.000 r  enChirho (IN)
                         net (fo=0)                   0.000     1.000    enChirho_IBUF_inst/I
    BA8                  INBUF (Prop_INBUF_HPIOB_S_PAD_O)
                                                      0.688     1.688 r  enChirho_IBUF_inst/INBUF_INST/O
                         net (fo=1, routed)           0.000     1.688    enChirho_IBUF_inst/OUT
    BA8                  IBUFCTRL (Prop_IBUFCTRL_HPIOB_S_I_O)
                                                      0.000     1.688 r  enChirho_IBUF_inst/IBUFCTRL_INST/O
                         net (fo=9797, routed)        5.592     7.279    enChirho_IBUF
    SLICE_X82Y458        FDRE                                         r  c$ds_app_arg_reg[1430]/CE
  -------------------------------------------------------------------    -------------------

                         max delay                   10.000    10.000    
    SLICE_X82Y458        FDRE (Setup_DFF_SLICEL_C_CE)
                                                     -0.060     9.940    c$ds_app_arg_reg[1430]
  -------------------------------------------------------------------
                         required time                          9.940    
                         arrival time                          -7.279    
  -------------------------------------------------------------------
                         slack                                  2.661    

Slack (MET) :             2.661ns  (required time - arrival time)
  Source:                 enChirho
                            (input port clocked by clk  {rise@0.000ns fall@10.000ns period=20.000ns})
  Destination:            c$ds_app_arg_reg[3170]/CE
                            (rising edge-triggered cell FDRE clocked by clk  {rise@0.000ns fall@10.000ns period=20.000ns})
  Path Group:             clk
  Path Type:              Setup (Max at Slow Process Corner)
  Requirement:            10.000ns  (MaxDelay Path 10.000ns)
  Data Path Delay:        6.279ns  (logic 0.688ns (10.950%)  route 5.592ns (89.050%))
  Logic Levels:           2  (IBUFCTRL=1 INBUF=1)
  Input Delay:            1.000ns
  Timing Exception:       MaxDelay Path 10.000ns -datapath_only

    Location             Delay type                Incr(ns)  Path(ns)    Netlist Resource(s)
  -------------------------------------------------------------------    -------------------
                         input delay                  1.000     1.000    
    BA8                                               0.000     1.000 r  enChirho (IN)
                         net (fo=0)                   0.000     1.000    enChirho_IBUF_inst/I
    BA8                  INBUF (Prop_INBUF_HPIOB_S_PAD_O)
                                                      0.688     1.688 r  enChirho_IBUF_inst/INBUF_INST/O
                         net (fo=1, routed)           0.000     1.688    enChirho_IBUF_inst/OUT
    BA8                  IBUFCTRL (Prop_IBUFCTRL_HPIOB_S_I_O)
                                                      0.000     1.688 r  enChirho_IBUF_inst/IBUFCTRL_INST/O
                         net (fo=9797, routed)        5.592     7.279    enChirho_IBUF
    SLICE_X82Y458        FDRE                                         r  c$ds_app_arg_reg[3170]/CE
  -------------------------------------------------------------------    -------------------

                         max delay                   10.000    10.000    
    SLICE_X82Y458        FDRE (Setup_BFF_SLICEL_C_CE)
                                                     -0.060     9.940    c$ds_app_arg_reg[3170]
  -------------------------------------------------------------------
                         required time                          9.940    
                         arrival time                          -7.279    
  -------------------------------------------------------------------
                         slack                                  2.661    

Slack (MET) :             2.730ns  (required time - arrival time)
  Source:                 enChirho
                            (input port clocked by clk  {rise@0.000ns fall@10.000ns period=20.000ns})
  Destination:            c$ds_app_arg_reg[4910]/CE
                            (rising edge-triggered cell FDRE clocked by clk  {rise@0.000ns fall@10.000ns period=20.000ns})
  Path Group:             clk
  Path Type:              Setup (Max at Slow Process Corner)
  Requirement:            10.000ns  (MaxDelay Path 10.000ns)
  Data Path Delay:        6.209ns  (logic 0.688ns (11.074%)  route 5.521ns (88.926%))
  Logic Levels:           2  (IBUFCTRL=1 INBUF=1)
  Input Delay:            1.000ns
  Timing Exception:       MaxDelay Path 10.000ns -datapath_only

    Location             Delay type                Incr(ns)  Path(ns)    Netlist Resource(s)
  -------------------------------------------------------------------    -------------------
                         input delay                  1.000     1.000    
    BA8                                               0.000     1.000 r  enChirho (IN)
                         net (fo=0)                   0.000     1.000    enChirho_IBUF_inst/I
    BA8                  INBUF (Prop_INBUF_HPIOB_S_PAD_O)
                                                      0.688     1.688 r  enChirho_IBUF_inst/INBUF_INST/O
                         net (fo=1, routed)           0.000     1.688    enChirho_IBUF_inst/OUT
    BA8                  IBUFCTRL (Prop_IBUFCTRL_HPIOB_S_I_O)
                                                      0.000     1.688 r  enChirho_IBUF_inst/IBUFCTRL_INST/O
                         net (fo=9797, routed)        5.521     7.209    enChirho_IBUF
    SLICE_X84Y459        FDRE                                         r  c$ds_app_arg_reg[4910]/CE
  -------------------------------------------------------------------    -------------------

                         max delay                   10.000    10.000    
    SLICE_X84Y459        FDRE (Setup_DFF_SLICEM_C_CE)
                                                     -0.061     9.939    c$ds_app_arg_reg[4910]
  -------------------------------------------------------------------
                         required time                          9.939    
                         arrival time                          -7.209    
  -------------------------------------------------------------------
                         slack                                  2.730    

Slack (MET) :             2.730ns  (required time - arrival time)
  Source:                 enChirho
                            (input port clocked by clk  {rise@0.000ns fall@10.000ns period=20.000ns})
  Destination:            c$ds_app_arg_reg[850]/CE
                            (rising edge-triggered cell FDRE clocked by clk  {rise@0.000ns fall@10.000ns period=20.000ns})
  Path Group:             clk
  Path Type:              Setup (Max at Slow Process Corner)
  Requirement:            10.000ns  (MaxDelay Path 10.000ns)
  Data Path Delay:        6.209ns  (logic 0.688ns (11.074%)  route 5.521ns (88.926%))
  Logic Levels:           2  (IBUFCTRL=1 INBUF=1)
  Input Delay:            1.000ns
  Timing Exception:       MaxDelay Path 10.000ns -datapath_only

    Location             Delay type                Incr(ns)  Path(ns)    Netlist Resource(s)
  -------------------------------------------------------------------    -------------------
                         input delay                  1.000     1.000    
    BA8                                               0.000     1.000 r  enChirho (IN)
                         net (fo=0)                   0.000     1.000    enChirho_IBUF_inst/I
    BA8                  INBUF (Prop_INBUF_HPIOB_S_PAD_O)
                                                      0.688     1.688 r  enChirho_IBUF_inst/INBUF_INST/O
                         net (fo=1, routed)           0.000     1.688    enChirho_IBUF_inst/OUT
    BA8                  IBUFCTRL (Prop_IBUFCTRL_HPIOB_S_I_O)
                                                      0.000     1.688 r  enChirho_IBUF_inst/IBUFCTRL_INST/O
                         net (fo=9797, routed)        5.521     7.209    enChirho_IBUF
    SLICE_X84Y459        FDRE                                         r  c$ds_app_arg_reg[850]/CE
  -------------------------------------------------------------------    -------------------

                         max delay                   10.000    10.000    
    SLICE_X84Y459        FDRE (Setup_BFF_SLICEM_C_CE)
                                                     -0.061     9.939    c$ds_app_arg_reg[850]
  -------------------------------------------------------------------
                         required time                          9.939    
                         arrival time                          -7.209    
  -------------------------------------------------------------------
                         slack                                  2.730    

Slack (MET) :             2.736ns  (required time - arrival time)
  Source:                 enChirho
                            (input port clocked by clk  {rise@0.000ns fall@10.000ns period=20.000ns})
  Destination:            c$ds_app_arg_reg[7809]/CE
                            (rising edge-triggered cell FDRE clocked by clk  {rise@0.000ns fall@10.000ns period=20.000ns})
  Path Group:             clk
  Path Type:              Setup (Max at Slow Process Corner)
  Requirement:            10.000ns  (MaxDelay Path 10.000ns)
  Data Path Delay:        6.204ns  (logic 0.688ns (11.083%)  route 5.516ns (88.917%))
  Logic Levels:           2  (IBUFCTRL=1 INBUF=1)
  Input Delay:            1.000ns
  Timing Exception:       MaxDelay Path 10.000ns -datapath_only

    Location             Delay type                Incr(ns)  Path(ns)    Netlist Resource(s)
  -------------------------------------------------------------------    -------------------
                         input delay                  1.000     1.000    
    BA8                                               0.000     1.000 r  enChirho (IN)
                         net (fo=0)                   0.000     1.000    enChirho_IBUF_inst/I
    BA8                  INBUF (Prop_INBUF_HPIOB_S_PAD_O)
                                                      0.688     1.688 r  enChirho_IBUF_inst/INBUF_INST/O
                         net (fo=1, routed)           0.000     1.688    enChirho_IBUF_inst/OUT
    BA8                  IBUFCTRL (Prop_IBUFCTRL_HPIOB_S_I_O)
                                                      0.000     1.688 r  enChirho_IBUF_inst/IBUFCTRL_INST/O
                         net (fo=9797, routed)        5.516     7.204    enChirho_IBUF
    SLICE_X85Y459        FDRE                                         r  c$ds_app_arg_reg[7809]/CE
  -------------------------------------------------------------------    -------------------

                         max delay                   10.000    10.000    
    SLICE_X85Y459        FDRE (Setup_DFF_SLICEL_C_CE)
                                                     -0.060     9.940    c$ds_app_arg_reg[7809]
  -------------------------------------------------------------------
                         required time                          9.940    
                         arrival time                          -7.204    
  -------------------------------------------------------------------
                         slack                                  2.736    

Slack (MET) :             2.736ns  (required time - arrival time)
  Source:                 enChirho
                            (input port clocked by clk  {rise@0.000ns fall@10.000ns period=20.000ns})
  Destination:            c$ds_app_arg_reg[7810]/CE
                            (rising edge-triggered cell FDRE clocked by clk  {rise@0.000ns fall@10.000ns period=20.000ns})
  Path Group:             clk
  Path Type:              Setup (Max at Slow Process Corner)
  Requirement:            10.000ns  (MaxDelay Path 10.000ns)
  Data Path Delay:        6.204ns  (logic 0.688ns (11.083%)  route 5.516ns (88.917%))
  Logic Levels:           2  (IBUFCTRL=1 INBUF=1)
  Input Delay:            1.000ns
  Timing Exception:       MaxDelay Path 10.000ns -datapath_only

    Location             Delay type                Incr(ns)  Path(ns)    Netlist Resource(s)
  -------------------------------------------------------------------    -------------------
                         input delay                  1.000     1.000    
    BA8                                               0.000     1.000 r  enChirho (IN)
                         net (fo=0)                   0.000     1.000    enChirho_IBUF_inst/I
    BA8                  INBUF (Prop_INBUF_HPIOB_S_PAD_O)
                                                      0.688     1.688 r  enChirho_IBUF_inst/INBUF_INST/O
                         net (fo=1, routed)           0.000     1.688    enChirho_IBUF_inst/OUT
    BA8                  IBUFCTRL (Prop_IBUFCTRL_HPIOB_S_I_O)
                                                      0.000     1.688 r  enChirho_IBUF_inst/IBUFCTRL_INST/O
                         net (fo=9797, routed)        5.516     7.204    enChirho_IBUF
    SLICE_X85Y459        FDRE                                         r  c$ds_app_arg_reg[7810]/CE
  -------------------------------------------------------------------    -------------------

                         max delay                   10.000    10.000    
    SLICE_X85Y459        FDRE (Setup_BFF_SLICEL_C_CE)
                                                     -0.060     9.940    c$ds_app_arg_reg[7810]
  -------------------------------------------------------------------
                         required time                          9.940    
                         arrival time                          -7.204    
  -------------------------------------------------------------------
                         slack                                  2.736    

Slack (MET) :             2.747ns  (required time - arrival time)
  Source:                 enChirho
                            (input port clocked by clk  {rise@0.000ns fall@10.000ns period=20.000ns})
  Destination:            c$ds_app_arg_reg[1625]/CE
                            (rising edge-triggered cell FDRE clocked by clk  {rise@0.000ns fall@10.000ns period=20.000ns})
  Path Group:             clk
  Path Type:              Setup (Max at Slow Process Corner)
  Requirement:            10.000ns  (MaxDelay Path 10.000ns)
  Data Path Delay:        6.192ns  (logic 0.688ns (11.103%)  route 5.505ns (88.897%))
  Logic Levels:           2  (IBUFCTRL=1 INBUF=1)
  Input Delay:            1.000ns
  Timing Exception:       MaxDelay Path 10.000ns -datapath_only

    Location             Delay type                Incr(ns)  Path(ns)    Netlist Resource(s)
  -------------------------------------------------------------------    -------------------
                         input delay                  1.000     1.000    
    BA8                                               0.000     1.000 r  enChirho (IN)
                         net (fo=0)                   0.000     1.000    enChirho_IBUF_inst/I
    BA8                  INBUF (Prop_INBUF_HPIOB_S_PAD_O)
                                                      0.688     1.688 r  enChirho_IBUF_inst/INBUF_INST/O
                         net (fo=1, routed)           0.000     1.688    enChirho_IBUF_inst/OUT
    BA8                  IBUFCTRL (Prop_IBUFCTRL_HPIOB_S_I_O)
                                                      0.000     1.688 r  enChirho_IBUF_inst/IBUFCTRL_INST/O
                         net (fo=9797, routed)        5.505     7.192    enChirho_IBUF
    SLICE_X70Y470        FDRE                                         r  c$ds_app_arg_reg[1625]/CE
  -------------------------------------------------------------------    -------------------

                         max delay                   10.000    10.000    
    SLICE_X70Y470        FDRE (Setup_HFF_SLICEM_C_CE)
                                                     -0.061     9.939    c$ds_app_arg_reg[1625]
  -------------------------------------------------------------------
                         required time                          9.939    
                         arrival time                          -7.192    
  -------------------------------------------------------------------
                         slack                                  2.747    

Slack (MET) :             2.747ns  (required time - arrival time)
  Source:                 enChirho
                            (input port clocked by clk  {rise@0.000ns fall@10.000ns period=20.000ns})
  Destination:            c$ds_app_arg_reg[3365]/CE
                            (rising edge-triggered cell FDRE clocked by clk  {rise@0.000ns fall@10.000ns period=20.000ns})
  Path Group:             clk
  Path Type:              Setup (Max at Slow Process Corner)
  Requirement:            10.000ns  (MaxDelay Path 10.000ns)
  Data Path Delay:        6.192ns  (logic 0.688ns (11.103%)  route 5.505ns (88.897%))
  Logic Levels:           2  (IBUFCTRL=1 INBUF=1)
  Input Delay:            1.000ns
  Timing Exception:       MaxDelay Path 10.000ns -datapath_only

    Location             Delay type                Incr(ns)  Path(ns)    Netlist Resource(s)
  -------------------------------------------------------------------    -------------------
                         input delay                  1.000     1.000    
    BA8                                               0.000     1.000 r  enChirho (IN)
                         net (fo=0)                   0.000     1.000    enChirho_IBUF_inst/I
    BA8                  INBUF (Prop_INBUF_HPIOB_S_PAD_O)
                                                      0.688     1.688 r  enChirho_IBUF_inst/INBUF_INST/O
                         net (fo=1, routed)           0.000     1.688    enChirho_IBUF_inst/OUT
    BA8                  IBUFCTRL (Prop_IBUFCTRL_HPIOB_S_I_O)
                                                      0.000     1.688 r  enChirho_IBUF_inst/IBUFCTRL_INST/O
                         net (fo=9797, routed)        5.505     7.192    enChirho_IBUF
    SLICE_X70Y470        FDRE                                         r  c$ds_app_arg_reg[3365]/CE
  -------------------------------------------------------------------    -------------------

                         max delay                   10.000    10.000    
    SLICE_X70Y470        FDRE (Setup_FFF_SLICEM_C_CE)
                                                     -0.061     9.939    c$ds_app_arg_reg[3365]
  -------------------------------------------------------------------
                         required time                          9.939    
                         arrival time                          -7.192    
  -------------------------------------------------------------------
                         slack                                  2.747    

Slack (MET) :             2.747ns  (required time - arrival time)
  Source:                 enChirho
                            (input port clocked by clk  {rise@0.000ns fall@10.000ns period=20.000ns})
  Destination:            c$ds_app_arg_reg[465]/CE
                            (rising edge-triggered cell FDRE clocked by clk  {rise@0.000ns fall@10.000ns period=20.000ns})
  Path Group:             clk
  Path Type:              Setup (Max at Slow Process Corner)
  Requirement:            10.000ns  (MaxDelay Path 10.000ns)
  Data Path Delay:        6.192ns  (logic 0.688ns (11.103%)  route 5.505ns (88.897%))
  Logic Levels:           2  (IBUFCTRL=1 INBUF=1)
  Input Delay:            1.000ns
  Timing Exception:       MaxDelay Path 10.000ns -datapath_only

    Location             Delay type                Incr(ns)  Path(ns)    Netlist Resource(s)
  -------------------------------------------------------------------    -------------------
                         input delay                  1.000     1.000    
    BA8                                               0.000     1.000 r  enChirho (IN)
                         net (fo=0)                   0.000     1.000    enChirho_IBUF_inst/I
    BA8                  INBUF (Prop_INBUF_HPIOB_S_PAD_O)
                                                      0.688     1.688 r  enChirho_IBUF_inst/INBUF_INST/O
                         net (fo=1, routed)           0.000     1.688    enChirho_IBUF_inst/OUT
    BA8                  IBUFCTRL (Prop_IBUFCTRL_HPIOB_S_I_O)
                                                      0.000     1.688 r  enChirho_IBUF_inst/IBUFCTRL_INST/O
                         net (fo=9797, routed)        5.505     7.192    enChirho_IBUF
    SLICE_X70Y470        FDRE                                         r  c$ds_app_arg_reg[465]/CE
  -------------------------------------------------------------------    -------------------

                         max delay                   10.000    10.000    
    SLICE_X70Y470        FDRE (Setup_EFF_SLICEM_C_CE)
                                                     -0.061     9.939    c$ds_app_arg_reg[465]
  -------------------------------------------------------------------
                         required time                          9.939    
                         arrival time                          -7.192    
  -------------------------------------------------------------------
                         slack                                  2.747    

Slack (MET) :             2.764ns  (required time - arrival time)
  Source:                 enChirho
                            (input port clocked by clk  {rise@0.000ns fall@10.000ns period=20.000ns})
  Destination:            c$ds_app_arg_reg[2711]/CE
                            (rising edge-triggered cell FDRE clocked by clk  {rise@0.000ns fall@10.000ns period=20.000ns})
  Path Group:             clk
  Path Type:              Setup (Max at Slow Process Corner)
  Requirement:            10.000ns  (MaxDelay Path 10.000ns)
  Data Path Delay:        6.176ns  (logic 0.688ns (11.132%)  route 5.489ns (88.868%))
  Logic Levels:           2  (IBUFCTRL=1 INBUF=1)
  Input Delay:            1.000ns
  Timing Exception:       MaxDelay Path 10.000ns -datapath_only

    Location             Delay type                Incr(ns)  Path(ns)    Netlist Resource(s)
  -------------------------------------------------------------------    -------------------
                         input delay                  1.000     1.000    
    BA8                                               0.000     1.000 r  enChirho (IN)
                         net (fo=0)                   0.000     1.000    enChirho_IBUF_inst/I
    BA8                  INBUF (Prop_INBUF_HPIOB_S_PAD_O)
                                                      0.688     1.688 r  enChirho_IBUF_inst/INBUF_INST/O
                         net (fo=1, routed)           0.000     1.688    enChirho_IBUF_inst/OUT
    BA8                  IBUFCTRL (Prop_IBUFCTRL_HPIOB_S_I_O)
                                                      0.000     1.688 r  enChirho_IBUF_inst/IBUFCTRL_INST/O
                         net (fo=9797, routed)        5.489     7.176    enChirho_IBUF
    SLICE_X82Y461        FDRE                                         r  c$ds_app_arg_reg[2711]/CE
  -------------------------------------------------------------------    -------------------

                         max delay                   10.000    10.000    
    SLICE_X82Y461        FDRE (Setup_DFF_SLICEL_C_CE)
                                                     -0.060     9.940    c$ds_app_arg_reg[2711]
  -------------------------------------------------------------------
                         required time                          9.940    
                         arrival time                          -7.176    
  -------------------------------------------------------------------
                         slack                                  2.764    

Slack (MET) :             2.764ns  (required time - arrival time)
  Source:                 enChirho
                            (input port clocked by clk  {rise@0.000ns fall@10.000ns period=20.000ns})
  Destination:            c$ds_app_arg_reg[7351]/CE
                            (rising edge-triggered cell FDRE clocked by clk  {rise@0.000ns fall@10.000ns period=20.000ns})
  Path Group:             clk
  Path Type:              Setup (Max at Slow Process Corner)
  Requirement:            10.000ns  (MaxDelay Path 10.000ns)
  Data Path Delay:        6.176ns  (logic 0.688ns (11.132%)  route 5.489ns (88.868%))
  Logic Levels:           2  (IBUFCTRL=1 INBUF=1)
  Input Delay:            1.000ns
  Timing Exception:       MaxDelay Path 10.000ns -datapath_only

    Location             Delay type                Incr(ns)  Path(ns)    Netlist Resource(s)
  -------------------------------------------------------------------    -------------------
                         input delay                  1.000     1.000    
    BA8                                               0.000     1.000 r  enChirho (IN)
                         net (fo=0)                   0.000     1.000    enChirho_IBUF_inst/I
    BA8                  INBUF (Prop_INBUF_HPIOB_S_PAD_O)
                                                      0.688     1.688 r  enChirho_IBUF_inst/INBUF_INST/O
                         net (fo=1, routed)           0.000     1.688    enChirho_IBUF_inst/OUT
    BA8                  IBUFCTRL (Prop_IBUFCTRL_HPIOB_S_I_O)
                                                      0.000     1.688 r  enChirho_IBUF_inst/IBUFCTRL_INST/O
                         net (fo=9797, routed)        5.489     7.176    enChirho_IBUF
    SLICE_X82Y461        FDRE                                         r  c$ds_app_arg_reg[7351]/CE
  -------------------------------------------------------------------    -------------------

                         max delay                   10.000    10.000    
    SLICE_X82Y461        FDRE (Setup_BFF_SLICEL_C_CE)
                                                     -0.060     9.940    c$ds_app_arg_reg[7351]
  -------------------------------------------------------------------
                         required time                          9.940    
                         arrival time                          -7.176    
  -------------------------------------------------------------------
                         slack                                  2.764    

Slack (MET) :             2.795ns  (required time - arrival time)
  Source:                 enChirho
                            (input port clocked by clk  {rise@0.000ns fall@10.000ns period=20.000ns})
  Destination:            c$ds_app_arg_reg[1046]/CE
                            (rising edge-triggered cell FDRE clocked by clk  {rise@0.000ns fall@10.000ns period=20.000ns})
  Path Group:             clk
  Path Type:              Setup (Max at Slow Process Corner)
  Requirement:            10.000ns  (MaxDelay Path 10.000ns)
  Data Path Delay:        6.145ns  (logic 0.688ns (11.190%)  route 5.457ns (88.810%))
  Logic Levels:           2  (IBUFCTRL=1 INBUF=1)
  Input Delay:            1.000ns
  Timing Exception:       MaxDelay Path 10.000ns -datapath_only

    Location             Delay type                Incr(ns)  Path(ns)    Netlist Resource(s)
  -------------------------------------------------------------------    -------------------
                         input delay                  1.000     1.000    
    BA8                                               0.000     1.000 r  enChirho (IN)
                         net (fo=0)                   0.000     1.000    enChirho_IBUF_inst/I
    BA8                  INBUF (Prop_INBUF_HPIOB_S_PAD_O)
                                                      0.688     1.688 r  enChirho_IBUF_inst/INBUF_INST/O
                         net (fo=1, routed)           0.000     1.688    enChirho_IBUF_inst/OUT
    BA8                  IBUFCTRL (Prop_IBUFCTRL_HPIOB_S_I_O)
                                                      0.000     1.688 r  enChirho_IBUF_inst/IBUFCTRL_INST/O
                         net (fo=9797, routed)        5.457     7.144    enChirho_IBUF
    SLICE_X69Y472        FDRE                                         r  c$ds_app_arg_reg[1046]/CE
  -------------------------------------------------------------------    -------------------

                         max delay                   10.000    10.000    
    SLICE_X69Y472        FDRE (Setup_HFF_SLICEL_C_CE)
                                                     -0.060     9.940    c$ds_app_arg_reg[1046]
  -------------------------------------------------------------------
                         required time                          9.940    
                         arrival time                          -7.145    
  -------------------------------------------------------------------
                         slack                                  2.795    

Slack (MET) :             2.795ns  (required time - arrival time)
  Source:                 enChirho
                            (input port clocked by clk  {rise@0.000ns fall@10.000ns period=20.000ns})
  Destination:            c$ds_app_arg_reg[5106]/CE
                            (rising edge-triggered cell FDRE clocked by clk  {rise@0.000ns fall@10.000ns period=20.000ns})
  Path Group:             clk
  Path Type:              Setup (Max at Slow Process Corner)
  Requirement:            10.000ns  (MaxDelay Path 10.000ns)
  Data Path Delay:        6.145ns  (logic 0.688ns (11.190%)  route 5.457ns (88.810%))
  Logic Levels:           2  (IBUFCTRL=1 INBUF=1)
  Input Delay:            1.000ns
  Timing Exception:       MaxDelay Path 10.000ns -datapath_only

    Location             Delay type                Incr(ns)  Path(ns)    Netlist Resource(s)
  -------------------------------------------------------------------    -------------------
                         input delay                  1.000     1.000    
    BA8                                               0.000     1.000 r  enChirho (IN)
                         net (fo=0)                   0.000     1.000    enChirho_IBUF_inst/I
    BA8                  INBUF (Prop_INBUF_HPIOB_S_PAD_O)
                                                      0.688     1.688 r  enChirho_IBUF_inst/INBUF_INST/O
                         net (fo=1, routed)           0.000     1.688    enChirho_IBUF_inst/OUT
    BA8                  IBUFCTRL (Prop_IBUFCTRL_HPIOB_S_I_O)
                                                      0.000     1.688 r  enChirho_IBUF_inst/IBUFCTRL_INST/O
                         net (fo=9797, routed)        5.457     7.144    enChirho_IBUF
    SLICE_X69Y472        FDRE                                         r  c$ds_app_arg_reg[5106]/CE
  -------------------------------------------------------------------    -------------------

                         max delay                   10.000    10.000    
    SLICE_X69Y472        FDRE (Setup_FFF_SLICEL_C_CE)
                                                     -0.060     9.940    c$ds_app_arg_reg[5106]
  -------------------------------------------------------------------
                         required time                          9.940    
                         arrival time                          -7.145    
  -------------------------------------------------------------------
                         slack                                  2.795    

Slack (MET) :             2.811ns  (required time - arrival time)
  Source:                 enChirho
                            (input port clocked by clk  {rise@0.000ns fall@10.000ns period=20.000ns})
  Destination:            c$ds_app_arg_reg[6077]/CE
                            (rising edge-triggered cell FDRE clocked by clk  {rise@0.000ns fall@10.000ns period=20.000ns})
  Path Group:             clk
  Path Type:              Setup (Max at Slow Process Corner)
  Requirement:            10.000ns  (MaxDelay Path 10.000ns)
  Data Path Delay:        6.128ns  (logic 0.688ns (11.219%)  route 5.441ns (88.781%))
  Logic Levels:           2  (IBUFCTRL=1 INBUF=1)
  Input Delay:            1.000ns
  Timing Exception:       MaxDelay Path 10.000ns -datapath_only

    Location             Delay type                Incr(ns)  Path(ns)    Netlist Resource(s)
  -------------------------------------------------------------------    -------------------
                         input delay                  1.000     1.000    
    BA8                                               0.000     1.000 r  enChirho (IN)
                         net (fo=0)                   0.000     1.000    enChirho_IBUF_inst/I
    BA8                  INBUF (Prop_INBUF_HPIOB_S_PAD_O)
                                                      0.688     1.688 r  enChirho_IBUF_inst/INBUF_INST/O
                         net (fo=1, routed)           0.000     1.688    enChirho_IBUF_inst/OUT
    BA8                  IBUFCTRL (Prop_IBUFCTRL_HPIOB_S_I_O)
                                                      0.000     1.688 r  enChirho_IBUF_inst/IBUFCTRL_INST/O
                         net (fo=9797, routed)        5.441     7.128    enChirho_IBUF
    SLICE_X64Y467        FDRE                                         r  c$ds_app_arg_reg[6077]/CE
  -------------------------------------------------------------------    -------------------

                         max delay                   10.000    10.000    
    SLICE_X64Y467        FDRE (Setup_HFF_SLICEM_C_CE)
                                                     -0.061     9.939    c$ds_app_arg_reg[6077]
  -------------------------------------------------------------------
                         required time                          9.939    
                         arrival time                          -7.128    
  -------------------------------------------------------------------
                         slack                                  2.811    




