Copyright 1986-2022 Xilinx, Inc. All Rights Reserved. Copyright 2022-2024 Advanced Micro Devices, Inc. All Rights Reserved.
--------------------------------------------------------------------------------------------------------------------------------------------------
| Tool Version      : Vivado v.2024.2 (lin64) Build 5239630 Fri Nov 08 22:34:34 MST 2024
| Date              : Mon Jan 26 11:07:09 2026
| Host              : ip-172-30-0-204 running 64-bit Ubuntu 24.04.1 LTS
| Command           : report_timing_summary -file timing_chirho.rpt
| Design            : searchEngineChirho
| Device            : xcvu9p-flgb2104
| Speed File        : -2  PRODUCTION 1.28 03-30-2022
| Design State      : Routed
| Temperature Grade : I
--------------------------------------------------------------------------------------------------------------------------------------------------

Timing Summary Report

------------------------------------------------------------------------------------------------
| Timer Settings
| --------------
------------------------------------------------------------------------------------------------

  Enable Multi Corner Analysis               :  Yes
  Enable Pessimism Removal                   :  Yes
  Pessimism Removal Resolution               :  Nearest Common Node
  Enable Input Delay Default Clock           :  No
  Enable Preset / Clear Arcs                 :  No
  Disable Flight Delays                      :  No
  Ignore I/O Paths                           :  No
  Timing Early Launch at Borrowing Latches   :  No
  Borrow Time for Max Delay Exceptions       :  Yes
  Merge Timing Exceptions                    :  Yes
  Inter-SLR Compensation                     :  Conservative

  Corner  Analyze    Analyze    
  Name    Max Paths  Min Paths  
  ------  ---------  ---------  
  Slow    Yes        Yes        
  Fast    Yes        Yes        


------------------------------------------------------------------------------------------------
| Report Methodology
| ------------------
------------------------------------------------------------------------------------------------

No report available as report_methodology has not been run prior. Run report_methodology on the current design for the summary of methodology violations.



check_timing report

Table of Contents
-----------------
1. checking no_clock (0)
2. checking constant_clock (0)
3. checking pulse_width_clock (0)
4. checking unconstrained_internal_endpoints (0)
5. checking no_input_delay (0)
6. checking no_output_delay (0)
7. checking multiple_clock (0)
8. checking generated_clocks (0)
9. checking loops (0)
10. checking partial_input_delay (0)
11. checking partial_output_delay (0)
12. checking latch_loops (0)

1. checking no_clock (0)
------------------------
 There are 0 register/latch pins with no clock.


2. checking constant_clock (0)
------------------------------
 There are 0 register/latch pins with constant_clock.


3. checking pulse_width_clock (0)
---------------------------------
 There are 0 register/latch pins which need pulse_width check


4. checking unconstrained_internal_endpoints (0)
------------------------------------------------
 There are 0 pins that are not constrained for maximum delay.

 There are 0 pins that are not constrained for maximum delay due to constant clock.


5. checking no_input_delay (0)
------------------------------
 There are 0 input ports with no input delay specified.

 There are 0 input ports with no input delay but user has a false path constraint.


6. checking no_output_delay (0)
-------------------------------
 There are 0 ports with no output delay specified.

 There are 0 ports with no output delay but user has a false path constraint

 There are 0 ports with no output delay but with a timing clock defined on it or propagating through it


7. checking multiple_clock (0)
------------------------------
 There are 0 register/latch pins with multiple clocks.


8. checking generated_clocks (0)
--------------------------------
 There are 0 generated clocks that are not connected to a clock source.


9. checking loops (0)
---------------------
 There are 0 combinational loops in the design.


10. checking partial_input_delay (0)
------------------------------------
 There are 0 input ports with partial input delay specified.


11. checking partial_output_delay (0)
-------------------------------------
 There are 0 ports with partial output delay specified.


12. checking latch_loops (0)
----------------------------
 There are 0 combinational latch loops in the design through latch input



------------------------------------------------------------------------------------------------
| Design Timing Summary
| ---------------------
------------------------------------------------------------------------------------------------

    WNS(ns)      TNS(ns)  TNS Failing Endpoints  TNS Total Endpoints      WHS(ns)      THS(ns)  THS Failing Endpoints  THS Total Endpoints     WPWS(ns)     TPWS(ns)  TPWS Failing Endpoints  TPWS Total Endpoints  
    -------      -------  ---------------------  -------------------      -------      -------  ---------------------  -------------------     --------     --------  ----------------------  --------------------  
    -15.216   -33229.797                  14819                20194       -1.824    -8538.013                  13533                20194        1.725        0.000                       0                  9841  


Timing constraints are not met.


------------------------------------------------------------------------------------------------
| Clock Summary
| -------------
------------------------------------------------------------------------------------------------

Clock  Waveform(ns)         Period(ns)      Frequency(MHz)
-----  ------------         ----------      --------------
clk    {0.000 2.000}        4.000           250.000         


------------------------------------------------------------------------------------------------
| Intra Clock Table
| -----------------
------------------------------------------------------------------------------------------------

Clock             WNS(ns)      TNS(ns)  TNS Failing Endpoints  TNS Total Endpoints      WHS(ns)      THS(ns)  THS Failing Endpoints  THS Total Endpoints     WPWS(ns)     TPWS(ns)  TPWS Failing Endpoints  TPWS Total Endpoints  
-----             -------      -------  ---------------------  -------------------      -------      -------  ---------------------  -------------------     --------     --------  ----------------------  --------------------  
clk               -15.216   -33229.797                  14819                20194       -1.824    -8538.013                  13533                20194        1.725        0.000                       0                  9841  


------------------------------------------------------------------------------------------------
| Inter Clock Table
| -----------------
------------------------------------------------------------------------------------------------

From Clock    To Clock          WNS(ns)      TNS(ns)  TNS Failing Endpoints  TNS Total Endpoints      WHS(ns)      THS(ns)  THS Failing Endpoints  THS Total Endpoints  
----------    --------          -------      -------  ---------------------  -------------------      -------      -------  ---------------------  -------------------  


------------------------------------------------------------------------------------------------
| Other Path Groups Table
| -----------------------
------------------------------------------------------------------------------------------------

Path Group    From Clock    To Clock          WNS(ns)      TNS(ns)  TNS Failing Endpoints  TNS Total Endpoints      WHS(ns)      THS(ns)  THS Failing Endpoints  THS Total Endpoints  
----------    ----------    --------          -------      -------  ---------------------  -------------------      -------      -------  ---------------------  -------------------  


------------------------------------------------------------------------------------------------
| Timing Details
| --------------
------------------------------------------------------------------------------------------------


---------------------------------------------------------------------------------------------------
From Clock:  clk
  To Clock:  clk

Setup :        14819  Failing Endpoints,  Worst Slack      -15.216ns,  Total Violation   -33229.797ns
Hold  :        13533  Failing Endpoints,  Worst Slack       -1.824ns,  Total Violation    -8538.012ns
PW    :            0  Failing Endpoints,  Worst Slack        1.725ns,  Total Violation        0.000ns
---------------------------------------------------------------------------------------------------


Max Delay Paths
--------------------------------------------------------------------------------------
Slack (VIOLATED) :        -15.216ns  (required time - arrival time)
  Source:                 cmdChirho[65]
                            (input port clocked by clk  {rise@0.000ns fall@2.000ns period=4.000ns})
  Destination:            respChirho[512]
                            (output port clocked by clk  {rise@0.000ns fall@2.000ns period=4.000ns})
  Path Group:             clk
  Path Type:              Max at Slow Process Corner
  Requirement:            4.000ns  (clk rise@4.000ns - clk rise@0.000ns)
  Data Path Delay:        17.180ns  (logic 2.687ns (15.638%)  route 14.494ns (84.362%))
  Logic Levels:           18  (CARRY8=6 IBUFCTRL=1 INBUF=1 LUT1=1 LUT6=6 MUXF7=2 OBUF=1)
  Input Delay:            1.000ns
  Output Delay:           1.000ns
  Clock Uncertainty:      0.035ns  ((TSJ^2 + TIJ^2)^1/2 + DJ) / 2 + PE
    Total System Jitter     (TSJ):    0.071ns
    Total Input Jitter      (TIJ):    0.000ns
    Discrete Jitter          (DJ):    0.000ns
    Phase Error              (PE):    0.000ns

    Location             Delay type                Incr(ns)  Path(ns)    Netlist Resource(s)
  -------------------------------------------------------------------    -------------------
                         (clock clk rise edge)        0.000     0.000 r  
                         input delay                  1.000     1.000    
    D16                                               0.000     1.000 r  cmdChirho[65] (IN)
                         net (fo=0)                   0.000     1.000    cmdChirho_IBUF[65]_inst/I
    D16                  INBUF (Prop_INBUF_HPIOB_S_PAD_O)
                                                      0.565     1.565 r  cmdChirho_IBUF[65]_inst/INBUF_INST/O
                         net (fo=1, routed)           0.000     1.565    cmdChirho_IBUF[65]_inst/OUT
    D16                  IBUFCTRL (Prop_IBUFCTRL_HPIOB_S_I_O)
                                                      0.000     1.565 r  cmdChirho_IBUF[65]_inst/IBUFCTRL_INST/O
                         net (fo=154, routed)         4.094     5.659    cmdChirho_IBUF[65]
    SLR Crossing[2->1]   
    SLICE_X93Y570        LUT6 (Prop_D6LUT_SLICEM_I2_O)
                                                      0.037     5.696 f  c$ds_app_arg[3448]_i_5/O
                         net (fo=4, routed)           0.025     5.721    c$ds_app_arg[3448]_i_5_n_0
    SLICE_X93Y570        MUXF7 (Prop_F7MUX_CD_SLICEM_I0_O)
                                                      0.069     5.790 f  c$ds_app_arg_reg[3448]_i_3/O
                         net (fo=36, routed)          1.081     6.871    vecArray_0__0[32]
    SLICE_X94Y564        LUT1 (Prop_A6LUT_SLICEL_I0_O)
                                                      0.149     7.020 r  respChirho_OBUF[487]_inst_i_23/O
                         net (fo=1, routed)           0.009     7.029    respChirho_OBUF[487]_inst_i_23_n_0
    SLICE_X94Y564        CARRY8 (Prop_CARRY8_SLICEL_S[0]_O[2])
                                                      0.132     7.161 r  respChirho_OBUF[487]_inst_i_9/O[2]
                         net (fo=9, routed)           0.627     7.787    ds40[34]
    SLICE_X92Y567        LUT6 (Prop_A6LUT_SLICEM_I0_O)
                                                      0.125     7.912 r  respChirho_OBUF[482]_inst_i_5/O
                         net (fo=1, routed)           0.011     7.923    respChirho_OBUF[482]_inst_i_5_n_0
    SLICE_X92Y567        MUXF7 (Prop_F7MUX_AB_SLICEM_I1_O)
                                                      0.065     7.988 r  respChirho_OBUF[482]_inst_i_2/O
                         net (fo=2, routed)           0.953     8.941    respChirho_OBUF[482]_inst_i_2_n_0
    SLICE_X91Y565        LUT6 (Prop_E6LUT_SLICEL_I2_O)
                                                      0.035     8.976 r  respChirho_OBUF[482]_inst_i_1/O
                         net (fo=5, routed)           0.974     9.950    respChirho_OBUF[482]
    SLICE_X87Y560        CARRY8 (Prop_CARRY8_SLICEM_DI[1]_CO[7])
                                                      0.120    10.070 r  respChirho_OBUF[512]_inst_i_629/CO[7]
                         net (fo=1, routed)           0.026    10.096    respChirho_OBUF[512]_inst_i_629_n_0
    SLICE_X87Y561        CARRY8 (Prop_CARRY8_SLICEM_CI_CO[7])
                                                      0.015    10.111 r  respChirho_OBUF[512]_inst_i_333/CO[7]
                         net (fo=1, routed)           0.026    10.137    respChirho_OBUF[512]_inst_i_333_n_0
    SLICE_X87Y562        CARRY8 (Prop_CARRY8_SLICEM_CI_CO[7])
                                                      0.015    10.152 r  respChirho_OBUF[512]_inst_i_332/CO[7]
                         net (fo=1, routed)           0.026    10.178    respChirho_OBUF[512]_inst_i_332_n_0
    SLICE_X87Y563        CARRY8 (Prop_CARRY8_SLICEM_CI_O[2])
                                                      0.067    10.245 f  respChirho_OBUF[512]_inst_i_331/O[2]
                         net (fo=1, routed)           0.710    10.955    map[7].map_out2[59]
    SLICE_X86Y559        LUT6 (Prop_D6LUT_SLICEL_I0_O)
                                                      0.122    11.077 r  respChirho_OBUF[512]_inst_i_143/O
                         net (fo=1, routed)           0.009    11.086    respChirho_OBUF[512]_inst_i_143_n_0
    SLICE_X86Y559        CARRY8 (Prop_CARRY8_SLICEL_S[3]_CO[5])
                                                      0.142    11.228 r  respChirho_OBUF[512]_inst_i_33/CO[5]
                         net (fo=1, routed)           0.808    12.036    map[7].map_out0
    SLICE_X61Y529        LUT6 (Prop_D6LUT_SLICEL_I4_O)
                                                      0.036    12.072 r  respChirho_OBUF[512]_inst_i_6/O
                         net (fo=1, routed)           1.813    13.885    respChirho_OBUF[512]_inst_i_6_n_0
    SLICE_X61Y305        LUT6 (Prop_B6LUT_SLICEL_I5_O)
                                                      0.090    13.975 r  respChirho_OBUF[512]_inst_i_1/O
                         net (fo=1, routed)           3.303    17.278    respChirho_OBUF[512]
    SLR Crossing[1->0]   
    BC33                 OBUF (Prop_OUTBUF_HPIOB_SNGL_I_O)
                                                      0.903    18.180 r  respChirho_OBUF[512]_inst/O
                         net (fo=0)                   0.000    18.180    respChirho[512]
    BC33                                                              r  respChirho[512] (OUT)
  -------------------------------------------------------------------    -------------------

                         (clock clk rise edge)        4.000     4.000 r  
                         clock pessimism              0.000     4.000    
                         clock uncertainty           -0.035     3.965    
                         output delay                -1.000     2.965    
  -------------------------------------------------------------------
                         required time                          2.965    
                         arrival time                         -18.180    
  -------------------------------------------------------------------
                         slack                                -15.216    





Min Delay Paths
--------------------------------------------------------------------------------------
Slack (VIOLATED) :        -1.824ns  (arrival time - required time)
  Source:                 enChirho
                            (input port clocked by clk  {rise@0.000ns fall@2.000ns period=4.000ns})
  Destination:            c$ds_app_arg_reg[9377]/CE
                            (rising edge-triggered cell FDPE clocked by clk  {rise@0.000ns fall@2.000ns period=4.000ns})
  Path Group:             clk
  Path Type:              Hold (Min at Slow Process Corner)
  Requirement:            0.000ns  (clk rise@0.000ns - clk rise@0.000ns)
  Data Path Delay:        1.463ns  (logic 0.436ns (29.795%)  route 1.027ns (70.205%))
  Logic Levels:           2  (IBUFCTRL=1 INBUF=1)
  Input Delay:            0.000ns
  Clock Path Skew:        3.301ns (DCD - SCD - CPR)
    Destination Clock Delay (DCD):    3.301ns
    Source Clock Delay      (SCD):    0.000ns
    Clock Pessimism Removal (CPR):    -0.000ns
  Clock Net Delay (Destination): 2.263ns (routing 1.230ns, distribution 1.033ns)

    Location             Delay type                Incr(ns)  Path(ns)    Netlist Resource(s)
  -------------------------------------------------------------------    -------------------
                         (clock clk rise edge)        0.000     0.000 r  
                         input delay                  0.000     0.000    
    BA8                                               0.000     0.000 r  enChirho (IN)
                         net (fo=0)                   0.000     0.000    enChirho_IBUF_inst/I
    BA8                  INBUF (Prop_INBUF_HPIOB_S_PAD_O)
                                                      0.436     0.436 r  enChirho_IBUF_inst/INBUF_INST/O
                         net (fo=1, routed)           0.000     0.436    enChirho_IBUF_inst/OUT
    BA8                  IBUFCTRL (Prop_IBUFCTRL_HPIOB_S_I_O)
                                                      0.000     0.436 r  enChirho_IBUF_inst/IBUFCTRL_INST/O
                         net (fo=9840, routed)        1.027     1.463    enChirho_IBUF
    SLICE_X100Y569       FDPE                                         r  c$ds_app_arg_reg[9377]/CE
  -------------------------------------------------------------------    -------------------

                         (clock clk rise edge)        0.000     0.000 r  
    BA9                                               0.000     0.000 r  clk (IN)
                         net (fo=0)                   0.000     0.000    clk_IBUF_inst/I
    BA9                  INBUF (Prop_INBUF_HPIOB_M_PAD_O)
                                                      0.687     0.687 r  clk_IBUF_inst/INBUF_INST/O
                         net (fo=1, routed)           0.000     0.687    clk_IBUF_inst/OUT
    BA9                  IBUFCTRL (Prop_IBUFCTRL_HPIOB_M_I_O)
                                                      0.000     0.687 r  clk_IBUF_inst/IBUFCTRL_INST/O
                         net (fo=1, routed)           0.323     1.010    clk_IBUF
    BUFGCE_X1Y216        BUFGCE (Prop_BUFCE_BUFGCE_I_O)
                                                      0.028     1.038 r  clk_IBUF_BUFG_inst/O
    X2Y8 (CLOCK_ROOT)    net (fo=9840, routed)        2.263     3.301    clk_IBUF_BUFG
    SLICE_X100Y569       FDPE                                         r  c$ds_app_arg_reg[9377]/C
                         clock pessimism              0.000     3.301    
    SLICE_X100Y569       FDPE (Hold_AFF_SLICEM_C_CE)
                                                     -0.014     3.287    c$ds_app_arg_reg[9377]
  -------------------------------------------------------------------
                         required time                         -3.287    
                         arrival time                           1.463    
  -------------------------------------------------------------------
                         slack                                 -1.824    





Pulse Width Checks
--------------------------------------------------------------------------------------
Clock Name:         clk
Waveform(ns):       { 0.000 2.000 }
Period(ns):         4.000
Sources:            { clk }

Check Type        Corner  Lib Pin   Reference Pin  Required(ns)  Actual(ns)  Slack(ns)  Location       Pin
Min Period        n/a     BUFGCE/I  n/a            1.290         4.000       2.710      BUFGCE_X1Y216  clk_IBUF_BUFG_inst/I
Low Pulse Width   Slow    FDCE/C    n/a            0.275         2.000       1.725      SLICE_X83Y532  c$ds_app_arg_reg[0]/C
High Pulse Width  Slow    FDCE/C    n/a            0.275         2.000       1.725      SLICE_X83Y532  c$ds_app_arg_reg[0]/C



