Copyright 1986-2022 Xilinx, Inc. All Rights Reserved. Copyright 2022-2024 Advanced Micro Devices, Inc. All Rights Reserved.
--------------------------------------------------------------------------------------------------------------------------------------------------
| Tool Version      : Vivado v.2024.2 (lin64) Build 5239630 Fri Nov 08 22:34:34 MST 2024
| Date              : Mon Jan 26 21:05:47 2026
| Host              : ip-172-30-0-194 running 64-bit Ubuntu 24.04.1 LTS
| Command           : report_timing_summary -file results_chirho/post_synth_timing_chirho.rpt
| Design            : searchEngineChirho
| Device            : xcvu9p-flgb2104
| Speed File        : -2  PRODUCTION 1.28 03-30-2022
| Design State      : Synthesized
| Temperature Grade : I
--------------------------------------------------------------------------------------------------------------------------------------------------

Timing Summary Report

------------------------------------------------------------------------------------------------
| Timer Settings
| --------------
------------------------------------------------------------------------------------------------

  Enable Multi Corner Analysis               :  Yes
  Enable Pessimism Removal                   :  Yes
  Pessimism Removal Resolution               :  Nearest Common Node
  Enable Input Delay Default Clock           :  No
  Enable Preset / Clear Arcs                 :  No
  Disable Flight Delays                      :  No
  Ignore I/O Paths                           :  No
  Timing Early Launch at Borrowing Latches   :  No
  Borrow Time for Max Delay Exceptions       :  Yes
  Merge Timing Exceptions                    :  Yes
  Inter-SLR Compensation                     :  Conservative

  Corner  Analyze    Analyze    
  Name    Max Paths  Min Paths  
  ------  ---------  ---------  
  Slow    Yes        Yes        
  Fast    Yes        Yes        


------------------------------------------------------------------------------------------------
| Report Methodology
| ------------------
------------------------------------------------------------------------------------------------

No report available as report_methodology has not been run prior. Run report_methodology on the current design for the summary of methodology violations.



check_timing report

Table of Contents
-----------------
1. checking no_clock (0)
2. checking constant_clock (0)
3. checking pulse_width_clock (0)
4. checking unconstrained_internal_endpoints (0)
5. checking no_input_delay (0)
6. checking no_output_delay (0)
7. checking multiple_clock (0)
8. checking generated_clocks (0)
9. checking loops (0)
10. checking partial_input_delay (0)
11. checking partial_output_delay (0)
12. checking latch_loops (0)

1. checking no_clock (0)
------------------------
 There are 0 register/latch pins with no clock.


2. checking constant_clock (0)
------------------------------
 There are 0 register/latch pins with constant_clock.


3. checking pulse_width_clock (0)
---------------------------------
 There are 0 register/latch pins which need pulse_width check


4. checking unconstrained_internal_endpoints (0)
------------------------------------------------
 There are 0 pins that are not constrained for maximum delay.

 There are 0 pins that are not constrained for maximum delay due to constant clock.


5. checking no_input_delay (0)
------------------------------
 There are 0 input ports with no input delay specified.

 There are 0 input ports with no input delay but user has a false path constraint.


6. checking no_output_delay (0)
-------------------------------
 There are 0 ports with no output delay specified.

 There are 0 ports with no output delay but user has a false path constraint

 There are 0 ports with no output delay but with a timing clock defined on it or propagating through it


7. checking multiple_clock (0)
------------------------------
 There are 0 register/latch pins with multiple clocks.


8. checking generated_clocks (0)
--------------------------------
 There are 0 generated clocks that are not connected to a clock source.


9. checking loops (0)
---------------------
 There are 0 combinational loops in the design.


10. checking partial_input_delay (0)
------------------------------------
 There are 0 input ports with partial input delay specified.


11. checking partial_output_delay (0)
-------------------------------------
 There are 0 ports with partial output delay specified.


12. checking latch_loops (0)
----------------------------
 There are 0 combinational latch loops in the design through latch input



------------------------------------------------------------------------------------------------
| Design Timing Summary
| ---------------------
------------------------------------------------------------------------------------------------

    WNS(ns)      TNS(ns)  TNS Failing Endpoints  TNS Total Endpoints      WHS(ns)      THS(ns)  THS Failing Endpoints  THS Total Endpoints     WPWS(ns)     TPWS(ns)  TPWS Failing Endpoints  TPWS Total Endpoints  
    -------      -------  ---------------------  -------------------      -------      -------  ---------------------  -------------------     --------     --------  ----------------------  --------------------  
      9.120        0.000                      0                20641       -0.383    -6034.646                  20127                20641        9.725        0.000                       0                  9798  


Timing constraints are not met.


------------------------------------------------------------------------------------------------
| Clock Summary
| -------------
------------------------------------------------------------------------------------------------

Clock  Waveform(ns)       Period(ns)      Frequency(MHz)
-----  ------------       ----------      --------------
clk    {0.000 10.000}     20.000          50.000          


------------------------------------------------------------------------------------------------
| Intra Clock Table
| -----------------
------------------------------------------------------------------------------------------------

Clock             WNS(ns)      TNS(ns)  TNS Failing Endpoints  TNS Total Endpoints      WHS(ns)      THS(ns)  THS Failing Endpoints  THS Total Endpoints     WPWS(ns)     TPWS(ns)  TPWS Failing Endpoints  TPWS Total Endpoints  
-----             -------      -------  ---------------------  -------------------      -------      -------  ---------------------  -------------------     --------     --------  ----------------------  --------------------  
clk                 9.120        0.000                      0                20108       -0.383    -5842.315                  19594                20108        9.725        0.000                       0                  9798  


------------------------------------------------------------------------------------------------
| Inter Clock Table
| -----------------
------------------------------------------------------------------------------------------------

From Clock    To Clock          WNS(ns)      TNS(ns)  TNS Failing Endpoints  TNS Total Endpoints      WHS(ns)      THS(ns)  THS Failing Endpoints  THS Total Endpoints  
----------    --------          -------      -------  ---------------------  -------------------      -------      -------  ---------------------  -------------------  


------------------------------------------------------------------------------------------------
| Other Path Groups Table
| -----------------------
------------------------------------------------------------------------------------------------

Path Group         From Clock         To Clock               WNS(ns)      TNS(ns)  TNS Failing Endpoints  TNS Total Endpoints      WHS(ns)      THS(ns)  THS Failing Endpoints  THS Total Endpoints  
----------         ----------         --------               -------      -------  ---------------------  -------------------      -------      -------  ---------------------  -------------------  
**async_default**  clk                clk                     18.378        0.000                      0                  533       -0.361     -192.330                    533                  533  


------------------------------------------------------------------------------------------------
| Timing Details
| --------------
------------------------------------------------------------------------------------------------


---------------------------------------------------------------------------------------------------
From Clock:  clk
  To Clock:  clk

Setup :            0  Failing Endpoints,  Worst Slack        9.120ns,  Total Violation        0.000ns
Hold  :        19594  Failing Endpoints,  Worst Slack       -0.383ns,  Total Violation    -5842.316ns
PW    :            0  Failing Endpoints,  Worst Slack        9.725ns,  Total Violation        0.000ns
---------------------------------------------------------------------------------------------------


Max Delay Paths
--------------------------------------------------------------------------------------
Slack (MET) :             9.120ns  (required time - arrival time)
  Source:                 c$ds_app_arg_reg[1]/C
                            (rising edge-triggered cell FDCE clocked by clk  {rise@0.000ns fall@10.000ns period=20.000ns})
  Destination:            respChirho[512]
                            (output port clocked by clk  {rise@0.000ns fall@10.000ns period=20.000ns})
  Path Group:             clk
  Path Type:              Max at Slow Process Corner
  Requirement:            20.000ns  (clk rise@20.000ns - clk rise@0.000ns)
  Data Path Delay:        5.353ns  (logic 2.253ns (42.093%)  route 3.100ns (57.907%))
  Logic Levels:           19  (CARRY8=7 LUT1=1 LUT3=1 LUT4=1 LUT5=2 LUT6=4 MUXF7=1 MUXF8=1 OBUF=1)
  Output Delay:           2.000ns
  Clock Path Skew:        -3.491ns (DCD - SCD + CPR)
    Destination Clock Delay (DCD):    0.000ns = ( 20.000 - 20.000 ) 
    Source Clock Delay      (SCD):    3.491ns
    Clock Pessimism Removal (CPR):    0.000ns
  Clock Uncertainty:      0.035ns  ((TSJ^2 + TIJ^2)^1/2 + DJ) / 2 + PE
    Total System Jitter     (TSJ):    0.071ns
    Total Input Jitter      (TIJ):    0.000ns
    Discrete Jitter          (DJ):    0.000ns
    Phase Error              (PE):    0.000ns

    Location             Delay type                Incr(ns)  Path(ns)    Netlist Resource(s)
  -------------------------------------------------------------------    -------------------
                         (clock clk rise edge)        0.000     0.000 r  
                                                      0.000     0.000 r  clk (IN)
                         net (fo=0)                   0.000     0.000    clk_IBUF_inst/I
                         INBUF (Prop_INBUF_PAD_O)     0.603     0.603 r  clk_IBUF_inst/INBUF_INST/O
                         net (fo=1, unplaced)         0.000     0.603    clk_IBUF_inst/OUT
                         IBUFCTRL (Prop_IBUFCTRL_I_O)
                                                      0.000     0.603 r  clk_IBUF_inst/IBUFCTRL_INST/O
                         net (fo=1, unplaced)         0.276     0.879    clk_IBUF
                         BUFGCE (Prop_BUFGCE_I_O)     0.028     0.907 r  clk_IBUF_BUFG_inst/O
                         net (fo=9797, unplaced)      2.584     3.491    clk_IBUF_BUFG
                         FDCE                                         r  c$ds_app_arg_reg[1]/C
  -------------------------------------------------------------------    -------------------
                         FDCE (Prop_FDCE_C_Q)         0.078     3.569 r  c$ds_app_arg_reg[1]/Q
                         net (fo=2349, unplaced)      0.259     3.828    c$ds_app_arg_reg_n_0_[1]
                         LUT6 (Prop_LUT6_I2_O)        0.099     3.927 r  respChirho_OBUF[511]_inst_i_33/O
                         net (fo=1, unplaced)         0.032     3.959    respChirho_OBUF[511]_inst_i_33_n_0
                         MUXF7 (Prop_MUXF7_I0_O)      0.069     4.028 r  respChirho_OBUF[511]_inst_i_21/O
                         net (fo=1, unplaced)         0.000     4.028    respChirho_OBUF[511]_inst_i_21_n_0
                         MUXF8 (Prop_MUXF8_I0_O)      0.030     4.058 r  respChirho_OBUF[511]_inst_i_13/O
                         net (fo=260, unplaced)       0.308     4.366    respChirho_OBUF[511]_inst_i_13_n_0
                         LUT3 (Prop_LUT3_I2_O)        0.038     4.404 r  respChirho_OBUF[191]_inst_i_9/O
                         net (fo=64, unplaced)        0.273     4.677    respChirho_OBUF[191]_inst_i_9_n_0
                         LUT5 (Prop_LUT5_I1_O)        0.038     4.715 f  respChirho_OBUF[130]_inst_i_6/O
                         net (fo=1, unplaced)         0.197     4.912    respChirho_OBUF[130]_inst_i_6_n_0
                         LUT4 (Prop_LUT4_I0_O)        0.038     4.950 f  respChirho_OBUF[130]_inst_i_3/O
                         net (fo=1, unplaced)         0.197     5.147    c$stChirho'_case_alt[9415]
                         LUT5 (Prop_LUT5_I4_O)        0.038     5.185 f  respChirho_OBUF[130]_inst_i_1/O
                         net (fo=6, unplaced)         0.219     5.404    respChirho_OBUF[130]
                         LUT1 (Prop_LUT1_I0_O)        0.037     5.441 r  respChirho_OBUF[512]_inst_i_891/O
                         net (fo=1, unplaced)         0.023     5.464    respChirho_OBUF[512]_inst_i_891_n_0
                         CARRY8 (Prop_CARRY8_S[1]_CO[7])
                                                      0.197     5.661 r  respChirho_OBUF[512]_inst_i_690/CO[7]
                         net (fo=1, unplaced)         0.005     5.666    respChirho_OBUF[512]_inst_i_690_n_0
                         CARRY8 (Prop_CARRY8_CI_CO[7])
                                                      0.022     5.688 r  respChirho_OBUF[512]_inst_i_689/CO[7]
                         net (fo=1, unplaced)         0.005     5.693    respChirho_OBUF[512]_inst_i_689_n_0
                         CARRY8 (Prop_CARRY8_CI_CO[7])
                                                      0.022     5.715 r  respChirho_OBUF[512]_inst_i_403/CO[7]
                         net (fo=1, unplaced)         0.005     5.720    respChirho_OBUF[512]_inst_i_403_n_0
                         CARRY8 (Prop_CARRY8_CI_CO[7])
                                                      0.022     5.742 r  respChirho_OBUF[512]_inst_i_402/CO[7]
                         net (fo=1, unplaced)         0.005     5.747    respChirho_OBUF[512]_inst_i_402_n_0
                         CARRY8 (Prop_CARRY8_CI_O[2])
                                                      0.067     5.814 f  respChirho_OBUF[512]_inst_i_401/O[2]
                         net (fo=1, unplaced)         0.201     6.015    map[2].map_out2[35]
                         LUT6 (Prop_LUT6_I0_O)        0.088     6.103 r  respChirho_OBUF[512]_inst_i_189/O
                         net (fo=1, unplaced)         0.032     6.135    respChirho_OBUF[512]_inst_i_189_n_0
                         CARRY8 (Prop_CARRY8_S[3]_CO[7])
                                                      0.170     6.305 r  respChirho_OBUF[512]_inst_i_56/CO[7]
                         net (fo=1, unplaced)         0.005     6.310    respChirho_OBUF[512]_inst_i_56_n_0
                         CARRY8 (Prop_CARRY8_CI_CO[5])
                                                      0.077     6.387 r  respChirho_OBUF[512]_inst_i_10/CO[5]
                         net (fo=1, unplaced)         0.171     6.558    map[2].map_out0
                         LUT6 (Prop_LUT6_I3_O)        0.053     6.611 r  respChirho_OBUF[512]_inst_i_2/O
                         net (fo=1, unplaced)         0.155     6.766    respChirho_OBUF[512]_inst_i_2_n_0
                         LUT6 (Prop_LUT6_I0_O)        0.090     6.856 r  respChirho_OBUF[512]_inst_i_1/O
                         net (fo=1, unplaced)         1.008     7.864    respChirho_OBUF[512]
                         OBUF (Prop_OBUF_I_O)         0.980     8.845 r  respChirho_OBUF[512]_inst/O
                         net (fo=0)                   0.000     8.845    respChirho[512]
                                                                      r  respChirho[512] (OUT)
  -------------------------------------------------------------------    -------------------

                         (clock clk rise edge)       20.000    20.000 r  
                         clock pessimism              0.000    20.000    
                         clock uncertainty           -0.035    19.965    
                         output delay                -2.000    17.965    
  -------------------------------------------------------------------
                         required time                         17.965    
                         arrival time                          -8.845    
  -------------------------------------------------------------------
                         slack                                  9.120    





Min Delay Paths
--------------------------------------------------------------------------------------
Slack (VIOLATED) :        -0.383ns  (arrival time - required time)
  Source:                 cmdChirho[0]
                            (input port clocked by clk  {rise@0.000ns fall@10.000ns period=20.000ns})
  Destination:            c$ds_app_arg_reg[9349]/D
                            (rising edge-triggered cell FDPE clocked by clk  {rise@0.000ns fall@10.000ns period=20.000ns})
  Path Group:             clk
  Path Type:              Hold (Min at Slow Process Corner)
  Requirement:            0.000ns  (clk rise@0.000ns - clk rise@0.000ns)
  Data Path Delay:        1.169ns  (logic 0.491ns (41.981%)  route 0.678ns (58.019%))
  Logic Levels:           5  (IBUFCTRL=1 INBUF=1 LUT5=1 LUT6=1 MUXF7=1)
  Input Delay:            2.000ns
  Clock Path Skew:        3.491ns (DCD - SCD - CPR)
    Destination Clock Delay (DCD):    3.491ns
    Source Clock Delay      (SCD):    0.000ns
    Clock Pessimism Removal (CPR):    -0.000ns

    Location             Delay type                Incr(ns)  Path(ns)    Netlist Resource(s)
  -------------------------------------------------------------------    -------------------
                         (clock clk rise edge)        0.000     0.000 r  
                         input delay                  2.000     2.000    
                                                      0.000     2.000 r  cmdChirho[0] (IN)
                         net (fo=0)                   0.000     2.000    cmdChirho_IBUF[0]_inst/I
                         INBUF (Prop_INBUF_PAD_O)     0.353     2.353 r  cmdChirho_IBUF[0]_inst/INBUF_INST/O
                         net (fo=1, unplaced)         0.000     2.353    cmdChirho_IBUF[0]_inst/OUT
                         IBUFCTRL (Prop_IBUFCTRL_I_O)
                                                      0.000     2.353 r  cmdChirho_IBUF[0]_inst/IBUFCTRL_INST/O
                         net (fo=9, unplaced)         0.574     2.927    cmdChirho_IBUF[0]
                         LUT6 (Prop_LUT6_I3_O)        0.082     3.009 r  respChirho_OBUF[64]_inst_i_5/O
                         net (fo=1, unplaced)         0.012     3.021    respChirho_OBUF[64]_inst_i_5_n_0
                         MUXF7 (Prop_MUXF7_I1_O)      0.020     3.041 r  respChirho_OBUF[64]_inst_i_2/O
                         net (fo=1, unplaced)         0.069     3.110    respChirho_OBUF[64]_inst_i_2_n_0
                         LUT5 (Prop_LUT5_I0_O)        0.036     3.146 r  respChirho_OBUF[64]_inst_i_1/O
                         net (fo=4, unplaced)         0.023     3.169    respChirho_OBUF[64]
                         FDPE                                         r  c$ds_app_arg_reg[9349]/D
  -------------------------------------------------------------------    -------------------

                         (clock clk rise edge)        0.000     0.000 r  
                                                      0.000     0.000 r  clk (IN)
                         net (fo=0)                   0.000     0.000    clk_IBUF_inst/I
                         INBUF (Prop_INBUF_PAD_O)     0.603     0.603 r  clk_IBUF_inst/INBUF_INST/O
                         net (fo=1, unplaced)         0.000     0.603    clk_IBUF_inst/OUT
                         IBUFCTRL (Prop_IBUFCTRL_I_O)
                                                      0.000     0.603 r  clk_IBUF_inst/IBUFCTRL_INST/O
                         net (fo=1, unplaced)         0.276     0.879    clk_IBUF
                         BUFGCE (Prop_BUFGCE_I_O)     0.028     0.907 r  clk_IBUF_BUFG_inst/O
                         net (fo=9797, unplaced)      2.584     3.491    clk_IBUF_BUFG
                         FDPE                                         r  c$ds_app_arg_reg[9349]/C
                         clock pessimism              0.000     3.491    
                         FDPE (Hold_FDPE_C_D)         0.060     3.551    c$ds_app_arg_reg[9349]
  -------------------------------------------------------------------
                         required time                         -3.551    
                         arrival time                           3.169    
  -------------------------------------------------------------------
                         slack                                 -0.383    





Pulse Width Checks
--------------------------------------------------------------------------------------
Clock Name:         clk
Waveform(ns):       { 0.000 10.000 }
Period(ns):         20.000
Sources:            { clk }

Check Type        Corner  Lib Pin   Reference Pin  Required(ns)  Actual(ns)  Slack(ns)  Location  Pin
Min Period        n/a     BUFGCE/I  n/a            1.290         20.000      18.710               clk_IBUF_BUFG_inst/I
Low Pulse Width   Slow    FDCE/C    n/a            0.275         10.000      9.725                c$ds_app_arg_reg[0]/C
High Pulse Width  Slow    FDCE/C    n/a            0.275         10.000      9.725                c$ds_app_arg_reg[0]/C



---------------------------------------------------------------------------------------------------
Path Group:  **async_default**
From Clock:  clk
  To Clock:  clk

Setup :            0  Failing Endpoints,  Worst Slack       18.378ns,  Total Violation        0.000ns
Hold  :          533  Failing Endpoints,  Worst Slack       -0.361ns,  Total Violation     -192.330ns
---------------------------------------------------------------------------------------------------


Max Delay Paths
--------------------------------------------------------------------------------------
Slack (MET) :             18.378ns  (required time - arrival time)
  Source:                 rst
                            (input port clocked by clk  {rise@0.000ns fall@10.000ns period=20.000ns})
  Destination:            c$ds_app_arg_reg[0]/CLR
                            (recovery check against rising-edge clock clk  {rise@0.000ns fall@10.000ns period=20.000ns})
  Path Group:             **async_default**
  Path Type:              Recovery (Max at Fast Process Corner)
  Requirement:            20.000ns  (clk rise@20.000ns - clk rise@0.000ns)
  Data Path Delay:        1.027ns  (logic 0.423ns (41.213%)  route 0.604ns (58.787%))
  Logic Levels:           2  (IBUFCTRL=1 INBUF=1)
  Input Delay:            2.000ns
  Clock Path Skew:        1.485ns (DCD - SCD + CPR)
    Destination Clock Delay (DCD):    1.485ns = ( 21.485 - 20.000 ) 
    Source Clock Delay      (SCD):    0.000ns
    Clock Pessimism Removal (CPR):    0.000ns
  Clock Uncertainty:      0.035ns  ((TSJ^2 + TIJ^2)^1/2 + DJ) / 2 + PE
    Total System Jitter     (TSJ):    0.071ns
    Total Input Jitter      (TIJ):    0.000ns
    Discrete Jitter          (DJ):    0.000ns
    Phase Error              (PE):    0.000ns

    Location             Delay type                Incr(ns)  Path(ns)    Netlist Resource(s)
  -------------------------------------------------------------------    -------------------
                         (clock clk rise edge)        0.000     0.000 r  
                         input delay                  2.000     2.000    
                                                      0.000     2.000 f  rst (IN)
                         net (fo=0)                   0.000     2.000    rst_IBUF_inst/I
                         INBUF (Prop_INBUF_PAD_O)     0.423     2.423 f  rst_IBUF_inst/INBUF_INST/O
                         net (fo=1, unplaced)         0.000     2.423    rst_IBUF_inst/OUT
                         IBUFCTRL (Prop_IBUFCTRL_I_O)
                                                      0.000     2.423 f  rst_IBUF_inst/IBUFCTRL_INST/O
                         net (fo=533, unplaced)       0.604     3.027    rst_IBUF
                         FDCE                                         f  c$ds_app_arg_reg[0]/CLR
  -------------------------------------------------------------------    -------------------

                         (clock clk rise edge)       20.000    20.000 r  
                                                      0.000    20.000 r  clk (IN)
                         net (fo=0)                   0.000    20.000    clk_IBUF_inst/I
                         INBUF (Prop_INBUF_PAD_O)     0.238    20.238 r  clk_IBUF_inst/INBUF_INST/O
                         net (fo=1, unplaced)         0.000    20.238    clk_IBUF_inst/OUT
                         IBUFCTRL (Prop_IBUFCTRL_I_O)
                                                      0.000    20.238 r  clk_IBUF_inst/IBUFCTRL_INST/O
                         net (fo=1, unplaced)         0.116    20.354    clk_IBUF
                         BUFGCE (Prop_BUFGCE_I_O)     0.017    20.371 r  clk_IBUF_BUFG_inst/O
                         net (fo=9797, unplaced)      1.114    21.485    clk_IBUF_BUFG
                         FDCE                                         r  c$ds_app_arg_reg[0]/C
                         clock pessimism              0.000    21.485    
                         clock uncertainty           -0.035    21.449    
                         FDCE (Recov_FDCE_C_CLR)     -0.044    21.405    c$ds_app_arg_reg[0]
  -------------------------------------------------------------------
                         required time                         21.405    
                         arrival time                          -3.027    
  -------------------------------------------------------------------
                         slack                                 18.378    





Min Delay Paths
--------------------------------------------------------------------------------------
Slack (VIOLATED) :        -0.361ns  (arrival time - required time)
  Source:                 rst
                            (input port clocked by clk  {rise@0.000ns fall@10.000ns period=20.000ns})
  Destination:            c$ds_app_arg_reg[0]/CLR
                            (removal check against rising-edge clock clk  {rise@0.000ns fall@10.000ns period=20.000ns})
  Path Group:             **async_default**
  Path Type:              Removal (Min at Slow Process Corner)
  Requirement:            0.000ns  (clk rise@0.000ns - clk rise@0.000ns)
  Data Path Delay:        1.099ns  (logic 0.353ns (32.095%)  route 0.746ns (67.905%))
  Logic Levels:           2  (IBUFCTRL=1 INBUF=1)
  Input Delay:            2.000ns
  Clock Path Skew:        3.491ns (DCD - SCD - CPR)
    Destination Clock Delay (DCD):    3.491ns
    Source Clock Delay      (SCD):    0.000ns
    Clock Pessimism Removal (CPR):    -0.000ns

    Location             Delay type                Incr(ns)  Path(ns)    Netlist Resource(s)
  -------------------------------------------------------------------    -------------------
                         (clock clk rise edge)        0.000     0.000 r  
                         input delay                  2.000     2.000    
                                                      0.000     2.000 f  rst (IN)
                         net (fo=0)                   0.000     2.000    rst_IBUF_inst/I
                         INBUF (Prop_INBUF_PAD_O)     0.353     2.353 f  rst_IBUF_inst/INBUF_INST/O
                         net (fo=1, unplaced)         0.000     2.353    rst_IBUF_inst/OUT
                         IBUFCTRL (Prop_IBUFCTRL_I_O)
                                                      0.000     2.353 f  rst_IBUF_inst/IBUFCTRL_INST/O
                         net (fo=533, unplaced)       0.746     3.099    rst_IBUF
                         FDCE                                         f  c$ds_app_arg_reg[0]/CLR
  -------------------------------------------------------------------    -------------------

                         (clock clk rise edge)        0.000     0.000 r  
                                                      0.000     0.000 r  clk (IN)
                         net (fo=0)                   0.000     0.000    clk_IBUF_inst/I
                         INBUF (Prop_INBUF_PAD_O)     0.603     0.603 r  clk_IBUF_inst/INBUF_INST/O
                         net (fo=1, unplaced)         0.000     0.603    clk_IBUF_inst/OUT
                         IBUFCTRL (Prop_IBUFCTRL_I_O)
                                                      0.000     0.603 r  clk_IBUF_inst/IBUFCTRL_INST/O
                         net (fo=1, unplaced)         0.276     0.879    clk_IBUF
                         BUFGCE (Prop_BUFGCE_I_O)     0.028     0.907 r  clk_IBUF_BUFG_inst/O
                         net (fo=9797, unplaced)      2.584     3.491    clk_IBUF_BUFG
                         FDCE                                         r  c$ds_app_arg_reg[0]/C
                         clock pessimism              0.000     3.491    
                         FDCE (Remov_FDCE_C_CLR)     -0.032     3.459    c$ds_app_arg_reg[0]
  -------------------------------------------------------------------
                         required time                         -3.459    
                         arrival time                           3.099    
  -------------------------------------------------------------------
                         slack                                 -0.361    





