\BOOKMARK [1][-]{section.1}{\376\377\000I\000n\000t\000r\000o\000d\000u\000c\000t\000i\000o\000n}{}% 1
\BOOKMARK [1][-]{section.2}{\376\377\000B\000a\000c\000k\000g\000r\000o\000u\000n\000d\000:\000\040\000F\000P\000G\000A\000\040\000P\000r\000i\000m\000i\000t\000i\000v\000e\000s}{}% 2
\BOOKMARK [2][-]{subsection.2.1}{\376\377\000L\000o\000o\000k\000u\000p\000\040\000T\000a\000b\000l\000e\000s\000\040\000\050\000L\000U\000T\000s\000\051}{section.2}% 3
\BOOKMARK [2][-]{subsection.2.2}{\376\377\000B\000l\000o\000c\000k\000\040\000R\000A\000M\000\040\000\050\000B\000R\000A\000M\000\051}{section.2}% 4
\BOOKMARK [2][-]{subsection.2.3}{\376\377\000C\000o\000n\000t\000e\000n\000t\000-\000A\000d\000d\000r\000e\000s\000s\000a\000b\000l\000e\000\040\000M\000e\000m\000o\000r\000y\000\040\000\050\000C\000A\000M\000\051}{section.2}% 5
\BOOKMARK [1][-]{section.3}{\376\377\000A\000r\000c\000h\000i\000t\000e\000c\000t\000u\000r\000e}{}% 6
\BOOKMARK [2][-]{subsection.3.1}{\376\377\000D\000o\000m\000a\000i\000n\000\040\000R\000e\000g\000i\000s\000t\000e\000r\000s}{section.3}% 7
\BOOKMARK [2][-]{subsection.3.2}{\376\377\000U\000n\000i\000f\000i\000c\000a\000t\000i\000o\000n\000\040\000U\000n\000i\000t}{section.3}% 8
\BOOKMARK [2][-]{subsection.3.3}{\376\377\000B\000r\000a\000n\000c\000h\000\040\000U\000n\000i\000t}{section.3}% 9
\BOOKMARK [2][-]{subsection.3.4}{\376\377\000H\000a\000s\000h\000\040\000C\000o\000n\000s\000i\000n\000g\000\040\000U\000n\000i\000t}{section.3}% 10
\BOOKMARK [1][-]{section.4}{\376\377\000R\000e\000s\000o\000u\000r\000c\000e\000\040\000M\000o\000d\000e\000l}{}% 11
\BOOKMARK [1][-]{section.5}{\376\377\000S\000y\000n\000t\000h\000e\000s\000i\000s\000\040\000R\000e\000s\000u\000l\000t\000s}{}% 12
\BOOKMARK [2][-]{subsection.5.1}{\376\377\000S\000y\000n\000t\000h\000e\000s\000i\000s\000\040\000E\000n\000v\000i\000r\000o\000n\000m\000e\000n\000t}{section.5}% 13
\BOOKMARK [2][-]{subsection.5.2}{\376\377\000A\000c\000t\000u\000a\000l\000\040\000S\000y\000n\000t\000h\000e\000s\000i\000s\000\040\000R\000e\000s\000u\000l\000t\000s}{section.5}% 14
\BOOKMARK [2][-]{subsection.5.3}{\376\377\000S\000i\000m\000u\000l\000a\000t\000i\000o\000n\000\040\000E\000n\000v\000i\000r\000o\000n\000m\000e\000n\000t}{section.5}% 15
\BOOKMARK [2][-]{subsection.5.4}{\376\377\000L\000a\000t\000e\000n\000c\000y\000\040\000M\000e\000a\000s\000u\000r\000e\000m\000e\000n\000t\000s}{section.5}% 16
\BOOKMARK [2][-]{subsection.5.5}{\376\377\000V\000e\000r\000i\000f\000i\000c\000a\000t\000i\000o\000n\000\040\000R\000e\000s\000u\000l\000t\000s}{section.5}% 17
\BOOKMARK [2][-]{subsection.5.6}{\376\377\000P\000e\000r\000f\000o\000r\000m\000a\000n\000c\000e\000\040\000C\000o\000m\000p\000a\000r\000i\000s\000o\000n}{section.5}% 18
\BOOKMARK [1][-]{section.6}{\376\377\000L\000i\000m\000i\000t\000a\000t\000i\000o\000n\000s\000\040\000a\000n\000d\000\040\000F\000u\000t\000u\000r\000e\000\040\000W\000o\000r\000k}{}% 19
\BOOKMARK [2][-]{subsection.6.1}{\376\377\000C\000u\000r\000r\000e\000n\000t\000\040\000L\000i\000m\000i\000t\000a\000t\000i\000o\000n\000s}{section.6}% 20
\BOOKMARK [2][-]{subsection.6.2}{\376\377\000F\000u\000t\000u\000r\000e\000\040\000W\000o\000r\000k}{section.6}% 21
\BOOKMARK [1][-]{section.7}{\376\377\000R\000e\000l\000a\000t\000e\000d\000\040\000W\000o\000r\000k}{}% 22
\BOOKMARK [1][-]{section.8}{\376\377\000C\000o\000n\000c\000l\000u\000s\000i\000o\000n}{}% 23
