Copyright 1986-2022 Xilinx, Inc. All Rights Reserved. Copyright 2022-2024 Advanced Micro Devices, Inc. All Rights Reserved.
--------------------------------------------------------------------------------------------------------------------------------------------------
| Tool Version      : Vivado v.2024.2 (lin64) Build 5239630 Fri Nov 08 22:34:34 MST 2024
| Date              : Mon Jan 26 16:57:16 2026
| Host              : ip-172-30-0-150 running 64-bit Ubuntu 24.04.1 LTS
| Command           : report_timing_summary -file timing_chirho.rpt
| Design            : searchEngineChirho
| Device            : xcvu9p-flgb2104
| Speed File        : -2  PRODUCTION 1.28 03-30-2022
| Design State      : Routed
| Temperature Grade : I
--------------------------------------------------------------------------------------------------------------------------------------------------

Timing Summary Report

------------------------------------------------------------------------------------------------
| Timer Settings
| --------------
------------------------------------------------------------------------------------------------

  Enable Multi Corner Analysis               :  Yes
  Enable Pessimism Removal                   :  Yes
  Pessimism Removal Resolution               :  Nearest Common Node
  Enable Input Delay Default Clock           :  No
  Enable Preset / Clear Arcs                 :  No
  Disable Flight Delays                      :  No
  Ignore I/O Paths                           :  No
  Timing Early Launch at Borrowing Latches   :  No
  Borrow Time for Max Delay Exceptions       :  Yes
  Merge Timing Exceptions                    :  Yes
  Inter-SLR Compensation                     :  Conservative

  Corner  Analyze    Analyze    
  Name    Max Paths  Min Paths  
  ------  ---------  ---------  
  Slow    Yes        Yes        
  Fast    Yes        Yes        


------------------------------------------------------------------------------------------------
| Report Methodology
| ------------------
------------------------------------------------------------------------------------------------

No report available as report_methodology has not been run prior. Run report_methodology on the current design for the summary of methodology violations.



check_timing report

Table of Contents
-----------------
1. checking no_clock (0)
2. checking constant_clock (0)
3. checking pulse_width_clock (0)
4. checking unconstrained_internal_endpoints (0)
5. checking no_input_delay (0)
6. checking no_output_delay (0)
7. checking multiple_clock (0)
8. checking generated_clocks (0)
9. checking loops (0)
10. checking partial_input_delay (0)
11. checking partial_output_delay (0)
12. checking latch_loops (0)

1. checking no_clock (0)
------------------------
 There are 0 register/latch pins with no clock.


2. checking constant_clock (0)
------------------------------
 There are 0 register/latch pins with constant_clock.


3. checking pulse_width_clock (0)
---------------------------------
 There are 0 register/latch pins which need pulse_width check


4. checking unconstrained_internal_endpoints (0)
------------------------------------------------
 There are 0 pins that are not constrained for maximum delay.

 There are 0 pins that are not constrained for maximum delay due to constant clock.


5. checking no_input_delay (0)
------------------------------
 There are 0 input ports with no input delay specified.

 There are 0 input ports with no input delay but user has a false path constraint.


6. checking no_output_delay (0)
-------------------------------
 There are 0 ports with no output delay specified.

 There are 0 ports with no output delay but user has a false path constraint

 There are 0 ports with no output delay but with a timing clock defined on it or propagating through it


7. checking multiple_clock (0)
------------------------------
 There are 0 register/latch pins with multiple clocks.


8. checking generated_clocks (0)
--------------------------------
 There are 0 generated clocks that are not connected to a clock source.


9. checking loops (0)
---------------------
 There are 0 combinational loops in the design.


10. checking partial_input_delay (0)
------------------------------------
 There are 0 input ports with partial input delay specified.


11. checking partial_output_delay (0)
-------------------------------------
 There are 0 ports with partial output delay specified.


12. checking latch_loops (0)
----------------------------
 There are 0 combinational latch loops in the design through latch input



------------------------------------------------------------------------------------------------
| Design Timing Summary
| ---------------------
------------------------------------------------------------------------------------------------

    WNS(ns)      TNS(ns)  TNS Failing Endpoints  TNS Total Endpoints      WHS(ns)      THS(ns)  THS Failing Endpoints  THS Total Endpoints     WPWS(ns)     TPWS(ns)  TPWS Failing Endpoints  TPWS Total Endpoints  
    -------      -------  ---------------------  -------------------      -------      -------  ---------------------  -------------------     --------     --------  ----------------------  --------------------  
      0.663        0.000                      0                20108       -1.925    -5205.814                  10152                20108        9.725        0.000                       0                  9798  


Timing constraints are not met.


------------------------------------------------------------------------------------------------
| Clock Summary
| -------------
------------------------------------------------------------------------------------------------

Clock  Waveform(ns)       Period(ns)      Frequency(MHz)
-----  ------------       ----------      --------------
clk    {0.000 10.000}     20.000          50.000          


------------------------------------------------------------------------------------------------
| Intra Clock Table
| -----------------
------------------------------------------------------------------------------------------------

Clock             WNS(ns)      TNS(ns)  TNS Failing Endpoints  TNS Total Endpoints      WHS(ns)      THS(ns)  THS Failing Endpoints  THS Total Endpoints     WPWS(ns)     TPWS(ns)  TPWS Failing Endpoints  TPWS Total Endpoints  
-----             -------      -------  ---------------------  -------------------      -------      -------  ---------------------  -------------------     --------     --------  ----------------------  --------------------  
clk                 0.663        0.000                      0                20108       -1.925    -5205.814                  10152                20108        9.725        0.000                       0                  9798  


------------------------------------------------------------------------------------------------
| Inter Clock Table
| -----------------
------------------------------------------------------------------------------------------------

From Clock    To Clock          WNS(ns)      TNS(ns)  TNS Failing Endpoints  TNS Total Endpoints      WHS(ns)      THS(ns)  THS Failing Endpoints  THS Total Endpoints  
----------    --------          -------      -------  ---------------------  -------------------      -------      -------  ---------------------  -------------------  


------------------------------------------------------------------------------------------------
| Other Path Groups Table
| -----------------------
------------------------------------------------------------------------------------------------

Path Group    From Clock    To Clock          WNS(ns)      TNS(ns)  TNS Failing Endpoints  TNS Total Endpoints      WHS(ns)      THS(ns)  THS Failing Endpoints  THS Total Endpoints  
----------    ----------    --------          -------      -------  ---------------------  -------------------      -------      -------  ---------------------  -------------------  


------------------------------------------------------------------------------------------------
| Timing Details
| --------------
------------------------------------------------------------------------------------------------


---------------------------------------------------------------------------------------------------
From Clock:  clk
  To Clock:  clk

Setup :            0  Failing Endpoints,  Worst Slack        0.663ns,  Total Violation        0.000ns
Hold  :        10152  Failing Endpoints,  Worst Slack       -1.925ns,  Total Violation    -5205.814ns
PW    :            0  Failing Endpoints,  Worst Slack        9.725ns,  Total Violation        0.000ns
---------------------------------------------------------------------------------------------------


Max Delay Paths
--------------------------------------------------------------------------------------
Slack (MET) :             0.663ns  (required time - arrival time)
  Source:                 cmdChirho[65]
                            (input port clocked by clk  {rise@0.000ns fall@10.000ns period=20.000ns})
  Destination:            respChirho[512]
                            (output port clocked by clk  {rise@0.000ns fall@10.000ns period=20.000ns})
  Path Group:             clk
  Path Type:              Max at Slow Process Corner
  Requirement:            20.000ns  (clk rise@20.000ns - clk rise@0.000ns)
  Data Path Delay:        17.301ns  (logic 2.875ns (16.615%)  route 14.427ns (83.385%))
  Logic Levels:           18  (CARRY8=5 IBUFCTRL=1 INBUF=1 LUT1=2 LUT3=1 LUT6=6 MUXF7=1 OBUF=1)
  Input Delay:            1.000ns
  Output Delay:           1.000ns
  Clock Uncertainty:      0.035ns  ((TSJ^2 + TIJ^2)^1/2 + DJ) / 2 + PE
    Total System Jitter     (TSJ):    0.071ns
    Total Input Jitter      (TIJ):    0.000ns
    Discrete Jitter          (DJ):    0.000ns
    Phase Error              (PE):    0.000ns

    Location             Delay type                Incr(ns)  Path(ns)    Netlist Resource(s)
  -------------------------------------------------------------------    -------------------
                         (clock clk rise edge)        0.000     0.000 r  
                         input delay                  1.000     1.000    
    D16                                               0.000     1.000 r  cmdChirho[65] (IN)
                         net (fo=0)                   0.000     1.000    cmdChirho_IBUF[65]_inst/I
    D16                  INBUF (Prop_INBUF_HPIOB_S_PAD_O)
                                                      0.565     1.565 r  cmdChirho_IBUF[65]_inst/INBUF_INST/O
                         net (fo=1, routed)           0.000     1.565    cmdChirho_IBUF[65]_inst/OUT
    D16                  IBUFCTRL (Prop_IBUFCTRL_HPIOB_S_I_O)
                                                      0.000     1.565 r  cmdChirho_IBUF[65]_inst/IBUFCTRL_INST/O
                         net (fo=977, routed)         4.928     6.493    cmdChirho_IBUF[65]
    SLR Crossing[2->1]   
    SLICE_X89Y567        LUT6 (Prop_D6LUT_SLICEL_I2_O)
                                                      0.089     6.582 f  c$ds_app_arg[3468]_i_4/O
                         net (fo=1, routed)           0.009     6.591    c$ds_app_arg[3468]_i_4_n_0
    SLICE_X89Y567        MUXF7 (Prop_F7MUX_CD_SLICEL_I0_O)
                                                      0.063     6.654 f  c$ds_app_arg_reg[3468]_i_3/O
                         net (fo=36, routed)          0.696     7.350    vecArray_0__0[52]
    SLICE_X84Y529        LUT1 (Prop_E6LUT_SLICEM_I0_O)
                                                      0.148     7.498 r  respChirho_OBUF[503]_inst_i_16/O
                         net (fo=1, routed)           0.014     7.512    respChirho_OBUF[503]_inst_i_16_n_0
    SLICE_X84Y529        CARRY8 (Prop_CARRY8_SLICEM_S[4]_CO[7])
                                                      0.156     7.668 r  respChirho_OBUF[503]_inst_i_8/CO[7]
                         net (fo=1, routed)           0.026     7.694    respChirho_OBUF[503]_inst_i_8_n_0
    SLICE_X84Y530        CARRY8 (Prop_CARRY8_SLICEM_CI_O[0])
                                                      0.056     7.750 f  respChirho_OBUF[511]_inst_i_7/O[0]
                         net (fo=9, routed)           0.493     8.243    ds40[56]
    SLICE_X85Y562        LUT6 (Prop_G6LUT_SLICEL_I1_O)
                                                      0.089     8.332 f  respChirho_OBUF[248]_inst_i_4/O
                         net (fo=1, routed)           0.601     8.933    respChirho_OBUF[248]_inst_i_4_n_0
    SLICE_X85Y562        LUT6 (Prop_H6LUT_SLICEL_I0_O)
                                                      0.090     9.023 f  respChirho_OBUF[248]_inst_i_2/O
                         net (fo=1, routed)           0.950     9.973    respChirho_OBUF[248]_inst_i_2_n_0
    SLICE_X89Y561        LUT6 (Prop_E6LUT_SLICEL_I0_O)
                                                      0.123    10.096 f  respChirho_OBUF[248]_inst_i_1/O
                         net (fo=6, routed)           0.838    10.934    respChirho_OBUF[248]
    SLICE_X85Y492        LUT1 (Prop_H6LUT_SLICEL_I0_O)
                                                      0.051    10.985 r  respChirho_OBUF[512]_inst_i_327/O
                         net (fo=1, routed)           0.010    10.995    respChirho_OBUF[512]_inst_i_327_n_0
    SLICE_X85Y492        CARRY8 (Prop_CARRY8_SLICEL_S[7]_CO[7])
                                                      0.115    11.110 r  respChirho_OBUF[512]_inst_i_152/CO[7]
                         net (fo=1, routed)           0.026    11.136    respChirho_OBUF[512]_inst_i_152_n_0
    SLICE_X85Y493        CARRY8 (Prop_CARRY8_SLICEL_CI_O[1])
                                                      0.076    11.212 f  respChirho_OBUF[512]_inst_i_151/O[1]
                         net (fo=1, routed)           0.322    11.534    map[3].map_out2[58]
    SLICE_X86Y490        LUT6 (Prop_D6LUT_SLICEL_I2_O)
                                                      0.122    11.656 r  respChirho_OBUF[512]_inst_i_31/O
                         net (fo=1, routed)           0.009    11.665    respChirho_OBUF[512]_inst_i_31_n_0
    SLICE_X86Y490        CARRY8 (Prop_CARRY8_SLICEL_S[3]_CO[5])
                                                      0.142    11.807 r  respChirho_OBUF[512]_inst_i_6/CO[5]
                         net (fo=1, routed)           0.510    12.317    map[3].map_out0
    SLICE_X69Y487        LUT6 (Prop_E6LUT_SLICEL_I1_O)
                                                      0.051    12.368 r  respChirho_OBUF[512]_inst_i_2/O
                         net (fo=1, routed)           2.012    14.380    respChirho_OBUF[512]_inst_i_2_n_0
    SLR Crossing[1->0]   
    SLICE_X77Y298        LUT3 (Prop_H6LUT_SLICEL_I0_O)
                                                      0.036    14.416 r  respChirho_OBUF[512]_inst_i_1/O
                         net (fo=1, routed)           2.983    17.399    respChirho_OBUF[512]
    BC33                 OBUF (Prop_OUTBUF_HPIOB_SNGL_I_O)
                                                      0.903    18.301 r  respChirho_OBUF[512]_inst/O
                         net (fo=0)                   0.000    18.301    respChirho[512]
    BC33                                                              r  respChirho[512] (OUT)
  -------------------------------------------------------------------    -------------------

                         (clock clk rise edge)       20.000    20.000 r  
                         clock pessimism              0.000    20.000    
                         clock uncertainty           -0.035    19.965    
                         output delay                -1.000    18.965    
  -------------------------------------------------------------------
                         required time                         18.965    
                         arrival time                         -18.301    
  -------------------------------------------------------------------
                         slack                                  0.663    





Min Delay Paths
--------------------------------------------------------------------------------------
Slack (VIOLATED) :        -1.925ns  (arrival time - required time)
  Source:                 enChirho
                            (input port clocked by clk  {rise@0.000ns fall@10.000ns period=20.000ns})
  Destination:            c$ds_app_arg_reg[1219]/CE
                            (rising edge-triggered cell FDRE clocked by clk  {rise@0.000ns fall@10.000ns period=20.000ns})
  Path Group:             clk
  Path Type:              Hold (Min at Slow Process Corner)
  Requirement:            0.000ns  (clk rise@0.000ns - clk rise@0.000ns)
  Data Path Delay:        1.513ns  (logic 0.436ns (28.802%)  route 1.077ns (71.198%))
  Logic Levels:           2  (IBUFCTRL=1 INBUF=1)
  Input Delay:            0.000ns
  Clock Path Skew:        3.452ns (DCD - SCD - CPR)
    Destination Clock Delay (DCD):    3.452ns
    Source Clock Delay      (SCD):    0.000ns
    Clock Pessimism Removal (CPR):    -0.000ns
  Clock Net Delay (Destination): 2.414ns (routing 1.230ns, distribution 1.184ns)

    Location             Delay type                Incr(ns)  Path(ns)    Netlist Resource(s)
  -------------------------------------------------------------------    -------------------
                         (clock clk rise edge)        0.000     0.000 r  
                         input delay                  0.000     0.000    
    BA8                                               0.000     0.000 r  enChirho (IN)
                         net (fo=0)                   0.000     0.000    enChirho_IBUF_inst/I
    BA8                  INBUF (Prop_INBUF_HPIOB_S_PAD_O)
                                                      0.436     0.436 r  enChirho_IBUF_inst/INBUF_INST/O
                         net (fo=1, routed)           0.000     0.436    enChirho_IBUF_inst/OUT
    BA8                  IBUFCTRL (Prop_IBUFCTRL_HPIOB_S_I_O)
                                                      0.000     0.436 r  enChirho_IBUF_inst/IBUFCTRL_INST/O
                         net (fo=9797, routed)        1.077     1.513    enChirho_IBUF
    SLICE_X93Y567        FDRE                                         r  c$ds_app_arg_reg[1219]/CE
  -------------------------------------------------------------------    -------------------

                         (clock clk rise edge)        0.000     0.000 r  
    BA9                                               0.000     0.000 r  clk (IN)
                         net (fo=0)                   0.000     0.000    clk_IBUF_inst/I
    BA9                  INBUF (Prop_INBUF_HPIOB_M_PAD_O)
                                                      0.687     0.687 r  clk_IBUF_inst/INBUF_INST/O
                         net (fo=1, routed)           0.000     0.687    clk_IBUF_inst/OUT
    BA9                  IBUFCTRL (Prop_IBUFCTRL_HPIOB_M_I_O)
                                                      0.000     0.687 r  clk_IBUF_inst/IBUFCTRL_INST/O
                         net (fo=1, routed)           0.323     1.010    clk_IBUF
    BUFGCE_X1Y216        BUFGCE (Prop_BUFCE_BUFGCE_I_O)
                                                      0.028     1.038 r  clk_IBUF_BUFG_inst/O
    X2Y8 (CLOCK_ROOT)    net (fo=9797, routed)        2.414     3.452    clk_IBUF_BUFG
    SLICE_X93Y567        FDRE                                         r  c$ds_app_arg_reg[1219]/C
                         clock pessimism              0.000     3.452    
    SLICE_X93Y567        FDRE (Hold_DFF_SLICEM_C_CE)
                                                     -0.014     3.438    c$ds_app_arg_reg[1219]
  -------------------------------------------------------------------
                         required time                         -3.438    
                         arrival time                           1.513    
  -------------------------------------------------------------------
                         slack                                 -1.925    





Pulse Width Checks
--------------------------------------------------------------------------------------
Clock Name:         clk
Waveform(ns):       { 0.000 10.000 }
Period(ns):         20.000
Sources:            { clk }

Check Type        Corner  Lib Pin   Reference Pin  Required(ns)  Actual(ns)  Slack(ns)  Location       Pin
Min Period        n/a     BUFGCE/I  n/a            1.290         20.000      18.710     BUFGCE_X1Y216  clk_IBUF_BUFG_inst/I
Low Pulse Width   Slow    FDCE/C    n/a            0.275         10.000      9.725      SLICE_X77Y541  c$ds_app_arg_reg[0]/C
High Pulse Width  Slow    FDCE/C    n/a            0.275         10.000      9.725      SLICE_X77Y541  c$ds_app_arg_reg[0]/C



