Copyright 1986-2022 Xilinx, Inc. All Rights Reserved. Copyright 2022-2024 Advanced Micro Devices, Inc. All Rights Reserved.
--------------------------------------------------------------------------------------------------------------------------------------------------
| Tool Version      : Vivado v.2024.2 (lin64) Build 5239630 Fri Nov 08 22:34:34 MST 2024
| Date              : Mon Jan 26 21:10:18 2026
| Host              : ip-172-30-0-194 running 64-bit Ubuntu 24.04.1 LTS
| Command           : report_timing_summary -file results_chirho/post_place_timing_chirho.rpt
| Design            : searchEngineChirho
| Device            : xcvu9p-flgb2104
| Speed File        : -2  PRODUCTION 1.28 03-30-2022
| Design State      : Fully Placed
| Temperature Grade : I
--------------------------------------------------------------------------------------------------------------------------------------------------

Timing Summary Report

------------------------------------------------------------------------------------------------
| Timer Settings
| --------------
------------------------------------------------------------------------------------------------

  Enable Multi Corner Analysis               :  Yes
  Enable Pessimism Removal                   :  Yes
  Pessimism Removal Resolution               :  Nearest Common Node
  Enable Input Delay Default Clock           :  No
  Enable Preset / Clear Arcs                 :  No
  Disable Flight Delays                      :  No
  Ignore I/O Paths                           :  No
  Timing Early Launch at Borrowing Latches   :  No
  Borrow Time for Max Delay Exceptions       :  Yes
  Merge Timing Exceptions                    :  Yes
  Inter-SLR Compensation                     :  Conservative

  Corner  Analyze    Analyze    
  Name    Max Paths  Min Paths  
  ------  ---------  ---------  
  Slow    Yes        Yes        
  Fast    Yes        Yes        


------------------------------------------------------------------------------------------------
| Report Methodology
| ------------------
------------------------------------------------------------------------------------------------

No report available as report_methodology has not been run prior. Run report_methodology on the current design for the summary of methodology violations.



check_timing report

Table of Contents
-----------------
1. checking no_clock (0)
2. checking constant_clock (0)
3. checking pulse_width_clock (0)
4. checking unconstrained_internal_endpoints (0)
5. checking no_input_delay (0)
6. checking no_output_delay (0)
7. checking multiple_clock (0)
8. checking generated_clocks (0)
9. checking loops (0)
10. checking partial_input_delay (0)
11. checking partial_output_delay (0)
12. checking latch_loops (0)

1. checking no_clock (0)
------------------------
 There are 0 register/latch pins with no clock.


2. checking constant_clock (0)
------------------------------
 There are 0 register/latch pins with constant_clock.


3. checking pulse_width_clock (0)
---------------------------------
 There are 0 register/latch pins which need pulse_width check


4. checking unconstrained_internal_endpoints (0)
------------------------------------------------
 There are 0 pins that are not constrained for maximum delay.

 There are 0 pins that are not constrained for maximum delay due to constant clock.


5. checking no_input_delay (0)
------------------------------
 There are 0 input ports with no input delay specified.

 There are 0 input ports with no input delay but user has a false path constraint.


6. checking no_output_delay (0)
-------------------------------
 There are 0 ports with no output delay specified.

 There are 0 ports with no output delay but user has a false path constraint

 There are 0 ports with no output delay but with a timing clock defined on it or propagating through it


7. checking multiple_clock (0)
------------------------------
 There are 0 register/latch pins with multiple clocks.


8. checking generated_clocks (0)
--------------------------------
 There are 0 generated clocks that are not connected to a clock source.


9. checking loops (0)
---------------------
 There are 0 combinational loops in the design.


10. checking partial_input_delay (0)
------------------------------------
 There are 0 input ports with partial input delay specified.


11. checking partial_output_delay (0)
-------------------------------------
 There are 0 ports with partial output delay specified.


12. checking latch_loops (0)
----------------------------
 There are 0 combinational latch loops in the design through latch input



------------------------------------------------------------------------------------------------
| Design Timing Summary
| ---------------------
------------------------------------------------------------------------------------------------

    WNS(ns)      TNS(ns)  TNS Failing Endpoints  TNS Total Endpoints      WHS(ns)      THS(ns)  THS Failing Endpoints  THS Total Endpoints     WPWS(ns)     TPWS(ns)  TPWS Failing Endpoints  TPWS Total Endpoints  
    -------      -------  ---------------------  -------------------      -------      -------  ---------------------  -------------------     --------     --------  ----------------------  --------------------  
      0.554        0.000                      0                20641        0.051        0.000                      0                20641        9.725        0.000                       0                  9798  


All user specified timing constraints are met.


------------------------------------------------------------------------------------------------
| Clock Summary
| -------------
------------------------------------------------------------------------------------------------

Clock  Waveform(ns)       Period(ns)      Frequency(MHz)
-----  ------------       ----------      --------------
clk    {0.000 10.000}     20.000          50.000          


------------------------------------------------------------------------------------------------
| Intra Clock Table
| -----------------
------------------------------------------------------------------------------------------------

Clock             WNS(ns)      TNS(ns)  TNS Failing Endpoints  TNS Total Endpoints      WHS(ns)      THS(ns)  THS Failing Endpoints  THS Total Endpoints     WPWS(ns)     TPWS(ns)  TPWS Failing Endpoints  TPWS Total Endpoints  
-----             -------      -------  ---------------------  -------------------      -------      -------  ---------------------  -------------------     --------     --------  ----------------------  --------------------  
clk                 0.554        0.000                      0                20108        0.051        0.000                      0                20108        9.725        0.000                       0                  9798  


------------------------------------------------------------------------------------------------
| Inter Clock Table
| -----------------
------------------------------------------------------------------------------------------------

From Clock    To Clock          WNS(ns)      TNS(ns)  TNS Failing Endpoints  TNS Total Endpoints      WHS(ns)      THS(ns)  THS Failing Endpoints  THS Total Endpoints  
----------    --------          -------      -------  ---------------------  -------------------      -------      -------  ---------------------  -------------------  


------------------------------------------------------------------------------------------------
| Other Path Groups Table
| -----------------------
------------------------------------------------------------------------------------------------

Path Group         From Clock         To Clock               WNS(ns)      TNS(ns)  TNS Failing Endpoints  TNS Total Endpoints      WHS(ns)      THS(ns)  THS Failing Endpoints  THS Total Endpoints  
----------         ----------         --------               -------      -------  ---------------------  -------------------      -------      -------  ---------------------  -------------------  
**async_default**  clk                clk                     16.997        0.000                      0                  533        0.266        0.000                      0                  533  


------------------------------------------------------------------------------------------------
| Timing Details
| --------------
------------------------------------------------------------------------------------------------


---------------------------------------------------------------------------------------------------
From Clock:  clk
  To Clock:  clk

Setup :            0  Failing Endpoints,  Worst Slack        0.554ns,  Total Violation        0.000ns
Hold  :            0  Failing Endpoints,  Worst Slack        0.051ns,  Total Violation        0.000ns
PW    :            0  Failing Endpoints,  Worst Slack        9.725ns,  Total Violation        0.000ns
---------------------------------------------------------------------------------------------------


Max Delay Paths
--------------------------------------------------------------------------------------
Slack (MET) :             0.554ns  (required time - arrival time)
  Source:                 cmdChirho[65]
                            (input port clocked by clk  {rise@0.000ns fall@10.000ns period=20.000ns})
  Destination:            respChirho[512]
                            (output port clocked by clk  {rise@0.000ns fall@10.000ns period=20.000ns})
  Path Group:             clk
  Path Type:              Max at Slow Process Corner
  Requirement:            20.000ns  (clk rise@20.000ns - clk rise@0.000ns)
  Data Path Delay:        15.411ns  (logic 2.969ns (19.264%)  route 12.442ns (80.736%))
  Logic Levels:           20  (CARRY8=7 IBUFCTRL=1 INBUF=1 LUT1=2 LUT5=1 LUT6=5 MUXF7=2 OBUF=1)
  Input Delay:            2.000ns
  Output Delay:           2.000ns
  Clock Uncertainty:      0.035ns  ((TSJ^2 + TIJ^2)^1/2 + DJ) / 2 + PE
    Total System Jitter     (TSJ):    0.071ns
    Total Input Jitter      (TIJ):    0.000ns
    Discrete Jitter          (DJ):    0.000ns
    Phase Error              (PE):    0.000ns

    Location             Delay type                Incr(ns)  Path(ns)    Netlist Resource(s)
  -------------------------------------------------------------------    -------------------
                         (clock clk rise edge)        0.000     0.000 r  
                         input delay                  2.000     2.000    
    D16                                               0.000     2.000 r  cmdChirho[65] (IN)
                         net (fo=0)                   0.000     2.000    cmdChirho_IBUF[65]_inst/I
    D16                  INBUF (Prop_INBUF_HPIOB_S_PAD_O)
                                                      0.565     2.565 r  cmdChirho_IBUF[65]_inst/INBUF_INST/O
                         net (fo=1, routed)           0.000     2.565    cmdChirho_IBUF[65]_inst/OUT
    D16                  IBUFCTRL (Prop_IBUFCTRL_HPIOB_S_I_O)
                                                      0.000     2.565 r  cmdChirho_IBUF[65]_inst/IBUFCTRL_INST/O
                         net (fo=153, estimated)      4.359     6.924    cmdChirho_IBUF[65]
    SLR Crossing[2->1]   
    SLICE_X80Y455        LUT6 (Prop_F6LUT_SLICEM_I2_O)
                                                      0.037     6.961 f  respChirho_OBUF[453]_inst_i_14/O
                         net (fo=3, routed)           0.023     6.984    respChirho_OBUF[453]_inst_i_14_n_0
    SLICE_X80Y455        MUXF7 (Prop_F7MUX_EF_SLICEM_I0_O)
                                                      0.068     7.052 f  respChirho_OBUF[453]_inst_i_8/O
                         net (fo=21, estimated)       0.488     7.540    vecArray_0__0[5]
    SLICE_X81Y481        LUT1 (Prop_F6LUT_SLICEM_I0_O)
                                                      0.037     7.577 r  respChirho_OBUF[455]_inst_i_19/O
                         net (fo=1, routed)           0.022     7.599    respChirho_OBUF[455]_inst_i_19_n_0
    SLICE_X81Y481        CARRY8 (Prop_CARRY8_SLICEM_S[5]_CO[7])
                                                      0.159     7.758 r  respChirho_OBUF[455]_inst_i_9/CO[7]
                         net (fo=1, estimated)        0.026     7.784    respChirho_OBUF[455]_inst_i_9_n_0
    SLICE_X81Y482        CARRY8 (Prop_CARRY8_SLICEM_CI_O[4])
                                                      0.086     7.870 f  respChirho_OBUF[463]_inst_i_9/O[4]
                         net (fo=9, estimated)        0.600     8.470    ds40[12]
    SLICE_X72Y450        LUT6 (Prop_G6LUT_SLICEM_I0_O)
                                                      0.090     8.560 f  respChirho_OBUF[140]_inst_i_5/O
                         net (fo=1, routed)           0.017     8.577    respChirho_OBUF[140]_inst_i_5_n_0
    SLICE_X72Y450        MUXF7 (Prop_F7MUX_GH_SLICEM_I1_O)
                                                      0.067     8.644 f  respChirho_OBUF[140]_inst_i_2/O
                         net (fo=1, estimated)        0.304     8.948    respChirho_OBUF[140]_inst_i_2_n_0
    SLICE_X68Y452        LUT5 (Prop_F6LUT_SLICEM_I0_O)
                                                      0.098     9.046 f  respChirho_OBUF[140]_inst_i_1/O
                         net (fo=6, estimated)        0.799     9.845    respChirho_OBUF[140]
    SLICE_X64Y501        LUT1 (Prop_D6LUT_SLICEM_I0_O)
                                                      0.037     9.882 r  respChirho_OBUF[512]_inst_i_881/O
                         net (fo=1, routed)           0.025     9.907    respChirho_OBUF[512]_inst_i_881_n_0
    SLICE_X64Y501        CARRY8 (Prop_CARRY8_SLICEM_S[3]_CO[7])
                                                      0.163    10.070 r  respChirho_OBUF[512]_inst_i_689/CO[7]
                         net (fo=1, estimated)        0.026    10.096    respChirho_OBUF[512]_inst_i_689_n_0
    SLICE_X64Y502        CARRY8 (Prop_CARRY8_SLICEM_CI_CO[7])
                                                      0.015    10.111 r  respChirho_OBUF[512]_inst_i_403/CO[7]
                         net (fo=1, estimated)        0.026    10.137    respChirho_OBUF[512]_inst_i_403_n_0
    SLICE_X64Y503        CARRY8 (Prop_CARRY8_SLICEM_CI_O[5])
                                                      0.116    10.253 f  respChirho_OBUF[512]_inst_i_402/O[5]
                         net (fo=1, estimated)        0.339    10.592    map[2].map_out2[30]
    SLICE_X65Y504        LUT6 (Prop_C6LUT_SLICEL_I5_O)
                                                      0.146    10.738 r  respChirho_OBUF[512]_inst_i_190/O
                         net (fo=1, routed)           0.010    10.748    respChirho_OBUF[512]_inst_i_190_n_0
    SLICE_X65Y504        CARRY8 (Prop_CARRY8_SLICEL_S[2]_CO[7])
                                                      0.155    10.903 r  respChirho_OBUF[512]_inst_i_56/CO[7]
                         net (fo=1, estimated)        0.026    10.929    respChirho_OBUF[512]_inst_i_56_n_0
    SLICE_X65Y505        CARRY8 (Prop_CARRY8_SLICEL_CI_CO[5])
                                                      0.077    11.006 r  respChirho_OBUF[512]_inst_i_10/CO[5]
                         net (fo=1, estimated)        0.770    11.776    map[2].map_out0
    SLICE_X70Y448        LUT6 (Prop_G6LUT_SLICEM_I3_O)
                                                      0.100    11.876 r  respChirho_OBUF[512]_inst_i_2/O
                         net (fo=1, estimated)        3.634    15.510    respChirho_OBUF[512]_inst_i_2_n_0
    SLR Crossing[1->0]   
    SLICE_X55Y82         LUT6 (Prop_G6LUT_SLICEL_I0_O)
                                                      0.050    15.560 r  respChirho_OBUF[512]_inst_i_1/O
                         net (fo=1, estimated)        0.948    16.508    respChirho_OBUF[512]
    BC33                 OBUF (Prop_OUTBUF_HPIOB_SNGL_I_O)
                                                      0.903    17.411 r  respChirho_OBUF[512]_inst/O
                         net (fo=0)                   0.000    17.411    respChirho[512]
    BC33                                                              r  respChirho[512] (OUT)
  -------------------------------------------------------------------    -------------------

                         (clock clk rise edge)       20.000    20.000 r  
                         clock pessimism              0.000    20.000    
                         clock uncertainty           -0.035    19.965    
                         output delay                -2.000    17.965    
  -------------------------------------------------------------------
                         required time                         17.965    
                         arrival time                         -17.411    
  -------------------------------------------------------------------
                         slack                                  0.554    





Min Delay Paths
--------------------------------------------------------------------------------------
Slack (MET) :             0.051ns  (arrival time - required time)
  Source:                 c$ds_app_arg_reg[638]/C
                            (rising edge-triggered cell FDRE clocked by clk  {rise@0.000ns fall@10.000ns period=20.000ns})
  Destination:            c$ds_app_arg_reg[638]/D
                            (rising edge-triggered cell FDRE clocked by clk  {rise@0.000ns fall@10.000ns period=20.000ns})
  Path Group:             clk
  Path Type:              Hold (Min at Fast Process Corner)
  Requirement:            0.000ns  (clk rise@0.000ns - clk rise@0.000ns)
  Data Path Delay:        0.103ns  (logic 0.062ns (60.194%)  route 0.041ns (39.806%))
  Logic Levels:           1  (LUT3=1)
  Clock Path Skew:        0.006ns (DCD - SCD - CPR)
    Destination Clock Delay (DCD):    2.206ns
    Source Clock Delay      (SCD):    1.814ns
    Clock Pessimism Removal (CPR):    0.386ns
  Clock Net Delay (Source):      1.336ns (routing 0.810ns, distribution 0.526ns)
  Clock Net Delay (Destination): 1.503ns (routing 0.900ns, distribution 0.603ns)

    Location             Delay type                Incr(ns)  Path(ns)    Netlist Resource(s)
  -------------------------------------------------------------------    -------------------
                         (clock clk rise edge)        0.000     0.000 r  
    BA9                                               0.000     0.000 r  clk (IN)
                         net (fo=0)                   0.000     0.000    clk_IBUF_inst/I
    BA9                  INBUF (Prop_INBUF_HPIOB_M_PAD_O)
                                                      0.320     0.320 r  clk_IBUF_inst/INBUF_INST/O
                         net (fo=1, routed)           0.000     0.320    clk_IBUF_inst/OUT
    BA9                  IBUFCTRL (Prop_IBUFCTRL_HPIOB_M_I_O)
                                                      0.000     0.320 r  clk_IBUF_inst/IBUFCTRL_INST/O
                         net (fo=1, estimated)        0.141     0.461    clk_IBUF
    BUFGCE_X1Y216        BUFGCE (Prop_BUFCE_BUFGCE_I_O)
                                                      0.017     0.478 r  clk_IBUF_BUFG_inst/O
    X2Y7 (CLOCK_ROOT)    net (fo=9797, estimated)     1.336     1.814    clk_IBUF_BUFG
    SLICE_X94Y521        FDRE                                         r  c$ds_app_arg_reg[638]/C
  -------------------------------------------------------------------    -------------------
    SLICE_X94Y521        FDRE (Prop_BFF_SLICEL_C_Q)
                                                      0.039     1.853 r  c$ds_app_arg_reg[638]/Q
                         net (fo=3, estimated)        0.026     1.879    vecArray[14][54]
    SLICE_X94Y521        LUT3 (Prop_B6LUT_SLICEL_I2_O)
                                                      0.023     1.902 r  c$ds_app_arg[638]_i_1/O
                         net (fo=1, routed)           0.015     1.917    stChirho'[638]
    SLICE_X94Y521        FDRE                                         r  c$ds_app_arg_reg[638]/D
  -------------------------------------------------------------------    -------------------

                         (clock clk rise edge)        0.000     0.000 r  
    BA9                                               0.000     0.000 r  clk (IN)
                         net (fo=0)                   0.000     0.000    clk_IBUF_inst/I
    BA9                  INBUF (Prop_INBUF_HPIOB_M_PAD_O)
                                                      0.507     0.507 r  clk_IBUF_inst/INBUF_INST/O
                         net (fo=1, routed)           0.000     0.507    clk_IBUF_inst/OUT
    BA9                  IBUFCTRL (Prop_IBUFCTRL_HPIOB_M_I_O)
                                                      0.000     0.507 r  clk_IBUF_inst/IBUFCTRL_INST/O
                         net (fo=1, estimated)        0.177     0.684    clk_IBUF
    BUFGCE_X1Y216        BUFGCE (Prop_BUFCE_BUFGCE_I_O)
                                                      0.019     0.703 r  clk_IBUF_BUFG_inst/O
    X2Y7 (CLOCK_ROOT)    net (fo=9797, estimated)     1.503     2.206    clk_IBUF_BUFG
    SLICE_X94Y521        FDRE                                         r  c$ds_app_arg_reg[638]/C
                         clock pessimism             -0.386     1.820    
    SLICE_X94Y521        FDRE (Hold_BFF_SLICEL_C_D)
                                                      0.046     1.866    c$ds_app_arg_reg[638]
  -------------------------------------------------------------------
                         required time                         -1.866    
                         arrival time                           1.917    
  -------------------------------------------------------------------
                         slack                                  0.051    





Pulse Width Checks
--------------------------------------------------------------------------------------
Clock Name:         clk
Waveform(ns):       { 0.000 10.000 }
Period(ns):         20.000
Sources:            { clk }

Check Type        Corner  Lib Pin   Reference Pin  Required(ns)  Actual(ns)  Slack(ns)  Location       Pin
Min Period        n/a     BUFGCE/I  n/a            1.290         20.000      18.710     BUFGCE_X1Y216  clk_IBUF_BUFG_inst/I
Low Pulse Width   Slow    FDCE/C    n/a            0.275         10.000      9.725      SLICE_X74Y502  c$ds_app_arg_reg[0]/C
High Pulse Width  Slow    FDCE/C    n/a            0.275         10.000      9.725      SLICE_X74Y502  c$ds_app_arg_reg[0]/C



---------------------------------------------------------------------------------------------------
Path Group:  **async_default**
From Clock:  clk
  To Clock:  clk

Setup :            0  Failing Endpoints,  Worst Slack       16.997ns,  Total Violation        0.000ns
Hold  :            0  Failing Endpoints,  Worst Slack        0.266ns,  Total Violation        0.000ns
---------------------------------------------------------------------------------------------------


Max Delay Paths
--------------------------------------------------------------------------------------
Slack (MET) :             16.997ns  (required time - arrival time)
  Source:                 rst
                            (input port clocked by clk  {rise@0.000ns fall@10.000ns period=20.000ns})
  Destination:            c$ds_app_arg_reg[9742]/PRE
                            (recovery check against rising-edge clock clk  {rise@0.000ns fall@10.000ns period=20.000ns})
  Path Group:             **async_default**
  Path Type:              Recovery (Max at Slow Process Corner)
  Requirement:            20.000ns  (clk rise@20.000ns - clk rise@0.000ns)
  Data Path Delay:        3.707ns  (logic 0.700ns (18.875%)  route 3.007ns (81.125%))
  Logic Levels:           2  (IBUFCTRL=1 INBUF=1)
  Input Delay:            2.000ns
  Clock Path Skew:        2.805ns (DCD - SCD + CPR)
    Destination Clock Delay (DCD):    2.805ns = ( 22.805 - 20.000 ) 
    Source Clock Delay      (SCD):    0.000ns
    Clock Pessimism Removal (CPR):    0.000ns
  Clock Uncertainty:      0.035ns  ((TSJ^2 + TIJ^2)^1/2 + DJ) / 2 + PE
    Total System Jitter     (TSJ):    0.071ns
    Total Input Jitter      (TIJ):    0.000ns
    Discrete Jitter          (DJ):    0.000ns
    Phase Error              (PE):    0.000ns
  Clock Net Delay (Destination): 2.063ns (routing 1.355ns, distribution 0.708ns)

    Location             Delay type                Incr(ns)  Path(ns)    Netlist Resource(s)
  -------------------------------------------------------------------    -------------------
                         (clock clk rise edge)        0.000     0.000 r  
                         input delay                  2.000     2.000    
    BB9                                               0.000     2.000 f  rst (IN)
                         net (fo=0)                   0.000     2.000    rst_IBUF_inst/I
    BB9                  INBUF (Prop_INBUF_HPIOB_M_PAD_O)
                                                      0.700     2.700 f  rst_IBUF_inst/INBUF_INST/O
                         net (fo=1, routed)           0.000     2.700    rst_IBUF_inst/OUT
    BB9                  IBUFCTRL (Prop_IBUFCTRL_HPIOB_M_I_O)
                                                      0.000     2.700 f  rst_IBUF_inst/IBUFCTRL_INST/O
                         net (fo=533, estimated)      3.007     5.707    rst_IBUF
    SLICE_X68Y436        FDPE                                         f  c$ds_app_arg_reg[9742]/PRE
  -------------------------------------------------------------------    -------------------

                         (clock clk rise edge)       20.000    20.000 r  
    BA9                                               0.000    20.000 r  clk (IN)
                         net (fo=0)                   0.000    20.000    clk_IBUF_inst/I
    BA9                  INBUF (Prop_INBUF_HPIOB_M_PAD_O)
                                                      0.435    20.435 r  clk_IBUF_inst/INBUF_INST/O
                         net (fo=1, routed)           0.000    20.435    clk_IBUF_inst/OUT
    BA9                  IBUFCTRL (Prop_IBUFCTRL_HPIOB_M_I_O)
                                                      0.000    20.435 r  clk_IBUF_inst/IBUFCTRL_INST/O
                         net (fo=1, estimated)        0.283    20.718    clk_IBUF
    BUFGCE_X1Y216        BUFGCE (Prop_BUFCE_BUFGCE_I_O)
                                                      0.024    20.742 r  clk_IBUF_BUFG_inst/O
    X2Y7 (CLOCK_ROOT)    net (fo=9797, estimated)     2.063    22.805    clk_IBUF_BUFG
    SLICE_X68Y436        FDPE                                         r  c$ds_app_arg_reg[9742]/C
                         clock pessimism              0.000    22.805    
                         clock uncertainty           -0.035    22.770    
    SLICE_X68Y436        FDPE (Recov_EFF_SLICEM_C_PRE)
                                                     -0.066    22.704    c$ds_app_arg_reg[9742]
  -------------------------------------------------------------------
                         required time                         22.704    
                         arrival time                          -5.707    
  -------------------------------------------------------------------
                         slack                                 16.997    





Min Delay Paths
--------------------------------------------------------------------------------------
Slack (MET) :             0.266ns  (arrival time - required time)
  Source:                 rst
                            (input port clocked by clk  {rise@0.000ns fall@10.000ns period=20.000ns})
  Destination:            c$ds_app_arg_reg[4643]/CLR
                            (removal check against rising-edge clock clk  {rise@0.000ns fall@10.000ns period=20.000ns})
  Path Group:             **async_default**
  Path Type:              Removal (Min at Slow Process Corner)
  Requirement:            0.000ns  (clk rise@0.000ns - clk rise@0.000ns)
  Data Path Delay:        1.759ns  (logic 0.448ns (25.461%)  route 1.311ns (74.539%))
  Logic Levels:           2  (IBUFCTRL=1 INBUF=1)
  Input Delay:            2.000ns
  Clock Path Skew:        3.525ns (DCD - SCD - CPR)
    Destination Clock Delay (DCD):    3.525ns
    Source Clock Delay      (SCD):    0.000ns
    Clock Pessimism Removal (CPR):    -0.000ns
  Clock Net Delay (Destination): 2.491ns (routing 1.489ns, distribution 1.002ns)

    Location             Delay type                Incr(ns)  Path(ns)    Netlist Resource(s)
  -------------------------------------------------------------------    -------------------
                         (clock clk rise edge)        0.000     0.000 r  
                         input delay                  2.000     2.000    
    BB9                                               0.000     2.000 f  rst (IN)
                         net (fo=0)                   0.000     2.000    rst_IBUF_inst/I
    BB9                  INBUF (Prop_INBUF_HPIOB_M_PAD_O)
                                                      0.448     2.448 f  rst_IBUF_inst/INBUF_INST/O
                         net (fo=1, routed)           0.000     2.448    rst_IBUF_inst/OUT
    BB9                  IBUFCTRL (Prop_IBUFCTRL_HPIOB_M_I_O)
                                                      0.000     2.448 f  rst_IBUF_inst/IBUFCTRL_INST/O
                         net (fo=533, estimated)      1.311     3.759    rst_IBUF
    SLICE_X96Y519        FDCE                                         f  c$ds_app_arg_reg[4643]/CLR
  -------------------------------------------------------------------    -------------------

                         (clock clk rise edge)        0.000     0.000 r  
    BA9                                               0.000     0.000 r  clk (IN)
                         net (fo=0)                   0.000     0.000    clk_IBUF_inst/I
    BA9                  INBUF (Prop_INBUF_HPIOB_M_PAD_O)
                                                      0.687     0.687 r  clk_IBUF_inst/INBUF_INST/O
                         net (fo=1, routed)           0.000     0.687    clk_IBUF_inst/OUT
    BA9                  IBUFCTRL (Prop_IBUFCTRL_HPIOB_M_I_O)
                                                      0.000     0.687 r  clk_IBUF_inst/IBUFCTRL_INST/O
                         net (fo=1, estimated)        0.319     1.006    clk_IBUF
    BUFGCE_X1Y216        BUFGCE (Prop_BUFCE_BUFGCE_I_O)
                                                      0.028     1.034 r  clk_IBUF_BUFG_inst/O
    X2Y7 (CLOCK_ROOT)    net (fo=9797, estimated)     2.491     3.525    clk_IBUF_BUFG
    SLICE_X96Y519        FDCE                                         r  c$ds_app_arg_reg[4643]/C
                         clock pessimism              0.000     3.525    
    SLICE_X96Y519        FDCE (Remov_DFF_SLICEL_C_CLR)
                                                     -0.032     3.493    c$ds_app_arg_reg[4643]
  -------------------------------------------------------------------
                         required time                         -3.493    
                         arrival time                           3.759    
  -------------------------------------------------------------------
                         slack                                  0.266    





