Copyright 1986-2022 Xilinx, Inc. All Rights Reserved. Copyright 2022-2024 Advanced Micro Devices, Inc. All Rights Reserved.
--------------------------------------------------------------------------------------------------------------------------------------------------
| Tool Version      : Vivado v.2024.2 (lin64) Build 5239630 Fri Nov 08 22:34:34 MST 2024
| Date              : Mon Jan 26 21:16:13 2026
| Host              : ip-172-30-0-194 running 64-bit Ubuntu 24.04.1 LTS
| Command           : report_timing_summary -file results_chirho/post_route_timing_chirho.rpt
| Design            : searchEngineChirho
| Device            : xcvu9p-flgb2104
| Speed File        : -2  PRODUCTION 1.28 03-30-2022
| Design State      : Routed
| Temperature Grade : I
--------------------------------------------------------------------------------------------------------------------------------------------------

Timing Summary Report

------------------------------------------------------------------------------------------------
| Timer Settings
| --------------
------------------------------------------------------------------------------------------------

  Enable Multi Corner Analysis               :  Yes
  Enable Pessimism Removal                   :  Yes
  Pessimism Removal Resolution               :  Nearest Common Node
  Enable Input Delay Default Clock           :  No
  Enable Preset / Clear Arcs                 :  No
  Disable Flight Delays                      :  No
  Ignore I/O Paths                           :  No
  Timing Early Launch at Borrowing Latches   :  No
  Borrow Time for Max Delay Exceptions       :  Yes
  Merge Timing Exceptions                    :  Yes
  Inter-SLR Compensation                     :  Conservative

  Corner  Analyze    Analyze    
  Name    Max Paths  Min Paths  
  ------  ---------  ---------  
  Slow    Yes        Yes        
  Fast    Yes        Yes        


------------------------------------------------------------------------------------------------
| Report Methodology
| ------------------
------------------------------------------------------------------------------------------------

No report available as report_methodology has not been run prior. Run report_methodology on the current design for the summary of methodology violations.



check_timing report

Table of Contents
-----------------
1. checking no_clock (0)
2. checking constant_clock (0)
3. checking pulse_width_clock (0)
4. checking unconstrained_internal_endpoints (0)
5. checking no_input_delay (0)
6. checking no_output_delay (0)
7. checking multiple_clock (0)
8. checking generated_clocks (0)
9. checking loops (0)
10. checking partial_input_delay (0)
11. checking partial_output_delay (0)
12. checking latch_loops (0)

1. checking no_clock (0)
------------------------
 There are 0 register/latch pins with no clock.


2. checking constant_clock (0)
------------------------------
 There are 0 register/latch pins with constant_clock.


3. checking pulse_width_clock (0)
---------------------------------
 There are 0 register/latch pins which need pulse_width check


4. checking unconstrained_internal_endpoints (0)
------------------------------------------------
 There are 0 pins that are not constrained for maximum delay.

 There are 0 pins that are not constrained for maximum delay due to constant clock.


5. checking no_input_delay (0)
------------------------------
 There are 0 input ports with no input delay specified.

 There are 0 input ports with no input delay but user has a false path constraint.


6. checking no_output_delay (0)
-------------------------------
 There are 0 ports with no output delay specified.

 There are 0 ports with no output delay but user has a false path constraint

 There are 0 ports with no output delay but with a timing clock defined on it or propagating through it


7. checking multiple_clock (0)
------------------------------
 There are 0 register/latch pins with multiple clocks.


8. checking generated_clocks (0)
--------------------------------
 There are 0 generated clocks that are not connected to a clock source.


9. checking loops (0)
---------------------
 There are 0 combinational loops in the design.


10. checking partial_input_delay (0)
------------------------------------
 There are 0 input ports with partial input delay specified.


11. checking partial_output_delay (0)
-------------------------------------
 There are 0 ports with partial output delay specified.


12. checking latch_loops (0)
----------------------------
 There are 0 combinational latch loops in the design through latch input



------------------------------------------------------------------------------------------------
| Design Timing Summary
| ---------------------
------------------------------------------------------------------------------------------------

    WNS(ns)      TNS(ns)  TNS Failing Endpoints  TNS Total Endpoints      WHS(ns)      THS(ns)  THS Failing Endpoints  THS Total Endpoints     WPWS(ns)     TPWS(ns)  TPWS Failing Endpoints  TPWS Total Endpoints  
    -------      -------  ---------------------  -------------------      -------      -------  ---------------------  -------------------     --------     --------  ----------------------  --------------------  
      0.504        0.000                      0                20641        0.042        0.000                      0                20641        9.725        0.000                       0                  9798  


All user specified timing constraints are met.


------------------------------------------------------------------------------------------------
| Clock Summary
| -------------
------------------------------------------------------------------------------------------------

Clock  Waveform(ns)       Period(ns)      Frequency(MHz)
-----  ------------       ----------      --------------
clk    {0.000 10.000}     20.000          50.000          


------------------------------------------------------------------------------------------------
| Intra Clock Table
| -----------------
------------------------------------------------------------------------------------------------

Clock             WNS(ns)      TNS(ns)  TNS Failing Endpoints  TNS Total Endpoints      WHS(ns)      THS(ns)  THS Failing Endpoints  THS Total Endpoints     WPWS(ns)     TPWS(ns)  TPWS Failing Endpoints  TPWS Total Endpoints  
-----             -------      -------  ---------------------  -------------------      -------      -------  ---------------------  -------------------     --------     --------  ----------------------  --------------------  
clk                 0.504        0.000                      0                20108        0.042        0.000                      0                20108        9.725        0.000                       0                  9798  


------------------------------------------------------------------------------------------------
| Inter Clock Table
| -----------------
------------------------------------------------------------------------------------------------

From Clock    To Clock          WNS(ns)      TNS(ns)  TNS Failing Endpoints  TNS Total Endpoints      WHS(ns)      THS(ns)  THS Failing Endpoints  THS Total Endpoints  
----------    --------          -------      -------  ---------------------  -------------------      -------      -------  ---------------------  -------------------  


------------------------------------------------------------------------------------------------
| Other Path Groups Table
| -----------------------
------------------------------------------------------------------------------------------------

Path Group         From Clock         To Clock               WNS(ns)      TNS(ns)  TNS Failing Endpoints  TNS Total Endpoints      WHS(ns)      THS(ns)  THS Failing Endpoints  THS Total Endpoints  
----------         ----------         --------               -------      -------  ---------------------  -------------------      -------      -------  ---------------------  -------------------  
**async_default**  clk                clk                     14.625        0.000                      0                  533        0.267        0.000                      0                  533  


------------------------------------------------------------------------------------------------
| Timing Details
| --------------
------------------------------------------------------------------------------------------------


---------------------------------------------------------------------------------------------------
From Clock:  clk
  To Clock:  clk

Setup :            0  Failing Endpoints,  Worst Slack        0.504ns,  Total Violation        0.000ns
Hold  :            0  Failing Endpoints,  Worst Slack        0.042ns,  Total Violation        0.000ns
PW    :            0  Failing Endpoints,  Worst Slack        9.725ns,  Total Violation        0.000ns
---------------------------------------------------------------------------------------------------


Max Delay Paths
--------------------------------------------------------------------------------------
Slack (MET) :             0.504ns  (required time - arrival time)
  Source:                 cmdChirho[65]
                            (input port clocked by clk  {rise@0.000ns fall@10.000ns period=20.000ns})
  Destination:            respChirho[512]
                            (output port clocked by clk  {rise@0.000ns fall@10.000ns period=20.000ns})
  Path Group:             clk
  Path Type:              Max at Slow Process Corner
  Requirement:            20.000ns  (clk rise@20.000ns - clk rise@0.000ns)
  Data Path Delay:        15.460ns  (logic 3.107ns (20.095%)  route 12.354ns (79.905%))
  Logic Levels:           22  (CARRY8=9 IBUFCTRL=1 INBUF=1 LUT1=2 LUT5=1 LUT6=5 MUXF7=2 OBUF=1)
  Input Delay:            2.000ns
  Output Delay:           2.000ns
  Clock Uncertainty:      0.035ns  ((TSJ^2 + TIJ^2)^1/2 + DJ) / 2 + PE
    Total System Jitter     (TSJ):    0.071ns
    Total Input Jitter      (TIJ):    0.000ns
    Discrete Jitter          (DJ):    0.000ns
    Phase Error              (PE):    0.000ns

    Location             Delay type                Incr(ns)  Path(ns)    Netlist Resource(s)
  -------------------------------------------------------------------    -------------------
                         (clock clk rise edge)        0.000     0.000 r  
                         input delay                  2.000     2.000    
    D16                                               0.000     2.000 r  cmdChirho[65] (IN)
                         net (fo=0)                   0.000     2.000    cmdChirho_IBUF[65]_inst/I
    D16                  INBUF (Prop_INBUF_HPIOB_S_PAD_O)
                                                      0.565     2.565 r  cmdChirho_IBUF[65]_inst/INBUF_INST/O
                         net (fo=1, routed)           0.000     2.565    cmdChirho_IBUF[65]_inst/OUT
    D16                  IBUFCTRL (Prop_IBUFCTRL_HPIOB_S_I_O)
                                                      0.000     2.565 r  cmdChirho_IBUF[65]_inst/IBUFCTRL_INST/O
                         net (fo=153, routed)         4.490     7.055    cmdChirho_IBUF[65]
    SLR Crossing[2->1]   
    SLICE_X81Y439        LUT6 (Prop_A6LUT_SLICEM_I2_O)
                                                      0.125     7.180 f  respChirho_OBUF[458]_inst_i_15/O
                         net (fo=3, routed)           0.018     7.198    respChirho_OBUF[458]_inst_i_15_n_0
    SLICE_X81Y439        MUXF7 (Prop_F7MUX_AB_SLICEM_I1_O)
                                                      0.065     7.263 f  respChirho_OBUF[458]_inst_i_8/O
                         net (fo=21, routed)          0.528     7.790    vecArray_0__0[10]
    SLICE_X81Y482        LUT1 (Prop_C6LUT_SLICEM_I0_O)
                                                      0.051     7.841 r  respChirho_OBUF[463]_inst_i_22/O
                         net (fo=1, routed)           0.021     7.862    respChirho_OBUF[463]_inst_i_22_n_0
    SLICE_X81Y482        CARRY8 (Prop_CARRY8_SLICEM_S[2]_CO[7])
                                                      0.161     8.023 r  respChirho_OBUF[463]_inst_i_9/CO[7]
                         net (fo=1, routed)           0.026     8.049    respChirho_OBUF[463]_inst_i_9_n_0
    SLICE_X81Y483        CARRY8 (Prop_CARRY8_SLICEM_CI_CO[7])
                                                      0.015     8.064 r  respChirho_OBUF[471]_inst_i_9/CO[7]
                         net (fo=1, routed)           0.026     8.090    respChirho_OBUF[471]_inst_i_9_n_0
    SLICE_X81Y484        CARRY8 (Prop_CARRY8_SLICEM_CI_CO[7])
                                                      0.015     8.105 r  respChirho_OBUF[479]_inst_i_9/CO[7]
                         net (fo=1, routed)           0.026     8.131    respChirho_OBUF[479]_inst_i_9_n_0
    SLICE_X81Y485        CARRY8 (Prop_CARRY8_SLICEM_CI_CO[7])
                                                      0.015     8.146 r  respChirho_OBUF[487]_inst_i_9/CO[7]
                         net (fo=1, routed)           0.026     8.172    respChirho_OBUF[487]_inst_i_9_n_0
    SLICE_X81Y486        CARRY8 (Prop_CARRY8_SLICEM_CI_CO[7])
                                                      0.015     8.187 r  respChirho_OBUF[495]_inst_i_9/CO[7]
                         net (fo=1, routed)           0.026     8.213    respChirho_OBUF[495]_inst_i_9_n_0
    SLICE_X81Y487        CARRY8 (Prop_CARRY8_SLICEM_CI_O[6])
                                                      0.103     8.316 f  respChirho_OBUF[503]_inst_i_9/O[6]
                         net (fo=9, routed)           0.807     9.124    ds40[54]
    SLICE_X86Y520        LUT6 (Prop_C6LUT_SLICEL_I0_O)
                                                      0.088     9.212 f  respChirho_OBUF[310]_inst_i_5/O
                         net (fo=1, routed)           0.010     9.222    respChirho_OBUF[310]_inst_i_5_n_0
    SLICE_X86Y520        MUXF7 (Prop_F7MUX_CD_SLICEL_I1_O)
                                                      0.064     9.286 f  respChirho_OBUF[310]_inst_i_2/O
                         net (fo=1, routed)           0.186     9.472    respChirho_OBUF[310]_inst_i_2_n_0
    SLICE_X85Y520        LUT5 (Prop_H6LUT_SLICEL_I0_O)
                                                      0.150     9.622 f  respChirho_OBUF[310]_inst_i_1/O
                         net (fo=6, routed)           0.973    10.595    respChirho_OBUF[310]
    SLICE_X72Y436        LUT1 (Prop_F6LUT_SLICEM_I0_O)
                                                      0.088    10.683 r  respChirho_OBUF[512]_inst_i_447/O
                         net (fo=1, routed)           0.022    10.705    respChirho_OBUF[512]_inst_i_447_n_0
    SLICE_X72Y436        CARRY8 (Prop_CARRY8_SLICEM_S[5]_CO[7])
                                                      0.159    10.864 r  respChirho_OBUF[512]_inst_i_206/CO[7]
                         net (fo=1, routed)           0.026    10.890    respChirho_OBUF[512]_inst_i_206_n_0
    SLICE_X72Y437        CARRY8 (Prop_CARRY8_SLICEM_CI_O[1])
                                                      0.076    10.966 f  respChirho_OBUF[512]_inst_i_205/O[1]
                         net (fo=1, routed)           0.278    11.244    map[4].map_out2[58]
    SLICE_X73Y434        LUT6 (Prop_D6LUT_SLICEL_I2_O)
                                                      0.122    11.366 r  respChirho_OBUF[512]_inst_i_66/O
                         net (fo=1, routed)           0.009    11.375    respChirho_OBUF[512]_inst_i_66_n_0
    SLICE_X73Y434        CARRY8 (Prop_CARRY8_SLICEL_S[3]_CO[5])
                                                      0.142    11.517 r  respChirho_OBUF[512]_inst_i_11/CO[5]
                         net (fo=1, routed)           0.358    11.875    map[4].map_out0
    SLICE_X70Y448        LUT6 (Prop_G6LUT_SLICEM_I4_O)
                                                      0.150    12.025 r  respChirho_OBUF[512]_inst_i_2/O
                         net (fo=1, routed)           3.551    15.576    respChirho_OBUF[512]_inst_i_2_n_0
    SLR Crossing[1->0]   
    SLICE_X55Y82         LUT6 (Prop_G6LUT_SLICEL_I0_O)
                                                      0.035    15.611 r  respChirho_OBUF[512]_inst_i_1/O
                         net (fo=1, routed)           0.947    16.558    respChirho_OBUF[512]
    BC33                 OBUF (Prop_OUTBUF_HPIOB_SNGL_I_O)
                                                      0.903    17.460 r  respChirho_OBUF[512]_inst/O
                         net (fo=0)                   0.000    17.460    respChirho[512]
    BC33                                                              r  respChirho[512] (OUT)
  -------------------------------------------------------------------    -------------------

                         (clock clk rise edge)       20.000    20.000 r  
                         clock pessimism              0.000    20.000    
                         clock uncertainty           -0.035    19.965    
                         output delay                -2.000    17.965    
  -------------------------------------------------------------------
                         required time                         17.965    
                         arrival time                         -17.460    
  -------------------------------------------------------------------
                         slack                                  0.504    





Min Delay Paths
--------------------------------------------------------------------------------------
Slack (MET) :             0.042ns  (arrival time - required time)
  Source:                 c$ds_app_arg_reg[6473]/C
                            (rising edge-triggered cell FDRE clocked by clk  {rise@0.000ns fall@10.000ns period=20.000ns})
  Destination:            c$ds_app_arg_reg[6473]/D
                            (rising edge-triggered cell FDRE clocked by clk  {rise@0.000ns fall@10.000ns period=20.000ns})
  Path Group:             clk
  Path Type:              Hold (Min at Fast Process Corner)
  Requirement:            0.000ns  (clk rise@0.000ns - clk rise@0.000ns)
  Data Path Delay:        0.094ns  (logic 0.054ns (57.540%)  route 0.040ns (42.460%))
  Logic Levels:           1  (LUT6=1)
  Clock Path Skew:        0.006ns (DCD - SCD - CPR)
    Destination Clock Delay (DCD):    2.222ns
    Source Clock Delay      (SCD):    1.828ns
    Clock Pessimism Removal (CPR):    0.388ns
  Clock Net Delay (Source):      1.347ns (routing 0.785ns, distribution 0.562ns)
  Clock Net Delay (Destination): 1.515ns (routing 0.872ns, distribution 0.643ns)

    Location             Delay type                Incr(ns)  Path(ns)    Netlist Resource(s)
  -------------------------------------------------------------------    -------------------
                         (clock clk rise edge)        0.000     0.000 r  
    BA9                                               0.000     0.000 r  clk (IN)
                         net (fo=0)                   0.000     0.000    clk_IBUF_inst/I
    BA9                  INBUF (Prop_INBUF_HPIOB_M_PAD_O)
                                                      0.320     0.320 r  clk_IBUF_inst/INBUF_INST/O
                         net (fo=1, routed)           0.000     0.320    clk_IBUF_inst/OUT
    BA9                  IBUFCTRL (Prop_IBUFCTRL_HPIOB_M_I_O)
                                                      0.000     0.320 r  clk_IBUF_inst/IBUFCTRL_INST/O
                         net (fo=1, routed)           0.144     0.464    clk_IBUF
    BUFGCE_X1Y216        BUFGCE (Prop_BUFCE_BUFGCE_I_O)
                                                      0.017     0.481 r  clk_IBUF_BUFG_inst/O
    X2Y7 (CLOCK_ROOT)    net (fo=9797, routed)        1.347     1.828    clk_IBUF_BUFG
    SLICE_X101Y467       FDRE                                         r  c$ds_app_arg_reg[6473]/C
  -------------------------------------------------------------------    -------------------
    SLICE_X101Y467       FDRE (Prop_BFF_SLICEL_C_Q)
                                                      0.039     1.867 r  c$ds_app_arg_reg[6473]/Q
                         net (fo=3, routed)           0.025     1.892    vecArray[4][89]
    SLICE_X101Y467       LUT6 (Prop_B6LUT_SLICEL_I5_O)
                                                      0.015     1.907 r  c$ds_app_arg[6473]_i_1/O
                         net (fo=1, routed)           0.015     1.922    stChirho'[6473]
    SLICE_X101Y467       FDRE                                         r  c$ds_app_arg_reg[6473]/D
  -------------------------------------------------------------------    -------------------

                         (clock clk rise edge)        0.000     0.000 r  
    BA9                                               0.000     0.000 r  clk (IN)
                         net (fo=0)                   0.000     0.000    clk_IBUF_inst/I
    BA9                  INBUF (Prop_INBUF_HPIOB_M_PAD_O)
                                                      0.507     0.507 r  clk_IBUF_inst/INBUF_INST/O
                         net (fo=1, routed)           0.000     0.507    clk_IBUF_inst/OUT
    BA9                  IBUFCTRL (Prop_IBUFCTRL_HPIOB_M_I_O)
                                                      0.000     0.507 r  clk_IBUF_inst/IBUFCTRL_INST/O
                         net (fo=1, routed)           0.181     0.688    clk_IBUF
    BUFGCE_X1Y216        BUFGCE (Prop_BUFCE_BUFGCE_I_O)
                                                      0.019     0.707 r  clk_IBUF_BUFG_inst/O
    X2Y7 (CLOCK_ROOT)    net (fo=9797, routed)        1.515     2.222    clk_IBUF_BUFG
    SLICE_X101Y467       FDRE                                         r  c$ds_app_arg_reg[6473]/C
                         clock pessimism             -0.388     1.834    
    SLICE_X101Y467       FDRE (Hold_BFF_SLICEL_C_D)
                                                      0.046     1.880    c$ds_app_arg_reg[6473]
  -------------------------------------------------------------------
                         required time                         -1.880    
                         arrival time                           1.922    
  -------------------------------------------------------------------
                         slack                                  0.042    





Pulse Width Checks
--------------------------------------------------------------------------------------
Clock Name:         clk
Waveform(ns):       { 0.000 10.000 }
Period(ns):         20.000
Sources:            { clk }

Check Type        Corner  Lib Pin   Reference Pin  Required(ns)  Actual(ns)  Slack(ns)  Location       Pin
Min Period        n/a     BUFGCE/I  n/a            1.290         20.000      18.710     BUFGCE_X1Y216  clk_IBUF_BUFG_inst/I
Low Pulse Width   Slow    FDCE/C    n/a            0.275         10.000      9.725      SLICE_X74Y502  c$ds_app_arg_reg[0]/C
High Pulse Width  Slow    FDCE/C    n/a            0.275         10.000      9.725      SLICE_X74Y502  c$ds_app_arg_reg[0]/C



---------------------------------------------------------------------------------------------------
Path Group:  **async_default**
From Clock:  clk
  To Clock:  clk

Setup :            0  Failing Endpoints,  Worst Slack       14.625ns,  Total Violation        0.000ns
Hold  :            0  Failing Endpoints,  Worst Slack        0.267ns,  Total Violation        0.000ns
---------------------------------------------------------------------------------------------------


Max Delay Paths
--------------------------------------------------------------------------------------
Slack (MET) :             14.625ns  (required time - arrival time)
  Source:                 rst
                            (input port clocked by clk  {rise@0.000ns fall@10.000ns period=20.000ns})
  Destination:            c$ds_app_arg_reg[9744]/PRE
                            (recovery check against rising-edge clock clk  {rise@0.000ns fall@10.000ns period=20.000ns})
  Path Group:             **async_default**
  Path Type:              Recovery (Max at Slow Process Corner)
  Requirement:            20.000ns  (clk rise@20.000ns - clk rise@0.000ns)
  Data Path Delay:        6.082ns  (logic 0.700ns (11.503%)  route 5.383ns (88.497%))
  Logic Levels:           2  (IBUFCTRL=1 INBUF=1)
  Input Delay:            2.000ns
  Clock Path Skew:        2.808ns (DCD - SCD + CPR)
    Destination Clock Delay (DCD):    2.808ns = ( 22.808 - 20.000 ) 
    Source Clock Delay      (SCD):    0.000ns
    Clock Pessimism Removal (CPR):    0.000ns
  Clock Uncertainty:      0.035ns  ((TSJ^2 + TIJ^2)^1/2 + DJ) / 2 + PE
    Total System Jitter     (TSJ):    0.071ns
    Total Input Jitter      (TIJ):    0.000ns
    Discrete Jitter          (DJ):    0.000ns
    Phase Error              (PE):    0.000ns
  Clock Net Delay (Destination): 2.063ns (routing 1.312ns, distribution 0.751ns)

    Location             Delay type                Incr(ns)  Path(ns)    Netlist Resource(s)
  -------------------------------------------------------------------    -------------------
                         (clock clk rise edge)        0.000     0.000 r  
                         input delay                  2.000     2.000    
    BB9                                               0.000     2.000 f  rst (IN)
                         net (fo=0)                   0.000     2.000    rst_IBUF_inst/I
    BB9                  INBUF (Prop_INBUF_HPIOB_M_PAD_O)
                                                      0.700     2.700 f  rst_IBUF_inst/INBUF_INST/O
                         net (fo=1, routed)           0.000     2.700    rst_IBUF_inst/OUT
    BB9                  IBUFCTRL (Prop_IBUFCTRL_HPIOB_M_I_O)
                                                      0.000     2.700 f  rst_IBUF_inst/IBUFCTRL_INST/O
                         net (fo=533, routed)         5.383     8.082    rst_IBUF
    SLICE_X70Y438        FDPE                                         f  c$ds_app_arg_reg[9744]/PRE
  -------------------------------------------------------------------    -------------------

                         (clock clk rise edge)       20.000    20.000 r  
    BA9                                               0.000    20.000 r  clk (IN)
                         net (fo=0)                   0.000    20.000    clk_IBUF_inst/I
    BA9                  INBUF (Prop_INBUF_HPIOB_M_PAD_O)
                                                      0.435    20.435 r  clk_IBUF_inst/INBUF_INST/O
                         net (fo=1, routed)           0.000    20.435    clk_IBUF_inst/OUT
    BA9                  IBUFCTRL (Prop_IBUFCTRL_HPIOB_M_I_O)
                                                      0.000    20.435 r  clk_IBUF_inst/IBUFCTRL_INST/O
                         net (fo=1, routed)           0.286    20.721    clk_IBUF
    BUFGCE_X1Y216        BUFGCE (Prop_BUFCE_BUFGCE_I_O)
                                                      0.024    20.745 r  clk_IBUF_BUFG_inst/O
    X2Y7 (CLOCK_ROOT)    net (fo=9797, routed)        2.063    22.808    clk_IBUF_BUFG
    SLICE_X70Y438        FDPE                                         r  c$ds_app_arg_reg[9744]/C
                         clock pessimism              0.000    22.808    
                         clock uncertainty           -0.035    22.773    
    SLICE_X70Y438        FDPE (Recov_EFF_SLICEM_C_PRE)
                                                     -0.066    22.707    c$ds_app_arg_reg[9744]
  -------------------------------------------------------------------
                         required time                         22.707    
                         arrival time                          -8.082    
  -------------------------------------------------------------------
                         slack                                 14.625    





Min Delay Paths
--------------------------------------------------------------------------------------
Slack (MET) :             0.267ns  (arrival time - required time)
  Source:                 rst
                            (input port clocked by clk  {rise@0.000ns fall@10.000ns period=20.000ns})
  Destination:            c$ds_app_arg_reg[9532]/PRE
                            (removal check against rising-edge clock clk  {rise@0.000ns fall@10.000ns period=20.000ns})
  Path Group:             **async_default**
  Path Type:              Removal (Min at Slow Process Corner)
  Requirement:            0.000ns  (clk rise@0.000ns - clk rise@0.000ns)
  Data Path Delay:        1.708ns  (logic 0.448ns (26.218%)  route 1.260ns (73.782%))
  Logic Levels:           2  (IBUFCTRL=1 INBUF=1)
  Input Delay:            2.000ns
  Clock Path Skew:        3.473ns (DCD - SCD - CPR)
    Destination Clock Delay (DCD):    3.473ns
    Source Clock Delay      (SCD):    0.000ns
    Clock Pessimism Removal (CPR):    -0.000ns
  Clock Net Delay (Destination): 2.435ns (routing 1.442ns, distribution 0.993ns)

    Location             Delay type                Incr(ns)  Path(ns)    Netlist Resource(s)
  -------------------------------------------------------------------    -------------------
                         (clock clk rise edge)        0.000     0.000 r  
                         input delay                  2.000     2.000    
    BB9                                               0.000     2.000 f  rst (IN)
                         net (fo=0)                   0.000     2.000    rst_IBUF_inst/I
    BB9                  INBUF (Prop_INBUF_HPIOB_M_PAD_O)
                                                      0.448     2.448 f  rst_IBUF_inst/INBUF_INST/O
                         net (fo=1, routed)           0.000     2.448    rst_IBUF_inst/OUT
    BB9                  IBUFCTRL (Prop_IBUFCTRL_HPIOB_M_I_O)
                                                      0.000     2.448 f  rst_IBUF_inst/IBUFCTRL_INST/O
                         net (fo=533, routed)         1.260     3.708    rst_IBUF
    SLICE_X91Y519        FDPE                                         f  c$ds_app_arg_reg[9532]/PRE
  -------------------------------------------------------------------    -------------------

                         (clock clk rise edge)        0.000     0.000 r  
    BA9                                               0.000     0.000 r  clk (IN)
                         net (fo=0)                   0.000     0.000    clk_IBUF_inst/I
    BA9                  INBUF (Prop_INBUF_HPIOB_M_PAD_O)
                                                      0.687     0.687 r  clk_IBUF_inst/INBUF_INST/O
                         net (fo=1, routed)           0.000     0.687    clk_IBUF_inst/OUT
    BA9                  IBUFCTRL (Prop_IBUFCTRL_HPIOB_M_I_O)
                                                      0.000     0.687 r  clk_IBUF_inst/IBUFCTRL_INST/O
                         net (fo=1, routed)           0.323     1.010    clk_IBUF
    BUFGCE_X1Y216        BUFGCE (Prop_BUFCE_BUFGCE_I_O)
                                                      0.028     1.038 r  clk_IBUF_BUFG_inst/O
    X2Y7 (CLOCK_ROOT)    net (fo=9797, routed)        2.435     3.473    clk_IBUF_BUFG
    SLICE_X91Y519        FDPE                                         r  c$ds_app_arg_reg[9532]/C
                         clock pessimism              0.000     3.473    
    SLICE_X91Y519        FDPE (Remov_EFF_SLICEL_C_PRE)
                                                     -0.032     3.441    c$ds_app_arg_reg[9532]
  -------------------------------------------------------------------
                         required time                         -3.441    
                         arrival time                           3.708    
  -------------------------------------------------------------------
                         slack                                  0.267    





