Copyright 1986-2022 Xilinx, Inc. All Rights Reserved. Copyright 2022-2024 Advanced Micro Devices, Inc. All Rights Reserved.
--------------------------------------------------------------------------------------------------------------------------------------------------
| Tool Version      : Vivado v.2024.2 (lin64) Build 5239630 Fri Nov 08 22:34:34 MST 2024
| Date              : Mon Jan 26 14:47:18 2026
| Host              : ip-172-30-0-159 running 64-bit Ubuntu 24.04.1 LTS
| Command           : report_timing_summary -file timing_post_synth_chirho.rpt
| Design            : searchEngineChirho
| Device            : xcvu9p-flgb2104
| Speed File        : -2  PRODUCTION 1.28 03-30-2022
| Design State      : Synthesized
| Temperature Grade : I
--------------------------------------------------------------------------------------------------------------------------------------------------

Timing Summary Report

------------------------------------------------------------------------------------------------
| Timer Settings
| --------------
------------------------------------------------------------------------------------------------

  Enable Multi Corner Analysis               :  Yes
  Enable Pessimism Removal                   :  Yes
  Pessimism Removal Resolution               :  Nearest Common Node
  Enable Input Delay Default Clock           :  No
  Enable Preset / Clear Arcs                 :  No
  Disable Flight Delays                      :  No
  Ignore I/O Paths                           :  No
  Timing Early Launch at Borrowing Latches   :  No
  Borrow Time for Max Delay Exceptions       :  Yes
  Merge Timing Exceptions                    :  Yes
  Inter-SLR Compensation                     :  Conservative

  Corner  Analyze    Analyze    
  Name    Max Paths  Min Paths  
  ------  ---------  ---------  
  Slow    Yes        Yes        
  Fast    Yes        Yes        


------------------------------------------------------------------------------------------------
| Report Methodology
| ------------------
------------------------------------------------------------------------------------------------

No report available as report_methodology has not been run prior. Run report_methodology on the current design for the summary of methodology violations.



check_timing report

Table of Contents
-----------------
1. checking no_clock (0)
2. checking constant_clock (0)
3. checking pulse_width_clock (0)
4. checking unconstrained_internal_endpoints (0)
5. checking no_input_delay (0)
6. checking no_output_delay (0)
7. checking multiple_clock (0)
8. checking generated_clocks (0)
9. checking loops (0)
10. checking partial_input_delay (0)
11. checking partial_output_delay (0)
12. checking latch_loops (0)

1. checking no_clock (0)
------------------------
 There are 0 register/latch pins with no clock.


2. checking constant_clock (0)
------------------------------
 There are 0 register/latch pins with constant_clock.


3. checking pulse_width_clock (0)
---------------------------------
 There are 0 register/latch pins which need pulse_width check


4. checking unconstrained_internal_endpoints (0)
------------------------------------------------
 There are 0 pins that are not constrained for maximum delay.

 There are 0 pins that are not constrained for maximum delay due to constant clock.


5. checking no_input_delay (0)
------------------------------
 There are 0 input ports with no input delay specified.

 There are 0 input ports with no input delay but user has a false path constraint.


6. checking no_output_delay (0)
-------------------------------
 There are 0 ports with no output delay specified.

 There are 0 ports with no output delay but user has a false path constraint

 There are 0 ports with no output delay but with a timing clock defined on it or propagating through it


7. checking multiple_clock (0)
------------------------------
 There are 0 register/latch pins with multiple clocks.


8. checking generated_clocks (0)
--------------------------------
 There are 0 generated clocks that are not connected to a clock source.


9. checking loops (0)
---------------------
 There are 0 combinational loops in the design.


10. checking partial_input_delay (0)
------------------------------------
 There are 0 input ports with partial input delay specified.


11. checking partial_output_delay (0)
-------------------------------------
 There are 0 ports with partial output delay specified.


12. checking latch_loops (0)
----------------------------
 There are 0 combinational latch loops in the design through latch input



------------------------------------------------------------------------------------------------
| Design Timing Summary
| ---------------------
------------------------------------------------------------------------------------------------

    WNS(ns)      TNS(ns)  TNS Failing Endpoints  TNS Total Endpoints      WHS(ns)      THS(ns)  THS Failing Endpoints  THS Total Endpoints     WPWS(ns)     TPWS(ns)  TPWS Failing Endpoints  TPWS Total Endpoints  
    -------      -------  ---------------------  -------------------      -------      -------  ---------------------  -------------------     --------     --------  ----------------------  --------------------  
      9.773        0.000                      0                20108       -2.375   -45225.680                  19594                20108        9.725        0.000                       0                  9798  


Timing constraints are not met.


------------------------------------------------------------------------------------------------
| Clock Summary
| -------------
------------------------------------------------------------------------------------------------

Clock  Waveform(ns)       Period(ns)      Frequency(MHz)
-----  ------------       ----------      --------------
clk    {0.000 10.000}     20.000          50.000          


------------------------------------------------------------------------------------------------
| Intra Clock Table
| -----------------
------------------------------------------------------------------------------------------------

Clock             WNS(ns)      TNS(ns)  TNS Failing Endpoints  TNS Total Endpoints      WHS(ns)      THS(ns)  THS Failing Endpoints  THS Total Endpoints     WPWS(ns)     TPWS(ns)  TPWS Failing Endpoints  TPWS Total Endpoints  
-----             -------      -------  ---------------------  -------------------      -------      -------  ---------------------  -------------------     --------     --------  ----------------------  --------------------  
clk                 9.773        0.000                      0                20108       -2.375   -45225.680                  19594                20108        9.725        0.000                       0                  9798  


------------------------------------------------------------------------------------------------
| Inter Clock Table
| -----------------
------------------------------------------------------------------------------------------------

From Clock    To Clock          WNS(ns)      TNS(ns)  TNS Failing Endpoints  TNS Total Endpoints      WHS(ns)      THS(ns)  THS Failing Endpoints  THS Total Endpoints  
----------    --------          -------      -------  ---------------------  -------------------      -------      -------  ---------------------  -------------------  


------------------------------------------------------------------------------------------------
| Other Path Groups Table
| -----------------------
------------------------------------------------------------------------------------------------

Path Group    From Clock    To Clock          WNS(ns)      TNS(ns)  TNS Failing Endpoints  TNS Total Endpoints      WHS(ns)      THS(ns)  THS Failing Endpoints  THS Total Endpoints  
----------    ----------    --------          -------      -------  ---------------------  -------------------      -------      -------  ---------------------  -------------------  


------------------------------------------------------------------------------------------------
| Timing Details
| --------------
------------------------------------------------------------------------------------------------


---------------------------------------------------------------------------------------------------
From Clock:  clk
  To Clock:  clk

Setup :            0  Failing Endpoints,  Worst Slack        9.773ns,  Total Violation        0.000ns
Hold  :        19594  Failing Endpoints,  Worst Slack       -2.375ns,  Total Violation   -45225.679ns
PW    :            0  Failing Endpoints,  Worst Slack        9.725ns,  Total Violation        0.000ns
---------------------------------------------------------------------------------------------------


Max Delay Paths
--------------------------------------------------------------------------------------
Slack (MET) :             9.773ns  (required time - arrival time)
  Source:                 c$ds_app_arg_reg[9542]/C
                            (rising edge-triggered cell FDPE clocked by clk  {rise@0.000ns fall@10.000ns period=20.000ns})
  Destination:            respChirho[512]
                            (output port clocked by clk  {rise@0.000ns fall@10.000ns period=20.000ns})
  Path Group:             clk
  Path Type:              Max at Slow Process Corner
  Requirement:            20.000ns  (clk rise@20.000ns - clk rise@0.000ns)
  Data Path Delay:        5.700ns  (logic 2.521ns (44.232%)  route 3.179ns (55.768%))
  Logic Levels:           22  (CARRY8=9 LUT1=2 LUT2=2 LUT3=1 LUT5=1 LUT6=5 MUXF7=1 OBUF=1)
  Output Delay:           1.000ns
  Clock Path Skew:        -3.491ns (DCD - SCD + CPR)
    Destination Clock Delay (DCD):    0.000ns = ( 20.000 - 20.000 ) 
    Source Clock Delay      (SCD):    3.491ns
    Clock Pessimism Removal (CPR):    0.000ns
  Clock Uncertainty:      0.035ns  ((TSJ^2 + TIJ^2)^1/2 + DJ) / 2 + PE
    Total System Jitter     (TSJ):    0.071ns
    Total Input Jitter      (TIJ):    0.000ns
    Discrete Jitter          (DJ):    0.000ns
    Phase Error              (PE):    0.000ns

    Location             Delay type                Incr(ns)  Path(ns)    Netlist Resource(s)
  -------------------------------------------------------------------    -------------------
                         (clock clk rise edge)        0.000     0.000 r  
                                                      0.000     0.000 r  clk (IN)
                         net (fo=0)                   0.000     0.000    clk_IBUF_inst/I
                         INBUF (Prop_INBUF_PAD_O)     0.603     0.603 r  clk_IBUF_inst/INBUF_INST/O
                         net (fo=1, unplaced)         0.000     0.603    clk_IBUF_inst/OUT
                         IBUFCTRL (Prop_IBUFCTRL_I_O)
                                                      0.000     0.603 r  clk_IBUF_inst/IBUFCTRL_INST/O
                         net (fo=1, unplaced)         0.276     0.879    clk_IBUF
                         BUFGCE (Prop_BUFGCE_I_O)     0.028     0.907 r  clk_IBUF_BUFG_inst/O
                         net (fo=9797, unplaced)      2.584     3.491    clk_IBUF_BUFG
                         FDPE                                         r  c$ds_app_arg_reg[9542]/C
  -------------------------------------------------------------------    -------------------
                         FDPE (Prop_FDPE_C_Q)         0.077     3.568 f  c$ds_app_arg_reg[9542]/Q
                         net (fo=23, unplaced)        0.170     3.738    vecArray_0[3]__0[1]
                         LUT6 (Prop_LUT6_I0_O)        0.149     3.887 f  c$ds_app_arg[3417]_i_4/O
                         net (fo=1, unplaced)         0.024     3.911    c$ds_app_arg[3417]_i_4_n_0
                         MUXF7 (Prop_MUXF7_I0_O)      0.067     3.978 f  c$ds_app_arg_reg[3417]_i_3/O
                         net (fo=21, unplaced)        0.204     4.182    vecArray_0__0[1]
                         LUT1 (Prop_LUT1_I0_O)        0.037     4.219 r  respChirho_OBUF[455]_inst_i_19/O
                         net (fo=1, unplaced)         0.023     4.242    respChirho_OBUF[455]_inst_i_19_n_0
                         CARRY8 (Prop_CARRY8_S[1]_CO[7])
                                                      0.197     4.439 r  respChirho_OBUF[455]_inst_i_8/CO[7]
                         net (fo=1, unplaced)         0.005     4.444    respChirho_OBUF[455]_inst_i_8_n_0
                         CARRY8 (Prop_CARRY8_CI_CO[7])
                                                      0.022     4.466 r  respChirho_OBUF[463]_inst_i_8/CO[7]
                         net (fo=1, unplaced)         0.005     4.471    respChirho_OBUF[463]_inst_i_8_n_0
                         CARRY8 (Prop_CARRY8_CI_O[6])
                                                      0.103     4.574 f  respChirho_OBUF[471]_inst_i_8/O[6]
                         net (fo=1, unplaced)         0.153     4.727    ds40[22]
                         LUT2 (Prop_LUT2_I1_O)        0.070     4.797 f  respChirho_OBUF[470]_inst_i_8/O
                         net (fo=9, unplaced)         0.228     5.025    ds4[22]
                         LUT6 (Prop_LUT6_I0_O)        0.038     5.063 f  respChirho_OBUF[22]_inst_i_4/O
                         net (fo=1, unplaced)         0.197     5.260    respChirho_OBUF[22]_inst_i_4_n_0
                         LUT6 (Prop_LUT6_I0_O)        0.038     5.298 f  respChirho_OBUF[22]_inst_i_2/O
                         net (fo=1, unplaced)         0.197     5.495    respChirho_OBUF[22]_inst_i_2_n_0
                         LUT6 (Prop_LUT6_I0_O)        0.038     5.533 f  respChirho_OBUF[22]_inst_i_1/O
                         net (fo=6, unplaced)         0.219     5.752    respChirho_OBUF[22]
                         LUT1 (Prop_LUT1_I0_O)        0.037     5.789 r  respChirho_OBUF[512]_inst_i_739/O
                         net (fo=1, unplaced)         0.029     5.818    respChirho_OBUF[512]_inst_i_739_n_0
                         CARRY8 (Prop_CARRY8_S[5]_CO[7])
                                                      0.166     5.984 r  respChirho_OBUF[512]_inst_i_448/CO[7]
                         net (fo=1, unplaced)         0.005     5.989    respChirho_OBUF[512]_inst_i_448_n_0
                         CARRY8 (Prop_CARRY8_CI_CO[7])
                                                      0.022     6.011 r  respChirho_OBUF[512]_inst_i_447/CO[7]
                         net (fo=1, unplaced)         0.005     6.016    respChirho_OBUF[512]_inst_i_447_n_0
                         CARRY8 (Prop_CARRY8_CI_CO[7])
                                                      0.022     6.038 r  respChirho_OBUF[512]_inst_i_446/CO[7]
                         net (fo=1, unplaced)         0.005     6.043    respChirho_OBUF[512]_inst_i_446_n_0
                         CARRY8 (Prop_CARRY8_CI_O[1])
                                                      0.076     6.119 f  respChirho_OBUF[512]_inst_i_216/O[1]
                         net (fo=1, unplaced)         0.154     6.273    map[0].map_out2[42]
                         LUT2 (Prop_LUT2_I0_O)        0.038     6.311 r  respChirho_OBUF[512]_inst_i_445/O
                         net (fo=1, unplaced)         0.197     6.508    respChirho_OBUF[512]_inst_i_445_n_0
                         LUT6 (Prop_LUT6_I5_O)        0.037     6.545 r  respChirho_OBUF[512]_inst_i_207/O
                         net (fo=1, unplaced)         0.023     6.568    respChirho_OBUF[512]_inst_i_207_n_0
                         CARRY8 (Prop_CARRY8_S[6]_CO[7])
                                                      0.124     6.692 r  respChirho_OBUF[512]_inst_i_70/CO[7]
                         net (fo=1, unplaced)         0.005     6.697    respChirho_OBUF[512]_inst_i_70_n_0
                         CARRY8 (Prop_CARRY8_CI_CO[5])
                                                      0.077     6.774 r  respChirho_OBUF[512]_inst_i_12/CO[5]
                         net (fo=1, unplaced)         0.171     6.945    map[0].map_out0
                         LUT5 (Prop_LUT5_I2_O)        0.053     6.998 r  respChirho_OBUF[512]_inst_i_3/O
                         net (fo=1, unplaced)         0.152     7.150    respChirho_OBUF[512]_inst_i_3_n_0
                         LUT3 (Prop_LUT3_I1_O)        0.053     7.203 r  respChirho_OBUF[512]_inst_i_1/O
                         net (fo=1, unplaced)         1.008     8.211    respChirho_OBUF[512]
                         OBUF (Prop_OBUF_I_O)         0.980     9.192 r  respChirho_OBUF[512]_inst/O
                         net (fo=0)                   0.000     9.192    respChirho[512]
                                                                      r  respChirho[512] (OUT)
  -------------------------------------------------------------------    -------------------

                         (clock clk rise edge)       20.000    20.000 r  
                         clock pessimism              0.000    20.000    
                         clock uncertainty           -0.035    19.965    
                         output delay                -1.000    18.965    
  -------------------------------------------------------------------
                         required time                         18.965    
                         arrival time                          -9.192    
  -------------------------------------------------------------------
                         slack                                  9.773    





Min Delay Paths
--------------------------------------------------------------------------------------
Slack (VIOLATED) :        -2.375ns  (arrival time - required time)
  Source:                 cmdChirho[67]
                            (input port clocked by clk  {rise@0.000ns fall@10.000ns period=20.000ns})
  Destination:            c$ds_app_arg_reg[0]/D
                            (rising edge-triggered cell FDCE clocked by clk  {rise@0.000ns fall@10.000ns period=20.000ns})
  Path Group:             clk
  Path Type:              Hold (Min at Slow Process Corner)
  Requirement:            0.000ns  (clk rise@0.000ns - clk rise@0.000ns)
  Data Path Delay:        1.177ns  (logic 0.409ns (34.727%)  route 0.768ns (65.273%))
  Logic Levels:           4  (IBUFCTRL=1 INBUF=1 LUT4=1 MUXF7=1)
  Input Delay:            0.000ns
  Clock Path Skew:        3.491ns (DCD - SCD - CPR)
    Destination Clock Delay (DCD):    3.491ns
    Source Clock Delay      (SCD):    0.000ns
    Clock Pessimism Removal (CPR):    -0.000ns

    Location             Delay type                Incr(ns)  Path(ns)    Netlist Resource(s)
  -------------------------------------------------------------------    -------------------
                         (clock clk rise edge)        0.000     0.000 r  
                         input delay                  0.000     0.000    
                                                      0.000     0.000 r  cmdChirho[67] (IN)
                         net (fo=0)                   0.000     0.000    cmdChirho_IBUF[67]_inst/I
                         INBUF (Prop_INBUF_PAD_O)     0.353     0.353 r  cmdChirho_IBUF[67]_inst/INBUF_INST/O
                         net (fo=1, unplaced)         0.000     0.353    cmdChirho_IBUF[67]_inst/OUT
                         IBUFCTRL (Prop_IBUFCTRL_I_O)
                                                      0.000     0.353 r  cmdChirho_IBUF[67]_inst/IBUFCTRL_INST/O
                         net (fo=9876, unplaced)      0.746     1.099    cmdChirho_IBUF[67]
                         LUT4 (Prop_LUT4_I2_O)        0.036     1.135 r  c$ds_app_arg[0]_i_3/O
                         net (fo=1, unplaced)         0.012     1.147    c$ds_app_arg[0]_i_3_n_0
                         MUXF7 (Prop_MUXF7_I1_O)      0.020     1.167 r  c$ds_app_arg_reg[0]_i_1/O
                         net (fo=1, unplaced)         0.010     1.177    stChirho'[0]
                         FDCE                                         r  c$ds_app_arg_reg[0]/D
  -------------------------------------------------------------------    -------------------

                         (clock clk rise edge)        0.000     0.000 r  
                                                      0.000     0.000 r  clk (IN)
                         net (fo=0)                   0.000     0.000    clk_IBUF_inst/I
                         INBUF (Prop_INBUF_PAD_O)     0.603     0.603 r  clk_IBUF_inst/INBUF_INST/O
                         net (fo=1, unplaced)         0.000     0.603    clk_IBUF_inst/OUT
                         IBUFCTRL (Prop_IBUFCTRL_I_O)
                                                      0.000     0.603 r  clk_IBUF_inst/IBUFCTRL_INST/O
                         net (fo=1, unplaced)         0.276     0.879    clk_IBUF
                         BUFGCE (Prop_BUFGCE_I_O)     0.028     0.907 r  clk_IBUF_BUFG_inst/O
                         net (fo=9797, unplaced)      2.584     3.491    clk_IBUF_BUFG
                         FDCE                                         r  c$ds_app_arg_reg[0]/C
                         clock pessimism              0.000     3.491    
                         FDCE (Hold_FDCE_C_D)         0.060     3.551    c$ds_app_arg_reg[0]
  -------------------------------------------------------------------
                         required time                         -3.551    
                         arrival time                           1.177    
  -------------------------------------------------------------------
                         slack                                 -2.375    





Pulse Width Checks
--------------------------------------------------------------------------------------
Clock Name:         clk
Waveform(ns):       { 0.000 10.000 }
Period(ns):         20.000
Sources:            { clk }

Check Type        Corner  Lib Pin   Reference Pin  Required(ns)  Actual(ns)  Slack(ns)  Location  Pin
Min Period        n/a     BUFGCE/I  n/a            1.290         20.000      18.710               clk_IBUF_BUFG_inst/I
Low Pulse Width   Slow    FDCE/C    n/a            0.275         10.000      9.725                c$ds_app_arg_reg[0]/C
High Pulse Width  Slow    FDCE/C    n/a            0.275         10.000      9.725                c$ds_app_arg_reg[0]/C



