Copyright 1986-2022 Xilinx, Inc. All Rights Reserved. Copyright 2022-2024 Advanced Micro Devices, Inc. All Rights Reserved.
---------------------------------------------------------------------------------------------------------------------------------------------
| Tool Version : Vivado v.2024.2 (lin64) Build 5239630 Fri Nov 08 22:34:34 MST 2024
| Date         : Mon Jan 26 14:31:14 2026
| Host         : ip-172-30-0-109 running 64-bit Ubuntu 24.04.1 LTS
| Command      : report_utilization -hierarchical -file utilization_hierarchical_chirho.rpt
| Design       : searchEngineChirho
| Device       : xcvu9p-flgb2104-2-i
| Speed File   : -2
| Design State : Routed
---------------------------------------------------------------------------------------------------------------------------------------------

Utilization Design Information

Table of Contents
-----------------
1. Utilization by Hierarchy

1. Utilization by Hierarchy
---------------------------

+--------------------+--------+------------+------------+---------+------+------+--------+--------+------+------------+
|      Instance      | Module | Total LUTs | Logic LUTs | LUTRAMs | SRLs |  FFs | RAMB36 | RAMB18 | URAM | DSP Blocks |
+--------------------+--------+------------+------------+---------+------+------+--------+--------+------+------------+
| searchEngineChirho |  (top) |      21310 |      21310 |       0 |    0 | 9797 |      0 |      0 |    0 |          0 |
+--------------------+--------+------------+------------+---------+------+------+--------+--------+------+------------+
* Note: The sum of lower-level cells may be larger than their parent cells total, due to cross-hierarchy LUT combining


